Training with CNNTD3 on cuda for 60 epochs, reward=sparse
2026-07-08 17:50 | WARNING  | The state dimension 4 of r0 is larger than the desired dimension 3, the state dimension is truncated
2026-07-08 17:50 | INFO     | Simulation environment 'robot_world' started. Step time 0.300 s.
2026-07-08 17:50 | WARNING  | robot_0 collided with obstacle_5 at state [4.03, 1.78, -0.16]
2026-07-08 17:50 | WARNING  | robot_0 collided with obstacle_1 at state [5.6, 8.15, -0.3]
2026-07-08 17:50 | WARNING  | robot_0 collided with obstacle_5 at state [5.54, 5.72, -0.37]
2026-07-08 17:51 | WARNING  | robot_0 collided with obstacle_2 at state [2.51, 5.18, -0.31]
2026-07-08 17:51 | WARNING  | robot_0 collided with obstacle_3 at state [5.32, 8.19, 0.1]
2026-07-08 17:51 | WARNING  | robot_0 collided with obstacle_4 at state [6.43, 6.66, -1.65]
2026-07-08 17:51 | WARNING  | robot_0 collided with obstacle_4 at state [2.92, 2.31, 0.95]
2026-07-08 17:51 | WARNING  | robot_0 collided with obstacle_3 at state [8.77, 6.79, 0.22]
2026-07-08 17:51 | WARNING  | robot_0 collided with obstacle_2 at state [1.87, 6.39, -0.53]
2026-07-08 17:51 | WARNING  | robot_0 collided with obstacle_1 at state [2.97, 8.71, -2.8]
2026-07-08 17:51 | WARNING  | robot_0 collided with obstacle_3 at state [7.31, 4.93, 1.98]
2026-07-08 17:52 | WARNING  | robot_0 collided with obstacle_6 at state [3.11, 1.59, 1.56]
2026-07-08 17:52 | WARNING  | robot_0 collided with obstacle_5 at state [6.26, 1.95, 0.53]
2026-07-08 17:52 | WARNING  | robot_0 collided with obstacle_2 at state [4.69, 6.13, 0.13]
2026-07-08 17:52 | WARNING  | robot_0 collided with obstacle_6 at state [6.08, 2.68, 0.58]
2026-07-08 17:52 | WARNING  | robot_0 collided with obstacle_6 at state [8.61, 4.28, 2.28]
2026-07-08 17:53 | WARNING  | robot_0 collided with obstacle_5 at state [2.18, 2.24, -0.27]
2026-07-08 17:53 | WARNING  | robot_0 collided with obstacle_3 at state [4.17, 7.17, -2.82]
2026-07-08 17:53 | WARNING  | robot_0 collided with obstacle_7 at state [6.5, 5.4, 2.72]
2026-07-08 17:53 | WARNING  | robot_0 collided with obstacle_1 at state [3.08, 9.02, -2.67]
2026-07-08 17:53 | WARNING  | robot_0 collided with obstacle_2 at state [2.47, 2.2, -0.67]
2026-07-08 17:54 | WARNING  | robot_0 collided with obstacle_3 at state [7.99, 6.87, 2.18]
2026-07-08 17:54 | WARNING  | robot_0 collided with obstacle_4 at state [6.61, 7.04, -2.55]
2026-07-08 17:54 | WARNING  | robot_0 collided with obstacle_2 at state [4.0, 8.14, -2.51]
..............................................
Epoch 1. Evaluating scenarios
2026-07-08 17:55 | WARNING  | robot_0 collided with obstacle_2 at state [6.5, 8.27, 3.0]
Average Reward: -10.0
Average Collision rate: 0.1
Average Goal rate: 0.0
..............................................
2026-07-08 17:56 | WARNING  | robot_0 collided with obstacle_3 at state [3.56, 1.64, 1.11]
2026-07-08 17:56 | WARNING  | robot_0 collided with obstacle_2 at state [7.94, 2.42, -1.39]
2026-07-08 17:56 | WARNING  | robot_0 collided with obstacle_3 at state [7.3, 1.26, -1.14]
2026-07-08 17:56 | WARNING  | robot_0 collided with obstacle_3 at state [3.96, 6.33, -2.81]
2026-07-08 17:56 | WARNING  | robot_0 collided with obstacle_2 at state [8.23, 7.86, -2.52]
2026-07-08 17:58 | WARNING  | robot_0 collided with obstacle_3 at state [3.05, 4.35, -3.11]
2026-07-08 17:58 | WARNING  | robot_0 collided with obstacle_3 at state [1.44, 6.1, -2.09]
2026-07-08 17:59 | WARNING  | robot_0 collided with obstacle_3 at state [7.94, 8.43, 0.76]
2026-07-08 17:59 | WARNING  | robot_0 collided with obstacle_3 at state [7.66, 4.89, -1.46]
2026-07-08 18:00 | WARNING  | robot_0 collided with obstacle_3 at state [6.66, 7.65, 2.69]
2026-07-08 18:00 | WARNING  | robot_0 collided with obstacle_1 at state [5.84, 2.1, 0.3]
2026-07-08 18:00 | WARNING  | robot_0 collided with obstacle_2 at state [6.56, 8.02, -1.98]
..............................................
Epoch 2. Evaluating scenarios
2026-07-08 18:01 | WARNING  | robot_0 collided with obstacle_4 at state [3.04, 6.95, -0.16]
Average Reward: -10.0
Average Collision rate: 0.1
Average Goal rate: 0.0
..............................................
2026-07-08 18:02 | WARNING  | robot_0 collided with obstacle_3 at state [6.13, 6.51, -3.13]
2026-07-08 18:03 | WARNING  | robot_0 collided with obstacle_4 at state [8.01, 4.89, -1.65]
2026-07-08 18:03 | WARNING  | robot_0 collided with obstacle_6 at state [1.71, 5.24, -0.93]
2026-07-08 18:03 | WARNING  | robot_0 collided with obstacle_2 at state [6.48, 5.21, -0.33]
2026-07-08 18:03 | WARNING  | robot_0 collided with obstacle_7 at state [5.62, 2.77, 2.54]
2026-07-08 18:03 | WARNING  | robot_0 collided with obstacle_2 at state [6.27, 4.1, 0.1]
2026-07-08 18:04 | WARNING  | robot_0 collided with obstacle_7 at state [5.49, 5.53, 0.02]
2026-07-08 18:04 | WARNING  | robot_0 collided with obstacle_1 at state [0.88, 7.82, -2.24]
2026-07-08 18:04 | WARNING  | robot_0 collided with obstacle_6 at state [2.5, 2.82, 0.7]
2026-07-08 18:05 | WARNING  | robot_0 collided with obstacle_7 at state [3.15, 2.53, -0.94]
2026-07-08 18:05 | WARNING  | robot_0 collided with obstacle_3 at state [1.36, 7.73, 0.04]
2026-07-08 18:05 | WARNING  | robot_0 collided with obstacle_3 at state [7.24, 2.33, 0.44]
2026-07-08 18:05 | WARNING  | robot_0 collided with obstacle_1 at state [4.73, 1.78, 0.74]
2026-07-08 18:05 | WARNING  | robot_0 collided with obstacle_1 at state [6.46, 5.97, -2.89]
2026-07-08 18:05 | WARNING  | robot_0 collided with obstacle_7 at state [5.97, 5.89, -2.09]
2026-07-08 18:05 | WARNING  | robot_0 collided with obstacle_3 at state [3.13, 2.78, -1.51]
2026-07-08 18:05 | WARNING  | robot_0 collided with obstacle_3 at state [5.45, 5.02, -1.84]
2026-07-08 18:05 | WARNING  | robot_0 collided with obstacle_3 at state [3.86, 4.13, 0.85]
2026-07-08 18:05 | WARNING  | robot_0 collided with obstacle_3 at state [7.61, 7.24, -2.38]
2026-07-08 18:05 | WARNING  | robot_0 collided with obstacle_7 at state [6.5, 8.01, -2.17]
2026-07-08 18:05 | WARNING  | robot_0 collided with obstacle_1 at state [5.9, 1.92, 1.88]
2026-07-08 18:05 | WARNING  | robot_0 collided with obstacle_3 at state [5.27, 3.51, 2.52]
2026-07-08 18:05 | WARNING  | robot_0 collided with obstacle_3 at state [6.25, 4.02, 2.39]
2026-07-08 18:06 | WARNING  | robot_0 collided with obstacle_3 at state [3.1, 5.71, 2.4]
2026-07-08 18:06 | WARNING  | robot_0 collided with obstacle_1 at state [3.07, 6.92, -1.0]
2026-07-08 18:06 | WARNING  | robot_0 collided with obstacle_1 at state [4.82, 4.82, 0.24]
..............................................
Epoch 3. Evaluating scenarios
2026-07-08 18:06 | WARNING  | robot_0 collided with obstacle_1 at state [2.74, 6.09, 1.42]
2026-07-08 18:07 | WARNING  | robot_0 collided with obstacle_3 at state [2.46, 4.17, 0.0]
2026-07-08 18:07 | WARNING  | robot_0 collided with obstacle_3 at state [2.89, 3.74, 2.08]
2026-07-08 18:07 | WARNING  | robot_0 collided with obstacle_1 at state [4.75, 4.71, 0.3]
Average Reward: -40.0
Average Collision rate: 0.4
Average Goal rate: 0.0
..............................................
2026-07-08 18:07 | WARNING  | robot_0 collided with obstacle_3 at state [2.26, 6.37, 0.76]
2026-07-08 18:08 | WARNING  | robot_0 collided with obstacle_6 at state [3.84, 4.41, -1.99]
2026-07-08 18:08 | WARNING  | robot_0 collided with obstacle_2 at state [1.47, 7.98, -0.19]
2026-07-08 18:09 | WARNING  | robot_0 collided with obstacle_1 at state [4.28, 3.28, -1.01]
2026-07-08 18:09 | WARNING  | robot_0 collided with obstacle_3 at state [3.59, 3.14, -2.79]
2026-07-08 18:10 | WARNING  | robot_0 collided with obstacle_2 at state [8.22, 4.92, 0.22]
2026-07-08 18:10 | WARNING  | robot_0 collided with obstacle_7 at state [4.47, 3.71, 2.41]
2026-07-08 18:11 | WARNING  | robot_0 collided with obstacle_4 at state [2.08, 5.3, 0.35]
2026-07-08 18:11 | WARNING  | robot_0 collided with obstacle_2 at state [4.11, 5.6, 0.97]
2026-07-08 18:11 | WARNING  | robot_0 collided with obstacle_1 at state [2.87, 7.38, 0.0]
..............................................
Epoch 4. Evaluating scenarios
2026-07-08 18:12 | WARNING  | robot_0 collided with obstacle_3 at state [1.14, 5.02, 2.03]
2026-07-08 18:13 | WARNING  | robot_0 collided with obstacle_3 at state [6.36, 4.87, 1.82]
Average Reward: -20.0
Average Collision rate: 0.2
Average Goal rate: 0.0
..............................................
2026-07-08 18:13 | WARNING  | robot_0 collided with obstacle_3 at state [5.81, 8.18, 0.55]
2026-07-08 18:13 | WARNING  | robot_0 collided with obstacle_1 at state [1.06, 3.18, -1.55]
2026-07-08 18:13 | WARNING  | robot_0 collided with obstacle_3 at state [7.79, 3.26, 0.46]
2026-07-08 18:14 | WARNING  | robot_0 collided with obstacle_2 at state [3.76, 6.55, -0.72]
2026-07-08 18:14 | WARNING  | robot_0 collided with obstacle_4 at state [4.88, 8.5, 0.48]
2026-07-08 18:14 | WARNING  | robot_0 collided with obstacle_2 at state [3.47, 8.38, -0.46]
2026-07-08 18:14 | WARNING  | robot_0 collided with obstacle_3 at state [6.92, 7.45, -0.11]
2026-07-08 18:15 | WARNING  | robot_0 collided with obstacle_2 at state [3.73, 7.93, 1.15]
2026-07-08 18:15 | WARNING  | robot_0 collided with obstacle_3 at state [8.58, 5.54, -1.72]
2026-07-08 18:15 | WARNING  | robot_0 collided with obstacle_2 at state [5.2, 3.85, 1.13]
2026-07-08 18:15 | WARNING  | robot_0 collided with obstacle_4 at state [4.01, 3.14, 0.83]
2026-07-08 18:16 | WARNING  | robot_0 collided with obstacle_4 at state [5.17, 6.26, -0.55]
2026-07-08 18:16 | WARNING  | robot_0 collided with obstacle_3 at state [1.94, 5.36, 1.08]
2026-07-08 18:16 | WARNING  | robot_0 collided with obstacle_1 at state [6.08, 8.57, -0.2]
2026-07-08 18:17 | WARNING  | robot_0 collided with obstacle_2 at state [5.34, 6.86, 2.79]
2026-07-08 18:17 | WARNING  | robot_0 collided with obstacle_6 at state [4.46, 2.02, 0.29]
2026-07-08 18:17 | WARNING  | robot_0 collided with obstacle_3 at state [4.63, 2.12, 2.77]
2026-07-08 18:17 | WARNING  | robot_0 collided with obstacle_3 at state [2.74, 7.66, 2.82]
2026-07-08 18:17 | WARNING  | robot_0 collided with obstacle_7 at state [3.0, 4.43, 1.25]
2026-07-08 18:17 | WARNING  | robot_0 collided with obstacle_1 at state [7.76, 5.23, 2.14]
2026-07-08 18:17 | WARNING  | robot_0 collided with obstacle_3 at state [4.56, 3.37, -0.37]
..............................................
Epoch 5. Evaluating scenarios
2026-07-08 18:18 | WARNING  | robot_0 collided with obstacle_4 at state [6.85, 7.66, -2.1]
2026-07-08 18:18 | WARNING  | robot_0 collided with obstacle_3 at state [5.31, 3.56, 1.82]
2026-07-08 18:18 | WARNING  | robot_0 collided with obstacle_3 at state [8.57, 4.76, -0.3]
Average Reward: -10.0
Average Collision rate: 0.3
Average Goal rate: 0.2
..............................................
2026-07-08 18:19 | WARNING  | robot_0 collided with obstacle_2 at state [4.97, 3.85, 0.09]
2026-07-08 18:19 | WARNING  | robot_0 collided with obstacle_3 at state [5.87, 4.94, -2.56]
2026-07-08 18:19 | WARNING  | robot_0 collided with obstacle_3 at state [8.25, 5.89, -0.99]
2026-07-08 18:19 | WARNING  | robot_0 collided with obstacle_1 at state [7.7, 5.33, -1.56]
2026-07-08 18:20 | WARNING  | robot_0 collided with obstacle_3 at state [5.33, 6.78, 0.02]
2026-07-08 18:20 | WARNING  | robot_0 collided with obstacle_3 at state [8.86, 8.39, 0.38]
2026-07-08 18:21 | WARNING  | robot_0 collided with obstacle_3 at state [5.38, 2.98, 1.36]
2026-07-08 18:21 | WARNING  | robot_0 collided with obstacle_3 at state [7.47, 8.39, 2.42]
2026-07-08 18:21 | WARNING  | robot_0 collided with obstacle_1 at state [4.09, 4.5, -0.07]
2026-07-08 18:21 | WARNING  | robot_0 collided with obstacle_1 at state [1.26, 5.27, 1.66]
2026-07-08 18:21 | WARNING  | robot_0 collided with obstacle_3 at state [7.5, 6.78, 1.32]
2026-07-08 18:22 | WARNING  | robot_0 collided with obstacle_1 at state [4.6, 3.56, 2.3]
2026-07-08 18:22 | WARNING  | robot_0 collided with obstacle_1 at state [4.63, 6.81, -3.12]
2026-07-08 18:22 | WARNING  | robot_0 collided with obstacle_3 at state [3.95, 8.93, 0.6]
2026-07-08 18:22 | WARNING  | robot_0 collided with obstacle_1 at state [8.67, 6.39, -0.3]
..............................................
Epoch 6. Evaluating scenarios
2026-07-08 18:23 | WARNING  | robot_0 collided with obstacle_3 at state [8.84, 6.37, -1.82]
2026-07-08 18:24 | WARNING  | robot_0 collided with obstacle_1 at state [7.0, 5.45, -0.09]
Average Reward: 0.0
Average Collision rate: 0.2
Average Goal rate: 0.2
..............................................
2026-07-08 18:24 | WARNING  | robot_0 collided with obstacle_3 at state [2.5, 4.15, 2.49]
2026-07-08 18:24 | WARNING  | robot_0 collided with obstacle_4 at state [6.74, 4.85, 0.57]
2026-07-08 18:24 | WARNING  | robot_0 collided with obstacle_3 at state [9.05, 7.72, -1.39]
2026-07-08 18:25 | WARNING  | robot_0 collided with obstacle_1 at state [1.23, 3.75, -3.07]
2026-07-08 18:25 | WARNING  | robot_0 collided with obstacle_1 at state [3.85, 7.41, 1.36]
2026-07-08 18:26 | WARNING  | robot_0 collided with obstacle_3 at state [7.05, 6.73, 0.16]
2026-07-08 18:27 | WARNING  | robot_0 collided with obstacle_1 at state [9.05, 5.86, -1.02]
2026-07-08 18:27 | WARNING  | robot_0 collided with obstacle_6 at state [9.11, 6.23, -1.13]
2026-07-08 18:28 | WARNING  | robot_0 collided with obstacle_2 at state [6.07, 7.14, -1.91]
..............................................
Epoch 7. Evaluating scenarios
2026-07-08 18:30 | WARNING  | robot_0 collided with obstacle_1 at state [8.5, 6.16, 0.03]
2026-07-08 18:30 | WARNING  | robot_0 collided with obstacle_2 at state [5.51, 3.34, -1.88]
Average Reward: -20.0
Average Collision rate: 0.2
Average Goal rate: 0.0
..............................................
2026-07-08 18:30 | WARNING  | robot_0 collided with obstacle_2 at state [2.52, 8.0, 1.43]
2026-07-08 18:30 | WARNING  | robot_0 collided with obstacle_3 at state [8.1, 6.59, -2.09]
2026-07-08 18:31 | WARNING  | robot_0 collided with obstacle_3 at state [7.05, 7.98, 3.08]
2026-07-08 18:31 | WARNING  | robot_0 collided with obstacle_3 at state [7.9, 8.28, 1.42]
2026-07-08 18:31 | WARNING  | robot_0 collided with obstacle_3 at state [6.69, 4.03, 0.41]
2026-07-08 18:32 | WARNING  | robot_0 collided with obstacle_1 at state [7.61, 4.93, -0.6]
2026-07-08 18:32 | WARNING  | robot_0 collided with obstacle_2 at state [8.82, 1.93, 1.42]
2026-07-08 18:32 | WARNING  | robot_0 collided with obstacle_2 at state [7.78, 7.25, -2.65]
2026-07-08 18:32 | WARNING  | robot_0 collided with obstacle_3 at state [5.55, 5.3, -1.22]
2026-07-08 18:33 | WARNING  | robot_0 collided with obstacle_1 at state [8.13, 6.15, 0.6]
2026-07-08 18:33 | WARNING  | robot_0 collided with obstacle_2 at state [7.66, 6.72, -1.82]
2026-07-08 18:34 | WARNING  | robot_0 collided with obstacle_3 at state [5.99, 1.61, -0.0]
2026-07-08 18:35 | WARNING  | robot_0 collided with obstacle_4 at state [5.96, 1.41, -1.29]
..............................................
Epoch 8. Evaluating scenarios
Average Reward: 30.0
Average Collision rate: 0.0
Average Goal rate: 0.3
..............................................
2026-07-08 18:37 | WARNING  | robot_0 collided with obstacle_1 at state [5.39, 5.77, -2.02]
2026-07-08 18:37 | WARNING  | robot_0 collided with obstacle_1 at state [3.64, 6.52, -0.67]
2026-07-08 18:37 | WARNING  | robot_0 collided with obstacle_2 at state [7.1, 5.44, -0.95]
2026-07-08 18:37 | WARNING  | robot_0 collided with obstacle_1 at state [4.42, 5.67, 2.61]
2026-07-08 18:40 | WARNING  | robot_0 collided with obstacle_3 at state [4.49, 1.05, -0.96]
2026-07-08 18:40 | WARNING  | robot_0 collided with obstacle_2 at state [5.93, 4.51, -0.05]
2026-07-08 18:40 | WARNING  | robot_0 collided with obstacle_2 at state [7.65, 4.01, -0.04]
2026-07-08 18:40 | WARNING  | robot_0 collided with obstacle_4 at state [2.22, 6.54, 0.14]
..............................................
Epoch 9. Evaluating scenarios
2026-07-08 18:42 | WARNING  | robot_0 collided with obstacle_2 at state [5.62, 1.11, 2.35]
2026-07-08 18:42 | WARNING  | robot_0 collided with obstacle_3 at state [8.07, 6.38, 2.11]
2026-07-08 18:42 | WARNING  | robot_0 collided with obstacle_1 at state [3.99, 2.83, -0.6]
Average Reward: -20.0
Average Collision rate: 0.3
Average Goal rate: 0.1
..............................................
2026-07-08 18:44 | WARNING  | robot_0 collided with obstacle_2 at state [7.68, 6.99, 0.36]
2026-07-08 18:44 | WARNING  | robot_0 collided with obstacle_1 at state [4.27, 6.87, 2.64]
2026-07-08 18:44 | WARNING  | robot_0 collided with obstacle_1 at state [7.06, 1.2, -0.64]
2026-07-08 18:45 | WARNING  | robot_0 collided with obstacle_2 at state [2.9, 5.99, 0.76]
2026-07-08 18:46 | WARNING  | robot_0 collided with obstacle_2 at state [6.27, 4.79, 2.39]
2026-07-08 18:46 | WARNING  | robot_0 collided with obstacle_3 at state [6.19, 5.23, 2.69]
2026-07-08 18:46 | WARNING  | robot_0 collided with obstacle_2 at state [1.6, 8.82, -0.32]
2026-07-08 18:46 | WARNING  | robot_0 collided with obstacle_4 at state [5.74, 4.51, -1.79]
2026-07-08 18:46 | WARNING  | robot_0 collided with obstacle_6 at state [4.69, 4.66, -0.83]
2026-07-08 18:47 | WARNING  | robot_0 collided with obstacle_2 at state [4.29, 4.18, 0.62]
..............................................
Epoch 10. Evaluating scenarios
Average Reward: 80.0
Average Collision rate: 0.0
Average Goal rate: 0.8
..............................................
2026-07-08 18:48 | WARNING  | robot_0 collided with obstacle_2 at state [8.05, 5.7, 2.41]
2026-07-08 18:48 | WARNING  | robot_0 collided with obstacle_3 at state [4.33, 1.63, -0.96]
2026-07-08 18:49 | WARNING  | robot_0 collided with obstacle_3 at state [8.76, 5.48, -2.3]
2026-07-08 18:49 | WARNING  | robot_0 collided with obstacle_1 at state [5.15, 3.67, -1.03]
2026-07-08 18:49 | WARNING  | robot_0 collided with obstacle_4 at state [9.04, 8.18, -1.04]
2026-07-08 18:49 | WARNING  | robot_0 collided with obstacle_2 at state [6.47, 6.61, -1.01]
2026-07-08 18:50 | WARNING  | robot_0 collided with obstacle_1 at state [8.17, 6.06, 3.02]
2026-07-08 18:50 | WARNING  | robot_0 collided with obstacle_2 at state [6.33, 6.45, -1.37]
2026-07-08 18:50 | WARNING  | robot_0 collided with obstacle_5 at state [1.41, 8.69, 0.45]
2026-07-08 18:50 | WARNING  | robot_0 collided with obstacle_7 at state [0.6, 8.26, -1.09]
2026-07-08 18:51 | WARNING  | robot_0 collided with obstacle_4 at state [7.34, 7.78, 2.73]
2026-07-08 18:51 | WARNING  | robot_0 collided with obstacle_5 at state [3.79, 1.28, 1.14]
2026-07-08 18:51 | WARNING  | robot_0 collided with obstacle_1 at state [7.93, 4.35, -0.6]
2026-07-08 18:51 | WARNING  | robot_0 collided with obstacle_4 at state [9.36, 5.58, 1.49]
2026-07-08 18:52 | WARNING  | robot_0 collided with obstacle_2 at state [6.6, 7.65, 1.43]
..............................................
Epoch 11. Evaluating scenarios
2026-07-08 18:52 | WARNING  | robot_0 collided with obstacle_2 at state [6.99, 6.47, -2.54]
Average Reward: 40.0
Average Collision rate: 0.1
Average Goal rate: 0.5
..............................................
2026-07-08 18:53 | WARNING  | robot_0 collided with obstacle_3 at state [7.61, 4.07, 2.98]
2026-07-08 18:53 | WARNING  | robot_0 collided with obstacle_4 at state [2.78, 1.93, 0.21]
2026-07-08 18:55 | WARNING  | robot_0 collided with obstacle_3 at state [8.86, 8.51, -1.08]
2026-07-08 18:57 | WARNING  | robot_0 collided with obstacle_3 at state [1.76, 6.63, 1.54]
2026-07-08 18:57 | WARNING  | robot_0 collided with obstacle_1 at state [6.97, 3.07, 0.27]
..............................................
Epoch 12. Evaluating scenarios
2026-07-08 18:58 | WARNING  | robot_0 collided with obstacle_1 at state [3.92, 4.67, -1.92]
2026-07-08 18:58 | WARNING  | robot_0 collided with obstacle_1 at state [7.21, 7.71, -0.6]
Average Reward: 40.0
Average Collision rate: 0.2
Average Goal rate: 0.6
..............................................
2026-07-08 18:58 | WARNING  | robot_0 collided with obstacle_1 at state [7.06, 8.79, 1.79]
2026-07-08 18:59 | WARNING  | robot_0 collided with obstacle_2 at state [5.4, 6.13, -0.91]
2026-07-08 18:59 | WARNING  | robot_0 collided with obstacle_2 at state [4.86, 6.34, -1.3]
2026-07-08 18:59 | WARNING  | robot_0 collided with obstacle_4 at state [8.21, 5.43, 0.84]
2026-07-08 18:59 | WARNING  | robot_0 collided with obstacle_3 at state [7.89, 5.57, 3.08]
2026-07-08 18:59 | WARNING  | robot_0 collided with obstacle_4 at state [7.09, 7.35, 1.85]
2026-07-08 19:00 | WARNING  | robot_0 collided with obstacle_2 at state [7.39, 4.08, -1.69]
2026-07-08 19:00 | WARNING  | robot_0 collided with obstacle_4 at state [3.66, 4.3, -0.53]
2026-07-08 19:00 | WARNING  | robot_0 collided with obstacle_3 at state [1.32, 8.23, -0.22]
2026-07-08 19:01 | WARNING  | robot_0 collided with obstacle_3 at state [4.69, 6.19, 0.0]
..............................................
Epoch 13. Evaluating scenarios
2026-07-08 19:01 | WARNING  | robot_0 collided with obstacle_3 at state [6.36, 5.57, 0.93]
2026-07-08 19:01 | WARNING  | robot_0 collided with obstacle_2 at state [8.24, 8.67, -0.88]
Average Reward: 40.0
Average Collision rate: 0.2
Average Goal rate: 0.6
..............................................
2026-07-08 19:02 | WARNING  | robot_0 collided with obstacle_3 at state [4.72, 7.69, -0.28]
2026-07-08 19:03 | WARNING  | robot_0 collided with obstacle_4 at state [7.84, 4.37, -2.98]
2026-07-08 19:03 | WARNING  | robot_0 collided with obstacle_1 at state [5.49, 2.52, 2.85]
2026-07-08 19:03 | WARNING  | robot_0 collided with obstacle_4 at state [8.25, 5.97, 0.69]
2026-07-08 19:03 | WARNING  | robot_0 collided with obstacle_3 at state [4.64, 4.11, -2.58]
2026-07-08 19:04 | WARNING  | robot_0 collided with obstacle_3 at state [5.28, 2.12, 1.86]
2026-07-08 19:04 | WARNING  | robot_0 collided with obstacle_4 at state [2.45, 4.95, -2.86]
2026-07-08 19:04 | WARNING  | robot_0 collided with obstacle_4 at state [4.58, 6.79, -2.75]
2026-07-08 19:05 | WARNING  | robot_0 collided with obstacle_6 at state [6.27, 6.38, -0.4]
2026-07-08 19:05 | WARNING  | robot_0 collided with obstacle_3 at state [6.31, 7.44, 2.32]
..............................................
Epoch 14. Evaluating scenarios
2026-07-08 19:05 | WARNING  | robot_0 collided with obstacle_3 at state [4.39, 1.76, -2.6]
Average Reward: 70.0
Average Collision rate: 0.1
Average Goal rate: 0.8
..............................................
2026-07-08 19:06 | WARNING  | robot_0 collided with obstacle_7 at state [5.55, 2.78, 1.32]
2026-07-08 19:06 | WARNING  | robot_0 collided with obstacle_3 at state [5.88, 3.39, 0.23]
2026-07-08 19:06 | WARNING  | robot_0 collided with obstacle_2 at state [4.2, 6.87, 3.13]
2026-07-08 19:07 | WARNING  | robot_0 collided with obstacle_2 at state [8.64, 5.14, 2.09]
2026-07-08 19:07 | WARNING  | robot_0 collided with obstacle_3 at state [7.99, 8.73, -1.0]
2026-07-08 19:07 | WARNING  | robot_0 collided with obstacle_1 at state [1.06, 1.52, 1.1]
2026-07-08 19:07 | WARNING  | robot_0 collided with obstacle_2 at state [4.56, 7.59, 0.94]
2026-07-08 19:08 | WARNING  | robot_0 collided with obstacle_2 at state [5.26, 5.42, -2.27]
2026-07-08 19:08 | WARNING  | robot_0 collided with obstacle_3 at state [8.8, 8.27, -0.97]
2026-07-08 19:08 | WARNING  | robot_0 collided with obstacle_4 at state [7.25, 6.71, -2.46]
2026-07-08 19:09 | WARNING  | robot_0 collided with obstacle_2 at state [6.92, 4.55, 1.72]
..............................................
Epoch 15. Evaluating scenarios
2026-07-08 19:09 | WARNING  | robot_0 collided with obstacle_2 at state [4.08, 5.97, -0.1]
2026-07-08 19:09 | WARNING  | robot_0 collided with obstacle_3 at state [8.64, 4.44, 0.32]
2026-07-08 19:09 | WARNING  | robot_0 collided with obstacle_4 at state [4.93, 5.04, 0.5]
Average Reward: 10.0
Average Collision rate: 0.3
Average Goal rate: 0.4
..............................................
2026-07-08 19:09 | WARNING  | robot_0 collided with obstacle_2 at state [6.35, 7.76, 0.07]
2026-07-08 19:10 | WARNING  | robot_0 collided with obstacle_3 at state [6.64, 7.72, 1.46]
2026-07-08 19:10 | WARNING  | robot_0 collided with obstacle_2 at state [5.98, 5.39, 3.07]
2026-07-08 19:11 | WARNING  | robot_0 collided with obstacle_3 at state [6.94, 6.21, 1.65]
2026-07-08 19:11 | WARNING  | robot_0 collided with obstacle_1 at state [5.85, 3.44, -2.3]
2026-07-08 19:11 | WARNING  | robot_0 collided with obstacle_3 at state [8.78, 8.17, 1.43]
2026-07-08 19:11 | WARNING  | robot_0 collided with obstacle_3 at state [5.43, 4.3, -2.37]
2026-07-08 19:11 | WARNING  | robot_0 collided with obstacle_2 at state [7.77, 5.33, 2.41]
2026-07-08 19:11 | WARNING  | robot_0 collided with obstacle_1 at state [7.77, 5.33, 2.41]
2026-07-08 19:11 | WARNING  | robot_0 collided with obstacle_4 at state [6.21, 5.98, -0.85]
2026-07-08 19:11 | WARNING  | robot_0 collided with obstacle_1 at state [6.42, 2.73, -0.03]
2026-07-08 19:12 | WARNING  | robot_0 collided with obstacle_4 at state [3.31, 7.8, -0.84]
2026-07-08 19:12 | WARNING  | robot_0 collided with obstacle_2 at state [2.93, 9.27, 2.68]
..............................................
Epoch 16. Evaluating scenarios
2026-07-08 19:12 | WARNING  | robot_0 collided with obstacle_4 at state [2.73, 8.38, 2.56]
2026-07-08 19:12 | WARNING  | robot_0 collided with obstacle_3 at state [3.93, 2.97, -0.3]
2026-07-08 19:12 | WARNING  | robot_0 collided with obstacle_2 at state [3.19, 7.7, 3.04]
2026-07-08 19:12 | WARNING  | robot_0 collided with obstacle_3 at state [4.34, 2.55, -0.9]
Average Reward: 20.0
Average Collision rate: 0.4
Average Goal rate: 0.6
..............................................
2026-07-08 19:12 | WARNING  | robot_0 collided with obstacle_3 at state [3.23, 6.42, 0.64]
2026-07-08 19:12 | WARNING  | robot_0 collided with obstacle_3 at state [8.44, 6.84, 1.0]
2026-07-08 19:13 | WARNING  | robot_0 collided with obstacle_6 at state [6.31, 3.76, -1.39]
2026-07-08 19:13 | WARNING  | robot_0 collided with obstacle_4 at state [5.1, 2.39, 0.96]
2026-07-08 19:13 | WARNING  | robot_0 collided with obstacle_2 at state [6.32, 1.91, 1.09]
2026-07-08 19:13 | WARNING  | robot_0 collided with obstacle_1 at state [2.47, 6.0, 2.93]
2026-07-08 19:14 | WARNING  | robot_0 collided with obstacle_2 at state [7.5, 6.36, 0.84]
..............................................
Epoch 17. Evaluating scenarios
2026-07-08 19:15 | WARNING  | robot_0 collided with obstacle_4 at state [4.33, 5.05, -1.88]
Average Reward: 80.0
Average Collision rate: 0.1
Average Goal rate: 0.9
..............................................
2026-07-08 19:15 | WARNING  | robot_0 collided with obstacle_2 at state [4.61, 9.15, 2.75]
2026-07-08 19:15 | WARNING  | robot_0 collided with obstacle_4 at state [4.44, 5.76, -1.37]
2026-07-08 19:15 | WARNING  | robot_0 collided with obstacle_3 at state [4.15, 4.52, -2.65]
2026-07-08 19:15 | WARNING  | robot_0 collided with obstacle_3 at state [7.51, 7.06, 2.24]
2026-07-08 19:15 | WARNING  | robot_0 collided with obstacle_1 at state [2.87, 6.13, 1.73]
2026-07-08 19:16 | WARNING  | robot_0 collided with obstacle_3 at state [7.11, 1.27, -1.01]
2026-07-08 19:16 | WARNING  | robot_0 collided with obstacle_1 at state [6.89, 5.53, -1.65]
2026-07-08 19:16 | WARNING  | robot_0 collided with obstacle_1 at state [3.77, 6.28, 0.14]
2026-07-08 19:17 | WARNING  | robot_0 collided with obstacle_4 at state [2.63, 2.78, 0.24]
2026-07-08 19:17 | WARNING  | robot_0 collided with obstacle_4 at state [7.17, 7.53, 0.04]
..............................................
Epoch 18. Evaluating scenarios
2026-07-08 19:17 | WARNING  | robot_0 collided with obstacle_3 at state [6.57, 6.54, -2.52]
Average Reward: 60.0
Average Collision rate: 0.1
Average Goal rate: 0.7
..............................................
2026-07-08 19:17 | WARNING  | robot_0 collided with obstacle_5 at state [5.21, 4.07, 3.13]
2026-07-08 19:18 | WARNING  | robot_0 collided with obstacle_1 at state [4.94, 7.19, -0.96]
2026-07-08 19:18 | WARNING  | robot_0 collided with obstacle_1 at state [8.71, 7.85, 0.44]
2026-07-08 19:18 | WARNING  | robot_0 collided with obstacle_3 at state [7.55, 6.32, -0.95]
2026-07-08 19:18 | WARNING  | robot_0 collided with obstacle_3 at state [4.91, 4.59, 0.91]
2026-07-08 19:18 | WARNING  | robot_0 collided with obstacle_4 at state [2.98, 6.16, 0.21]
2026-07-08 19:19 | WARNING  | robot_0 collided with obstacle_4 at state [5.87, 5.08, 2.05]
2026-07-08 19:19 | WARNING  | robot_0 collided with obstacle_6 at state [1.75, 6.49, 1.16]
..............................................
Epoch 19. Evaluating scenarios
2026-07-08 19:19 | WARNING  | robot_0 collided with obstacle_4 at state [3.65, 2.46, -0.9]
2026-07-08 19:19 | WARNING  | robot_0 collided with obstacle_2 at state [6.18, 7.62, 0.43]
Average Reward: 60.0
Average Collision rate: 0.2
Average Goal rate: 0.8
..............................................
2026-07-08 19:20 | WARNING  | robot_0 collided with obstacle_3 at state [7.31, 8.23, 1.54]
2026-07-08 19:20 | WARNING  | robot_0 collided with obstacle_3 at state [3.28, 6.01, -1.15]
2026-07-08 19:20 | WARNING  | robot_0 collided with obstacle_2 at state [5.66, 8.24, 1.14]
2026-07-08 19:20 | WARNING  | robot_0 collided with obstacle_3 at state [4.96, 6.76, 0.67]
2026-07-08 19:20 | WARNING  | robot_0 collided with obstacle_3 at state [6.43, 7.52, 1.05]
2026-07-08 19:20 | WARNING  | robot_0 collided with obstacle_3 at state [1.47, 8.89, 0.79]
2026-07-08 19:20 | WARNING  | robot_0 collided with obstacle_3 at state [3.4, 8.25, -0.14]
2026-07-08 19:21 | WARNING  | robot_0 collided with obstacle_1 at state [7.55, 3.89, 0.87]
2026-07-08 19:21 | WARNING  | robot_0 collided with obstacle_2 at state [6.62, 7.37, 0.0]
2026-07-08 19:21 | WARNING  | robot_0 collided with obstacle_2 at state [4.24, 7.23, 1.26]
2026-07-08 19:21 | WARNING  | robot_0 collided with obstacle_4 at state [6.19, 6.83, 2.36]
..............................................
Epoch 20. Evaluating scenarios
2026-07-08 19:21 | WARNING  | robot_0 collided with obstacle_3 at state [6.27, 5.71, 2.93]
2026-07-08 19:22 | WARNING  | robot_0 collided with obstacle_3 at state [8.36, 4.06, 1.5]
Average Reward: 20.0
Average Collision rate: 0.2
Average Goal rate: 0.4
..............................................
2026-07-08 19:22 | WARNING  | robot_0 collided with obstacle_1 at state [5.31, 1.12, -0.57]
2026-07-08 19:22 | WARNING  | robot_0 collided with obstacle_1 at state [1.85, 4.05, -2.58]
2026-07-08 19:23 | WARNING  | robot_0 collided with obstacle_3 at state [5.81, 5.07, 0.29]
2026-07-08 19:23 | WARNING  | robot_0 collided with obstacle_2 at state [4.55, 6.67, -0.32]
2026-07-08 19:24 | WARNING  | robot_0 collided with obstacle_1 at state [2.5, 3.94, 0.0]
2026-07-08 19:24 | WARNING  | robot_0 collided with obstacle_2 at state [4.81, 4.78, 1.37]
2026-07-08 19:24 | WARNING  | robot_0 collided with obstacle_1 at state [5.8, 3.22, -1.63]
2026-07-08 19:24 | WARNING  | robot_0 collided with obstacle_2 at state [6.63, 3.15, 1.48]
..............................................
Epoch 21. Evaluating scenarios
2026-07-08 19:25 | WARNING  | robot_0 collided with obstacle_4 at state [3.33, 5.56, 0.6]
2026-07-08 19:25 | WARNING  | robot_0 collided with obstacle_1 at state [4.18, 5.53, 2.54]
Average Reward: 30.0
Average Collision rate: 0.2
Average Goal rate: 0.5
..............................................
2026-07-08 19:25 | WARNING  | robot_0 collided with obstacle_4 at state [6.28, 6.17, -1.01]
2026-07-08 19:25 | WARNING  | robot_0 collided with obstacle_2 at state [5.92, 6.21, 1.09]
2026-07-08 19:25 | WARNING  | robot_0 collided with obstacle_2 at state [4.36, 7.62, -1.63]
2026-07-08 19:25 | WARNING  | robot_0 collided with obstacle_1 at state [6.35, 1.4, -1.27]
2026-07-08 19:26 | WARNING  | robot_0 collided with obstacle_2 at state [5.25, 5.78, -0.31]
2026-07-08 19:26 | WARNING  | robot_0 collided with obstacle_3 at state [8.5, 7.45, 0.13]
2026-07-08 19:26 | WARNING  | robot_0 collided with obstacle_3 at state [8.35, 7.83, 1.19]
2026-07-08 19:26 | WARNING  | robot_0 collided with obstacle_6 at state [8.76, 5.37, -1.79]
2026-07-08 19:26 | WARNING  | robot_0 collided with obstacle_1 at state [4.25, 3.92, -1.47]
2026-07-08 19:27 | WARNING  | robot_0 collided with obstacle_1 at state [1.43, 6.11, 1.76]
2026-07-08 19:27 | WARNING  | robot_0 collided with obstacle_2 at state [6.43, 6.54, 0.64]
2026-07-08 19:27 | WARNING  | robot_0 collided with obstacle_3 at state [6.11, 5.82, 0.7]
..............................................
Epoch 22. Evaluating scenarios
Average Reward: 90.0
Average Collision rate: 0.0
Average Goal rate: 0.9
..............................................
2026-07-08 19:28 | WARNING  | robot_0 collided with obstacle_2 at state [4.54, 8.84, 0.0]
2026-07-08 19:28 | WARNING  | robot_0 collided with obstacle_2 at state [6.13, 5.48, 2.5]
2026-07-08 19:28 | WARNING  | robot_0 collided with obstacle_3 at state [7.5, 7.36, 3.06]
2026-07-08 19:28 | WARNING  | robot_0 collided with obstacle_2 at state [2.25, 5.5, 0.3]
2026-07-08 19:28 | WARNING  | robot_0 collided with obstacle_3 at state [8.21, 3.54, -1.44]
2026-07-08 19:28 | WARNING  | robot_0 collided with obstacle_4 at state [2.52, 4.57, 0.9]
2026-07-08 19:28 | WARNING  | robot_0 collided with obstacle_2 at state [8.0, 1.68, -1.36]
2026-07-08 19:28 | WARNING  | robot_0 collided with obstacle_3 at state [3.93, 3.76, 0.52]
2026-07-08 19:29 | WARNING  | robot_0 collided with obstacle_2 at state [8.51, 4.23, 0.7]
2026-07-08 19:29 | WARNING  | robot_0 collided with obstacle_3 at state [4.22, 1.94, 0.49]
2026-07-08 19:29 | WARNING  | robot_0 collided with obstacle_3 at state [7.54, 8.78, 0.92]
2026-07-08 19:29 | WARNING  | robot_0 collided with obstacle_1 at state [4.99, 4.22, -0.15]
2026-07-08 19:29 | WARNING  | robot_0 collided with obstacle_1 at state [4.85, 4.42, -3.07]
2026-07-08 19:29 | WARNING  | robot_0 collided with obstacle_1 at state [5.94, 5.67, -2.05]
..............................................
Epoch 23. Evaluating scenarios
2026-07-08 19:30 | WARNING  | robot_0 collided with obstacle_1 at state [6.37, 7.3, -2.72]
Average Reward: 80.0
Average Collision rate: 0.1
Average Goal rate: 0.9
..............................................
2026-07-08 19:30 | WARNING  | robot_0 collided with obstacle_1 at state [5.75, 1.16, -1.45]
2026-07-08 19:30 | WARNING  | robot_0 collided with obstacle_2 at state [3.07, 1.13, -0.22]
2026-07-08 19:30 | WARNING  | robot_0 collided with obstacle_1 at state [7.7, 1.68, 2.82]
2026-07-08 19:30 | WARNING  | robot_0 collided with obstacle_1 at state [7.43, 4.32, -1.85]
2026-07-08 19:30 | WARNING  | robot_0 collided with obstacle_7 at state [4.55, 6.79, 0.28]
2026-07-08 19:31 | WARNING  | robot_0 collided with obstacle_3 at state [6.31, 5.51, -0.58]
2026-07-08 19:31 | WARNING  | robot_0 collided with obstacle_4 at state [7.09, 6.01, 1.07]
2026-07-08 19:31 | WARNING  | robot_0 collided with obstacle_3 at state [7.03, 5.03, -1.69]
2026-07-08 19:31 | WARNING  | robot_0 collided with obstacle_2 at state [6.13, 3.76, -0.07]
2026-07-08 19:32 | WARNING  | robot_0 collided with obstacle_3 at state [7.09, 5.17, 0.3]
2026-07-08 19:32 | WARNING  | robot_0 collided with obstacle_3 at state [8.03, 8.51, 1.64]
2026-07-08 19:32 | WARNING  | robot_0 collided with obstacle_3 at state [6.26, 3.92, 1.64]
..............................................
Epoch 24. Evaluating scenarios
2026-07-08 19:32 | WARNING  | robot_0 collided with obstacle_4 at state [6.56, 6.86, -2.4]
Average Reward: 60.0
Average Collision rate: 0.1
Average Goal rate: 0.7
..............................................
2026-07-08 19:32 | WARNING  | robot_0 collided with obstacle_4 at state [7.9, 7.94, 0.0]
2026-07-08 19:32 | WARNING  | robot_0 collided with obstacle_3 at state [7.5, 7.35, 2.04]
2026-07-08 19:33 | WARNING  | robot_0 collided with obstacle_3 at state [8.27, 5.23, 0.42]
2026-07-08 19:33 | WARNING  | robot_0 collided with obstacle_3 at state [8.74, 2.73, 0.02]
2026-07-08 19:33 | WARNING  | robot_0 collided with obstacle_4 at state [4.23, 7.88, -1.33]
2026-07-08 19:33 | WARNING  | robot_0 collided with obstacle_2 at state [4.05, 8.1, 0.0]
2026-07-08 19:34 | WARNING  | robot_0 collided with obstacle_4 at state [7.0, 7.77, -3.07]
2026-07-08 19:34 | WARNING  | robot_0 collided with obstacle_3 at state [7.49, 5.41, 0.88]
..............................................
Epoch 25. Evaluating scenarios
Average Reward: 80.0
Average Collision rate: 0.0
Average Goal rate: 0.8
..............................................
2026-07-08 19:35 | WARNING  | robot_0 collided with obstacle_3 at state [4.79, 4.85, 2.31]
2026-07-08 19:35 | WARNING  | robot_0 collided with obstacle_3 at state [3.57, 4.07, 0.0]
2026-07-08 19:36 | WARNING  | robot_0 collided with obstacle_4 at state [4.84, 7.04, 1.69]
2026-07-08 19:36 | WARNING  | robot_0 collided with obstacle_2 at state [4.46, 1.87, 0.01]
2026-07-08 19:36 | WARNING  | robot_0 collided with obstacle_2 at state [4.39, 4.96, -1.16]
2026-07-08 19:36 | WARNING  | robot_0 collided with obstacle_1 at state [6.4, 5.24, -0.36]
2026-07-08 19:37 | WARNING  | robot_0 collided with obstacle_4 at state [4.29, 6.46, 0.63]
2026-07-08 19:37 | WARNING  | robot_0 collided with obstacle_2 at state [6.36, 4.46, 2.13]
..............................................
Epoch 26. Evaluating scenarios
2026-07-08 19:37 | WARNING  | robot_0 collided with obstacle_1 at state [7.11, 1.71, -0.9]
Average Reward: 50.0
Average Collision rate: 0.1
Average Goal rate: 0.6
..............................................
2026-07-08 19:38 | WARNING  | robot_0 collided with obstacle_1 at state [4.44, 1.76, -0.55]
2026-07-08 19:38 | WARNING  | robot_0 collided with obstacle_3 at state [4.27, 2.58, 0.3]
2026-07-08 19:38 | WARNING  | robot_0 collided with obstacle_2 at state [5.84, 5.59, -0.89]
2026-07-08 19:38 | WARNING  | robot_0 collided with obstacle_4 at state [5.02, 6.62, -0.09]
2026-07-08 19:38 | WARNING  | robot_0 collided with obstacle_1 at state [5.92, 2.9, -1.52]
2026-07-08 19:38 | WARNING  | robot_0 collided with obstacle_2 at state [3.62, 4.64, -1.45]
2026-07-08 19:39 | WARNING  | robot_0 collided with obstacle_4 at state [3.29, 8.86, -1.1]
..............................................
Epoch 27. Evaluating scenarios
Average Reward: 70.0
Average Collision rate: 0.0
Average Goal rate: 0.7
..............................................
2026-07-08 19:40 | WARNING  | robot_0 collided with obstacle_3 at state [3.76, 5.82, 0.54]
2026-07-08 19:40 | WARNING  | robot_0 collided with obstacle_2 at state [3.29, 6.38, -1.84]
2026-07-08 19:41 | WARNING  | robot_0 collided with obstacle_2 at state [7.04, 6.71, 0.0]
2026-07-08 19:41 | WARNING  | robot_0 collided with obstacle_3 at state [5.81, 5.5, 1.92]
2026-07-08 19:41 | WARNING  | robot_0 collided with obstacle_3 at state [7.46, 6.98, 0.0]
2026-07-08 19:42 | WARNING  | robot_0 collided with obstacle_4 at state [4.44, 6.08, -0.27]
..............................................
Epoch 28. Evaluating scenarios
2026-07-08 19:42 | WARNING  | robot_0 collided with obstacle_3 at state [3.63, 8.83, 0.31]
Average Reward: 60.0
Average Collision rate: 0.1
Average Goal rate: 0.7
..............................................
2026-07-08 19:43 | WARNING  | robot_0 collided with obstacle_2 at state [6.95, 9.0, 0.71]
2026-07-08 19:43 | WARNING  | robot_0 collided with obstacle_3 at state [4.49, 1.11, -0.05]
2026-07-08 19:43 | WARNING  | robot_0 collided with obstacle_6 at state [8.73, 1.02, -2.87]
2026-07-08 19:43 | WARNING  | robot_0 collided with obstacle_2 at state [5.72, 5.56, -0.08]
2026-07-08 19:44 | WARNING  | robot_0 collided with obstacle_4 at state [8.38, 8.1, -0.56]
2026-07-08 19:44 | WARNING  | robot_0 collided with obstacle_3 at state [2.02, 6.2, -0.58]
2026-07-08 19:44 | WARNING  | robot_0 collided with obstacle_2 at state [7.6, 8.72, 1.53]
2026-07-08 19:44 | WARNING  | robot_0 collided with obstacle_2 at state [5.54, 1.71, -1.15]
2026-07-08 19:45 | WARNING  | robot_0 collided with obstacle_1 at state [3.86, 3.37, 0.0]
2026-07-08 19:45 | WARNING  | robot_0 collided with obstacle_1 at state [4.51, 5.49, -0.81]
..............................................
Epoch 29. Evaluating scenarios
2026-07-08 19:45 | WARNING  | robot_0 collided with obstacle_1 at state [1.72, 7.5, -3.13]
Average Reward: 60.0
Average Collision rate: 0.1
Average Goal rate: 0.7
..............................................
2026-07-08 19:45 | WARNING  | robot_0 collided with obstacle_2 at state [4.06, 8.32, -0.9]
2026-07-08 19:46 | WARNING  | robot_0 collided with obstacle_3 at state [8.98, 3.37, -0.89]
2026-07-08 19:46 | WARNING  | robot_0 collided with obstacle_3 at state [7.75, 1.67, -0.52]
2026-07-08 19:46 | WARNING  | robot_0 collided with obstacle_3 at state [8.01, 8.49, 1.47]
2026-07-08 19:46 | WARNING  | robot_0 collided with obstacle_4 at state [7.45, 8.77, -0.29]
2026-07-08 19:47 | WARNING  | robot_0 collided with obstacle_3 at state [1.29, 4.71, -1.98]
2026-07-08 19:47 | WARNING  | robot_0 collided with obstacle_1 at state [5.83, 4.14, -0.47]
2026-07-08 19:47 | WARNING  | robot_0 collided with obstacle_1 at state [6.76, 8.87, -0.75]
2026-07-08 19:47 | WARNING  | robot_0 collided with obstacle_4 at state [4.93, 7.79, 0.28]
2026-07-08 19:47 | WARNING  | robot_0 collided with obstacle_2 at state [6.5, 1.78, -1.5]
2026-07-08 19:47 | WARNING  | robot_0 collided with obstacle_1 at state [6.5, 1.78, -1.5]
..............................................
Epoch 30. Evaluating scenarios
2026-07-08 19:48 | WARNING  | robot_0 collided with obstacle_4 at state [8.34, 4.12, -1.18]
Average Reward: 70.0
Average Collision rate: 0.1
Average Goal rate: 0.8
..............................................
2026-07-08 19:48 | WARNING  | robot_0 collided with obstacle_3 at state [2.48, 8.22, -0.32]
2026-07-08 19:48 | WARNING  | robot_0 collided with obstacle_4 at state [6.38, 5.72, 1.02]
2026-07-08 19:49 | WARNING  | robot_0 collided with obstacle_4 at state [6.38, 7.62, 0.66]
2026-07-08 19:49 | WARNING  | robot_0 collided with obstacle_4 at state [1.42, 1.54, 1.03]
2026-07-08 19:49 | WARNING  | robot_0 collided with obstacle_2 at state [5.91, 6.14, 1.3]
2026-07-08 19:49 | WARNING  | robot_0 collided with obstacle_1 at state [8.46, 4.04, -0.92]
2026-07-08 19:50 | WARNING  | robot_0 collided with obstacle_4 at state [5.91, 6.52, -0.3]
2026-07-08 19:50 | WARNING  | robot_0 collided with obstacle_3 at state [6.08, 4.32, 0.82]
..............................................
Epoch 31. Evaluating scenarios
2026-07-08 19:50 | WARNING  | robot_0 collided with obstacle_4 at state [6.74, 5.71, 0.3]
2026-07-08 19:50 | WARNING  | robot_0 collided with obstacle_2 at state [7.27, 8.04, 3.12]
Average Reward: 50.0
Average Collision rate: 0.2
Average Goal rate: 0.7
..............................................
2026-07-08 19:51 | WARNING  | robot_0 collided with obstacle_2 at state [7.18, 3.2, -0.42]
2026-07-08 19:51 | WARNING  | robot_0 collided with obstacle_3 at state [1.93, 4.5, -2.82]
2026-07-08 19:51 | WARNING  | robot_0 collided with obstacle_6 at state [6.25, 8.87, 0.79]
2026-07-08 19:52 | WARNING  | robot_0 collided with obstacle_4 at state [2.15, 4.95, 0.47]
2026-07-08 19:52 | WARNING  | robot_0 collided with obstacle_2 at state [2.65, 3.0, 2.37]
2026-07-08 19:53 | WARNING  | robot_0 collided with obstacle_3 at state [2.31, 1.97, -1.96]
2026-07-08 19:53 | WARNING  | robot_0 collided with obstacle_3 at state [5.92, 5.79, -0.19]
2026-07-08 19:53 | WARNING  | robot_0 collided with obstacle_3 at state [2.22, 9.66, 3.03]
..............................................
Epoch 32. Evaluating scenarios
2026-07-08 19:53 | WARNING  | robot_0 collided with obstacle_3 at state [1.45, 4.94, 0.3]
2026-07-08 19:53 | WARNING  | robot_0 collided with obstacle_1 at state [1.43, 3.16, 0.0]
2026-07-08 19:53 | WARNING  | robot_0 collided with obstacle_2 at state [2.92, 6.4, 2.45]
Average Reward: 20.0
Average Collision rate: 0.3
Average Goal rate: 0.5
..............................................
2026-07-08 19:53 | WARNING  | robot_0 collided with obstacle_1 at state [3.8, 3.8, -2.72]
2026-07-08 19:54 | WARNING  | robot_0 collided with obstacle_2 at state [6.29, 5.26, -0.82]
2026-07-08 19:54 | WARNING  | robot_0 collided with obstacle_1 at state [7.01, 1.44, -2.51]
2026-07-08 19:54 | WARNING  | robot_0 collided with obstacle_4 at state [5.11, 7.46, -0.84]
2026-07-08 19:55 | WARNING  | robot_0 collided with obstacle_3 at state [6.12, 5.64, 0.25]
2026-07-08 19:55 | WARNING  | robot_0 collided with obstacle_3 at state [8.16, 1.25, -2.24]
..............................................
Epoch 33. Evaluating scenarios
2026-07-08 19:55 | WARNING  | robot_0 collided with obstacle_3 at state [1.73, 4.34, -2.95]
2026-07-08 19:55 | WARNING  | robot_0 collided with obstacle_4 at state [7.24, 7.54, -1.52]
2026-07-08 19:55 | WARNING  | robot_0 collided with obstacle_1 at state [7.82, 6.08, -0.9]
Average Reward: 30.0
Average Collision rate: 0.3
Average Goal rate: 0.6
..............................................
2026-07-08 19:56 | WARNING  | robot_0 collided with obstacle_4 at state [5.99, 6.39, 0.86]
2026-07-08 19:56 | WARNING  | robot_0 collided with obstacle_3 at state [2.88, 5.56, 2.13]
2026-07-08 19:56 | WARNING  | robot_0 collided with obstacle_3 at state [8.86, 8.22, -1.17]
2026-07-08 19:56 | WARNING  | robot_0 collided with obstacle_3 at state [6.32, 4.43, 0.22]
2026-07-08 19:57 | WARNING  | robot_0 collided with obstacle_2 at state [1.37, 4.22, -3.09]
2026-07-08 19:57 | WARNING  | robot_0 collided with obstacle_2 at state [6.41, 7.19, -0.84]
2026-07-08 19:57 | WARNING  | robot_0 collided with obstacle_4 at state [3.86, 6.5, 2.81]
..............................................
Epoch 34. Evaluating scenarios
2026-07-08 19:58 | WARNING  | robot_0 collided with obstacle_1 at state [3.49, 2.54, 2.96]
Average Reward: 70.0
Average Collision rate: 0.1
Average Goal rate: 0.8
..............................................
2026-07-08 19:58 | WARNING  | robot_0 collided with obstacle_4 at state [7.64, 5.55, -1.5]
2026-07-08 19:58 | WARNING  | robot_0 collided with obstacle_3 at state [6.51, 6.05, 0.34]
2026-07-08 19:59 | WARNING  | robot_0 collided with obstacle_3 at state [8.07, 8.68, -0.0]
2026-07-08 19:59 | WARNING  | robot_0 collided with obstacle_4 at state [1.05, 2.4, 0.0]
2026-07-08 19:59 | WARNING  | robot_0 collided with obstacle_5 at state [3.39, 6.24, 0.11]
2026-07-08 19:59 | WARNING  | robot_0 collided with obstacle_7 at state [3.1, 8.21, -0.84]
2026-07-08 19:59 | WARNING  | robot_0 collided with obstacle_2 at state [3.38, 5.54, -0.28]
2026-07-08 19:59 | WARNING  | robot_0 collided with obstacle_4 at state [1.88, 2.15, 1.57]
..............................................
Epoch 35. Evaluating scenarios
Average Reward: 80.0
Average Collision rate: 0.0
Average Goal rate: 0.8
..............................................
2026-07-08 20:00 | WARNING  | robot_0 collided with obstacle_2 at state [8.74, 6.0, 2.67]
2026-07-08 20:01 | WARNING  | robot_0 collided with obstacle_5 at state [6.5, 7.92, 2.36]
2026-07-08 20:01 | WARNING  | robot_0 collided with obstacle_7 at state [5.41, 6.57, -1.76]
2026-07-08 20:01 | WARNING  | robot_0 collided with obstacle_3 at state [6.13, 7.35, -0.07]
2026-07-08 20:02 | WARNING  | robot_0 collided with obstacle_6 at state [3.93, 5.14, 2.95]
..............................................
Epoch 36. Evaluating scenarios
2026-07-08 20:02 | WARNING  | robot_0 collided with obstacle_3 at state [3.12, 3.7, 1.5]
2026-07-08 20:02 | WARNING  | robot_0 collided with obstacle_2 at state [2.83, 1.91, -2.2]
Average Reward: 60.0
Average Collision rate: 0.2
Average Goal rate: 0.8
..............................................
2026-07-08 20:02 | WARNING  | robot_0 collided with obstacle_3 at state [2.14, 4.57, -0.52]
2026-07-08 20:03 | WARNING  | robot_0 collided with obstacle_1 at state [2.95, 7.15, 1.14]
2026-07-08 20:03 | WARNING  | robot_0 collided with obstacle_1 at state [3.69, 2.49, -1.74]
2026-07-08 20:04 | WARNING  | robot_0 collided with obstacle_2 at state [4.22, 7.24, -1.58]
..............................................
Epoch 37. Evaluating scenarios
Average Reward: 100.0
Average Collision rate: 0.0
Average Goal rate: 1.0
..............................................
2026-07-08 20:04 | WARNING  | robot_0 collided with obstacle_3 at state [8.1, 2.48, -1.24]
2026-07-08 20:04 | WARNING  | robot_0 collided with obstacle_4 at state [7.43, 3.07, -1.28]
2026-07-08 20:04 | WARNING  | robot_0 collided with obstacle_2 at state [6.61, 3.97, 1.91]
2026-07-08 20:05 | WARNING  | robot_0 collided with obstacle_1 at state [5.27, 3.04, -1.28]
2026-07-08 20:05 | WARNING  | robot_0 collided with obstacle_3 at state [5.41, 3.71, -1.63]
2026-07-08 20:05 | WARNING  | robot_0 collided with obstacle_4 at state [4.84, 5.6, -0.37]
..............................................
Epoch 38. Evaluating scenarios
Average Reward: 90.0
Average Collision rate: 0.0
Average Goal rate: 0.9
..............................................
2026-07-08 20:06 | WARNING  | robot_0 collided with obstacle_2 at state [5.66, 4.97, -0.48]
2026-07-08 20:06 | WARNING  | robot_0 collided with obstacle_3 at state [7.58, 4.46, 3.09]
2026-07-08 20:06 | WARNING  | robot_0 collided with obstacle_1 at state [8.0, 6.65, 0.3]
2026-07-08 20:06 | WARNING  | robot_0 collided with obstacle_2 at state [6.73, 4.93, 0.89]
2026-07-08 20:06 | WARNING  | robot_0 collided with obstacle_2 at state [6.02, 6.57, 0.88]
2026-07-08 20:07 | WARNING  | robot_0 collided with obstacle_4 at state [4.58, 4.92, 1.82]
..............................................
Epoch 39. Evaluating scenarios
Average Reward: 100.0
Average Collision rate: 0.0
Average Goal rate: 1.0
..............................................
2026-07-08 20:08 | WARNING  | robot_0 collided with obstacle_3 at state [4.64, 6.18, 1.12]
2026-07-08 20:08 | WARNING  | robot_0 collided with obstacle_1 at state [1.18, 2.68, -0.53]
2026-07-08 20:08 | WARNING  | robot_0 collided with obstacle_1 at state [8.14, 6.07, -1.59]
..............................................
Epoch 40. Evaluating scenarios
2026-07-08 20:09 | WARNING  | robot_0 collided with obstacle_7 at state [6.47, 3.03, 0.07]
2026-07-08 20:09 | WARNING  | robot_0 collided with obstacle_4 at state [6.21, 4.22, -2.48]
Average Reward: 60.0
Average Collision rate: 0.2
Average Goal rate: 0.8
..............................................
2026-07-08 20:09 | WARNING  | robot_0 collided with obstacle_6 at state [4.47, 3.99, 0.64]
2026-07-08 20:09 | WARNING  | robot_0 collided with obstacle_6 at state [5.51, 2.95, -1.14]
2026-07-08 20:10 | WARNING  | robot_0 collided with obstacle_2 at state [1.99, 7.44, -0.3]
2026-07-08 20:10 | WARNING  | robot_0 collided with obstacle_2 at state [8.85, 4.25, -2.32]
2026-07-08 20:10 | WARNING  | robot_0 collided with obstacle_3 at state [5.19, 2.83, 1.61]
2026-07-08 20:10 | WARNING  | robot_0 collided with obstacle_1 at state [6.38, 2.97, -0.46]
2026-07-08 20:10 | WARNING  | robot_0 collided with obstacle_4 at state [4.29, 6.24, 1.36]
2026-07-08 20:10 | WARNING  | robot_0 collided with obstacle_3 at state [5.59, 3.27, 1.96]
..............................................
Epoch 41. Evaluating scenarios
2026-07-08 20:11 | WARNING  | robot_0 collided with obstacle_2 at state [5.88, 3.33, 1.5]
2026-07-08 20:11 | WARNING  | robot_0 collided with obstacle_3 at state [2.9, 1.57, 0.32]
Average Reward: 50.0
Average Collision rate: 0.2
Average Goal rate: 0.7
..............................................
2026-07-08 20:12 | WARNING  | robot_0 collided with obstacle_6 at state [6.56, 6.52, 1.31]
2026-07-08 20:12 | WARNING  | robot_0 collided with obstacle_1 at state [7.91, 0.61, -0.99]
2026-07-08 20:13 | WARNING  | robot_0 collided with obstacle_2 at state [6.08, 8.7, -2.85]
2026-07-08 20:13 | WARNING  | robot_0 collided with obstacle_1 at state [4.57, 5.9, 2.53]
..............................................
Epoch 42. Evaluating scenarios
Average Reward: 100.0
Average Collision rate: 0.0
Average Goal rate: 1.0
..............................................
2026-07-08 20:13 | WARNING  | robot_0 collided with obstacle_2 at state [6.72, 6.42, 1.55]
2026-07-08 20:13 | WARNING  | robot_0 collided with obstacle_2 at state [5.26, 7.46, 1.59]
2026-07-08 20:13 | WARNING  | robot_0 collided with obstacle_3 at state [4.5, 5.5, 3.02]
2026-07-08 20:13 | WARNING  | robot_0 collided with obstacle_4 at state [1.19, 3.91, -2.39]
2026-07-08 20:13 | WARNING  | robot_0 collided with obstacle_1 at state [6.12, 1.89, -0.3]
2026-07-08 20:14 | WARNING  | robot_0 collided with obstacle_3 at state [4.81, 4.84, 0.95]
2026-07-08 20:14 | WARNING  | robot_0 collided with obstacle_2 at state [7.07, 8.05, 2.14]
..............................................
Epoch 43. Evaluating scenarios
2026-07-08 20:14 | WARNING  | robot_0 collided with obstacle_1 at state [7.76, 8.42, 0.0]
2026-07-08 20:14 | WARNING  | robot_0 collided with obstacle_1 at state [7.06, 7.44, 0.29]
2026-07-08 20:14 | WARNING  | robot_0 collided with obstacle_4 at state [4.97, 4.79, -0.66]
Average Reward: 40.0
Average Collision rate: 0.3
Average Goal rate: 0.7
..............................................
2026-07-08 20:15 | WARNING  | robot_0 collided with obstacle_4 at state [8.5, 4.78, 1.47]
2026-07-08 20:15 | WARNING  | robot_0 collided with obstacle_6 at state [5.61, 4.64, -1.41]
2026-07-08 20:15 | WARNING  | robot_0 collided with obstacle_1 at state [1.75, 5.29, 1.16]
2026-07-08 20:16 | WARNING  | robot_0 collided with obstacle_4 at state [4.47, 8.74, -0.3]
2026-07-08 20:16 | WARNING  | robot_0 collided with obstacle_2 at state [7.02, 4.48, 0.85]
..............................................
Epoch 44. Evaluating scenarios
Average Reward: 90.0
Average Collision rate: 0.0
Average Goal rate: 0.9
..............................................
2026-07-08 20:16 | WARNING  | robot_0 collided with obstacle_4 at state [1.57, 2.44, -2.3]
2026-07-08 20:16 | WARNING  | robot_0 collided with obstacle_3 at state [2.32, 5.97, 0.83]
2026-07-08 20:17 | WARNING  | robot_0 collided with obstacle_4 at state [3.65, 2.65, 2.39]
2026-07-08 20:17 | WARNING  | robot_0 collided with obstacle_3 at state [1.36, 6.1, -0.55]
2026-07-08 20:17 | WARNING  | robot_0 collided with obstacle_3 at state [2.32, 5.89, 1.4]
2026-07-08 20:17 | WARNING  | robot_0 collided with obstacle_1 at state [7.67, 2.22, -2.26]
2026-07-08 20:17 | WARNING  | robot_0 collided with obstacle_2 at state [5.7, 4.79, 1.94]
2026-07-08 20:17 | WARNING  | robot_0 collided with obstacle_3 at state [3.88, 5.01, 0.34]
2026-07-08 20:17 | WARNING  | robot_0 collided with obstacle_3 at state [4.42, 8.82, 0.9]
2026-07-08 20:17 | WARNING  | robot_0 collided with obstacle_3 at state [7.33, 5.51, -0.33]
2026-07-08 20:17 | WARNING  | robot_0 collided with obstacle_1 at state [4.71, 3.25, -1.12]
2026-07-08 20:17 | WARNING  | robot_0 collided with obstacle_3 at state [2.99, 2.41, 1.58]
2026-07-08 20:18 | WARNING  | robot_0 collided with obstacle_1 at state [5.35, 7.74, 1.57]
2026-07-08 20:18 | WARNING  | robot_0 collided with obstacle_2 at state [7.93, 6.34, 0.21]
2026-07-08 20:18 | WARNING  | robot_0 collided with obstacle_3 at state [7.11, 2.94, 2.73]
..............................................
Epoch 45. Evaluating scenarios
Average Reward: 90.0
Average Collision rate: 0.0
Average Goal rate: 0.9
..............................................
2026-07-08 20:18 | WARNING  | robot_0 collided with obstacle_4 at state [6.04, 1.91, 1.37]
2026-07-08 20:18 | WARNING  | robot_0 collided with obstacle_3 at state [8.79, 8.48, 1.74]
2026-07-08 20:18 | WARNING  | robot_0 collided with obstacle_3 at state [8.44, 4.6, -0.83]
2026-07-08 20:18 | WARNING  | robot_0 collided with obstacle_3 at state [1.5, 4.92, 1.39]
2026-07-08 20:18 | WARNING  | robot_0 collided with obstacle_3 at state [1.4, 4.47, 0.8]
2026-07-08 20:19 | WARNING  | robot_0 collided with obstacle_3 at state [8.68, 6.98, 1.32]
2026-07-08 20:19 | WARNING  | robot_0 collided with obstacle_1 at state [1.6, 1.26, -1.56]
2026-07-08 20:19 | WARNING  | robot_0 collided with obstacle_1 at state [5.75, 1.79, -0.91]
2026-07-08 20:19 | WARNING  | robot_0 collided with obstacle_4 at state [3.97, 4.86, -0.51]
2026-07-08 20:19 | WARNING  | robot_0 collided with obstacle_4 at state [7.28, 7.27, -2.65]
..............................................
Epoch 46. Evaluating scenarios
Average Reward: 90.0
Average Collision rate: 0.0
Average Goal rate: 0.9
..............................................
2026-07-08 20:21 | WARNING  | robot_0 collided with obstacle_3 at state [8.42, 3.59, -0.17]
2026-07-08 20:21 | WARNING  | robot_0 collided with obstacle_7 at state [3.64, 3.15, 0.23]
2026-07-08 20:21 | WARNING  | robot_0 collided with obstacle_3 at state [6.95, 4.62, -2.04]
..............................................
Epoch 47. Evaluating scenarios
2026-07-08 20:21 | WARNING  | robot_0 collided with obstacle_3 at state [6.0, 4.64, -0.81]
Average Reward: 70.0
Average Collision rate: 0.1
Average Goal rate: 0.8
..............................................
2026-07-08 20:22 | WARNING  | robot_0 collided with obstacle_5 at state [3.08, 8.35, -1.01]
..............................................
Epoch 48. Evaluating scenarios
2026-07-08 20:23 | WARNING  | robot_0 collided with obstacle_3 at state [7.85, 8.42, 0.59]
2026-07-08 20:23 | WARNING  | robot_0 collided with obstacle_4 at state [7.51, 7.58, 3.11]
Average Reward: 60.0
Average Collision rate: 0.2
Average Goal rate: 0.8
..............................................
2026-07-08 20:23 | WARNING  | robot_0 collided with obstacle_2 at state [3.87, 7.01, 2.18]
2026-07-08 20:23 | WARNING  | robot_0 collided with obstacle_2 at state [2.32, 5.35, 1.43]
2026-07-08 20:23 | WARNING  | robot_0 collided with obstacle_1 at state [1.16, 4.07, -0.53]
2026-07-08 20:23 | WARNING  | robot_0 collided with obstacle_3 at state [4.9, 8.34, -1.63]
2026-07-08 20:24 | WARNING  | robot_0 collided with obstacle_2 at state [5.27, 7.6, 1.61]
2026-07-08 20:24 | WARNING  | robot_0 collided with obstacle_3 at state [8.28, 1.27, -0.98]
2026-07-08 20:24 | WARNING  | robot_0 collided with obstacle_2 at state [9.01, 5.51, 0.8]
2026-07-08 20:24 | WARNING  | robot_0 collided with obstacle_2 at state [6.88, 4.63, 2.41]
2026-07-08 20:24 | WARNING  | robot_0 collided with obstacle_3 at state [6.41, 3.82, 0.03]
2026-07-08 20:24 | WARNING  | robot_0 collided with obstacle_3 at state [9.21, 8.58, 0.1]
..............................................
Epoch 49. Evaluating scenarios
2026-07-08 20:24 | WARNING  | robot_0 collided with obstacle_3 at state [5.06, 6.93, 0.08]
2026-07-08 20:24 | WARNING  | robot_0 collided with obstacle_2 at state [3.94, 5.84, -0.6]
Average Reward: 60.0
Average Collision rate: 0.2
Average Goal rate: 0.8
..............................................
2026-07-08 20:25 | WARNING  | robot_0 collided with obstacle_3 at state [5.8, 6.94, 1.48]
2026-07-08 20:25 | WARNING  | robot_0 collided with obstacle_4 at state [4.61, 8.09, -0.48]
2026-07-08 20:25 | WARNING  | robot_0 collided with obstacle_2 at state [4.2, 5.86, -2.57]
2026-07-08 20:25 | WARNING  | robot_0 collided with obstacle_3 at state [7.08, 2.57, -0.57]
2026-07-08 20:25 | WARNING  | robot_0 collided with obstacle_3 at state [7.69, 5.85, -1.84]
2026-07-08 20:25 | WARNING  | robot_0 collided with obstacle_3 at state [3.64, 5.92, 0.54]
2026-07-08 20:26 | WARNING  | robot_0 collided with obstacle_1 at state [6.64, 5.32, 1.31]
..............................................
Epoch 50. Evaluating scenarios
Average Reward: 100.0
Average Collision rate: 0.0
Average Goal rate: 1.0
..............................................
2026-07-08 20:26 | WARNING  | robot_0 collided with obstacle_3 at state [6.6, 7.9, 1.72]
2026-07-08 20:27 | WARNING  | robot_0 collided with obstacle_2 at state [7.34, 5.06, 0.0]
2026-07-08 20:27 | WARNING  | robot_0 collided with obstacle_1 at state [8.98, 3.34, 0.0]
2026-07-08 20:27 | WARNING  | robot_0 collided with obstacle_3 at state [7.63, 7.24, -0.15]
2026-07-08 20:27 | WARNING  | robot_0 collided with obstacle_2 at state [7.88, 6.67, 0.05]
2026-07-08 20:27 | WARNING  | robot_0 collided with obstacle_3 at state [9.04, 7.27, -1.34]
..............................................
Epoch 51. Evaluating scenarios
2026-07-08 20:28 | WARNING  | robot_0 collided with obstacle_1 at state [6.42, 0.99, -1.2]
Average Reward: 70.0
Average Collision rate: 0.1
Average Goal rate: 0.8
..............................................
2026-07-08 20:28 | WARNING  | robot_0 collided with obstacle_4 at state [3.8, 3.35, 2.81]
2026-07-08 20:28 | WARNING  | robot_0 collided with obstacle_2 at state [3.35, 7.83, -0.69]
2026-07-08 20:28 | WARNING  | robot_0 collided with obstacle_1 at state [6.35, 5.82, -2.82]
2026-07-08 20:29 | WARNING  | robot_0 collided with obstacle_4 at state [4.41, 6.27, -2.48]
2026-07-08 20:29 | WARNING  | robot_0 collided with obstacle_3 at state [8.51, 8.36, 1.67]
2026-07-08 20:29 | WARNING  | robot_0 collided with obstacle_1 at state [6.51, 2.19, -1.45]
..............................................
Epoch 52. Evaluating scenarios
Average Reward: 100.0
Average Collision rate: 0.0
Average Goal rate: 1.0
..............................................
2026-07-08 20:30 | WARNING  | robot_0 collided with obstacle_3 at state [5.09, 8.33, 1.24]
2026-07-08 20:30 | WARNING  | robot_0 collided with obstacle_3 at state [6.33, 7.63, 0.88]
2026-07-08 20:30 | WARNING  | robot_0 collided with obstacle_2 at state [2.59, 5.41, 2.98]
2026-07-08 20:30 | WARNING  | robot_0 collided with obstacle_5 at state [2.75, 6.87, 0.6]
2026-07-08 20:30 | WARNING  | robot_0 collided with obstacle_3 at state [8.93, 2.8, 0.29]
2026-07-08 20:31 | WARNING  | robot_0 collided with obstacle_4 at state [4.11, 4.55, -3.11]
2026-07-08 20:31 | WARNING  | robot_0 collided with obstacle_4 at state [4.77, 1.53, -0.93]
..............................................
Epoch 53. Evaluating scenarios
Average Reward: 100.0
Average Collision rate: 0.0
Average Goal rate: 1.0
..............................................
2026-07-08 20:32 | WARNING  | robot_0 collided with obstacle_2 at state [7.61, 7.43, -1.82]
2026-07-08 20:32 | WARNING  | robot_0 collided with obstacle_3 at state [5.66, 7.45, -0.56]
2026-07-08 20:32 | WARNING  | robot_0 collided with obstacle_3 at state [6.92, 4.3, 0.76]
2026-07-08 20:32 | WARNING  | robot_0 collided with obstacle_1 at state [8.37, 2.68, -0.72]
2026-07-08 20:33 | WARNING  | robot_0 collided with obstacle_3 at state [4.34, 2.93, 0.75]
2026-07-08 20:33 | WARNING  | robot_0 collided with obstacle_3 at state [3.65, 1.06, -1.43]
2026-07-08 20:33 | WARNING  | robot_0 collided with obstacle_2 at state [5.97, 8.9, -0.49]
..............................................
Epoch 54. Evaluating scenarios
2026-07-08 20:33 | WARNING  | robot_0 collided with obstacle_1 at state [2.45, 2.34, 0.6]
Average Reward: 70.0
Average Collision rate: 0.1
Average Goal rate: 0.8
..............................................
2026-07-08 20:33 | WARNING  | robot_0 collided with obstacle_4 at state [8.84, 8.04, -0.88]
2026-07-08 20:34 | WARNING  | robot_0 collided with obstacle_3 at state [2.53, 2.88, 2.77]
2026-07-08 20:34 | WARNING  | robot_0 collided with obstacle_1 at state [2.86, 2.92, 2.56]
2026-07-08 20:34 | WARNING  | robot_0 collided with obstacle_2 at state [7.8, 8.06, -0.6]
2026-07-08 20:34 | WARNING  | robot_0 collided with obstacle_3 at state [1.58, 8.25, 0.83]
2026-07-08 20:34 | WARNING  | robot_0 collided with obstacle_4 at state [6.06, 5.83, 0.98]
2026-07-08 20:34 | WARNING  | robot_0 collided with obstacle_3 at state [6.92, 3.85, 0.69]
2026-07-08 20:34 | WARNING  | robot_0 collided with obstacle_3 at state [8.21, 8.36, 1.3]
2026-07-08 20:35 | WARNING  | robot_0 collided with obstacle_3 at state [4.9, 6.52, 0.6]
2026-07-08 20:35 | WARNING  | robot_0 collided with obstacle_1 at state [1.31, 3.41, -0.3]
..............................................
Epoch 55. Evaluating scenarios
2026-07-08 20:35 | WARNING  | robot_0 collided with obstacle_1 at state [8.04, 3.05, -0.18]
Average Reward: 80.0
Average Collision rate: 0.1
Average Goal rate: 0.9
..............................................
2026-07-08 20:35 | WARNING  | robot_0 collided with obstacle_4 at state [5.14, 7.21, -1.22]
2026-07-08 20:35 | WARNING  | robot_0 collided with obstacle_2 at state [7.39, 7.44, -0.59]
2026-07-08 20:36 | WARNING  | robot_0 collided with obstacle_1 at state [4.17, 7.17, -2.48]
2026-07-08 20:36 | WARNING  | robot_0 collided with obstacle_2 at state [4.79, 4.73, 0.71]
2026-07-08 20:36 | WARNING  | robot_0 collided with obstacle_1 at state [7.46, 1.6, 2.57]
..............................................
Epoch 56. Evaluating scenarios
2026-07-08 20:37 | WARNING  | robot_0 collided with obstacle_2 at state [4.18, 6.46, -0.79]
Average Reward: 80.0
Average Collision rate: 0.1
Average Goal rate: 0.9
..............................................
2026-07-08 20:37 | WARNING  | robot_0 collided with obstacle_1 at state [3.76, 4.9, -1.61]
2026-07-08 20:37 | WARNING  | robot_0 collided with obstacle_4 at state [2.4, 1.66, -2.43]
2026-07-08 20:37 | WARNING  | robot_0 collided with obstacle_3 at state [1.29, 2.5, -0.3]
2026-07-08 20:37 | WARNING  | robot_0 collided with obstacle_4 at state [5.97, 7.47, -2.98]
2026-07-08 20:38 | WARNING  | robot_0 collided with obstacle_3 at state [6.29, 2.17, -1.97]
2026-07-08 20:38 | WARNING  | robot_0 collided with obstacle_2 at state [7.6, 3.85, 2.28]
2026-07-08 20:38 | WARNING  | robot_0 collided with obstacle_1 at state [4.91, 2.82, -0.67]
2026-07-08 20:38 | WARNING  | robot_0 collided with obstacle_3 at state [3.74, 8.13, 0.58]
2026-07-08 20:38 | WARNING  | robot_0 collided with obstacle_1 at state [6.1, 2.36, -2.02]
..............................................
Epoch 57. Evaluating scenarios
2026-07-08 20:38 | WARNING  | robot_0 collided with obstacle_4 at state [4.85, 7.0, -0.57]
2026-07-08 20:38 | WARNING  | robot_0 collided with obstacle_3 at state [3.31, 2.41, 1.29]
2026-07-08 20:38 | WARNING  | robot_0 collided with obstacle_3 at state [4.37, 8.11, 0.47]
Average Reward: 30.0
Average Collision rate: 0.3
Average Goal rate: 0.6
..............................................
2026-07-08 20:39 | WARNING  | robot_0 collided with obstacle_3 at state [7.71, 8.38, 1.7]
2026-07-08 20:39 | WARNING  | robot_0 collided with obstacle_2 at state [8.93, 3.14, -1.38]
2026-07-08 20:39 | WARNING  | robot_0 collided with obstacle_2 at state [7.88, 1.74, 0.6]
2026-07-08 20:39 | WARNING  | robot_0 collided with obstacle_1 at state [2.11, 0.9, -2.8]
2026-07-08 20:40 | WARNING  | robot_0 collided with obstacle_3 at state [3.74, 4.83, 0.0]
..............................................
Epoch 58. Evaluating scenarios
2026-07-08 20:40 | WARNING  | robot_0 collided with obstacle_4 at state [3.48, 3.88, 0.35]
2026-07-08 20:40 | WARNING  | robot_0 collided with obstacle_4 at state [8.27, 6.89, 0.0]
Average Reward: 60.0
Average Collision rate: 0.2
Average Goal rate: 0.8
..............................................
2026-07-08 20:40 | WARNING  | robot_0 collided with obstacle_1 at state [6.03, 4.17, 0.6]
2026-07-08 20:40 | WARNING  | robot_0 collided with obstacle_1 at state [5.21, 8.77, 0.21]
2026-07-08 20:41 | WARNING  | robot_0 collided with obstacle_4 at state [8.9, 6.23, -1.37]
2026-07-08 20:41 | WARNING  | robot_0 collided with obstacle_1 at state [4.14, 6.13, -0.88]
..............................................
Epoch 59. Evaluating scenarios
Average Reward: 100.0
Average Collision rate: 0.0
Average Goal rate: 1.0
..............................................
2026-07-08 20:42 | WARNING  | robot_0 collided with obstacle_4 at state [2.45, 6.42, 1.87]
2026-07-08 20:43 | WARNING  | robot_0 collided with obstacle_2 at state [7.88, 4.72, 3.14]
2026-07-08 20:43 | WARNING  | robot_0 collided with obstacle_2 at state [4.86, 3.66, -2.58]
2026-07-08 20:43 | WARNING  | robot_0 collided with obstacle_2 at state [7.47, 8.04, -2.87]
..............................................
Epoch 60. Evaluating scenarios
Average Reward: 90.0
Average Collision rate: 0.0
Average Goal rate: 0.9
..............................................
