Training with SAC on cuda for 60 epochs, reward=dense
2026-07-14 18:02 | WARNING  | The state dimension 4 of r0 is larger than the desired dimension 3, the state dimension is truncated
2026-07-14 18:02 | INFO     | Simulation environment 'robot_world' started. Step time 0.300 s.
2026-07-14 18:02 | WARNING  | robot_0 collided with obstacle_4 at state [2.9, 2.0, -0.04]
2026-07-14 18:02 | WARNING  | robot_0 collided with obstacle_6 at state [4.81, 8.23, -0.0]
2026-07-14 18:02 | WARNING  | robot_0 collided with obstacle_5 at state [5.2, 3.96, -1.8]
2026-07-14 18:03 | WARNING  | robot_0 collided with obstacle_8 at state [9.83, 8.82, -0.25]
2026-07-14 18:03 | WARNING  | robot_0 collided with obstacle_2 at state [8.36, 1.34, -0.17]
2026-07-14 18:03 | WARNING  | robot_0 collided with obstacle_2 at state [0.96, 1.55, -2.71]
2026-07-14 18:03 | WARNING  | robot_0 collided with obstacle_8 at state [2.18, 9.81, 1.51]
2026-07-14 18:03 | WARNING  | robot_0 collided with obstacle_5 at state [8.65, 6.89, 1.82]
2026-07-14 18:03 | WARNING  | robot_0 collided with obstacle_8 at state [9.81, 1.45, 0.02]
2026-07-14 18:03 | WARNING  | robot_0 collided with obstacle_7 at state [3.24, 4.19, -3.13]
2026-07-14 18:03 | WARNING  | robot_0 collided with obstacle_4 at state [3.8, 0.94, -2.23]
2026-07-14 18:03 | WARNING  | robot_0 collided with obstacle_2 at state [3.05, 2.01, 0.34]
2026-07-14 18:03 | WARNING  | robot_0 collided with obstacle_3 at state [8.07, 1.0, 1.08]
2026-07-14 18:04 | WARNING  | robot_0 collided with obstacle_4 at state [2.34, 6.98, 0.99]
2026-07-14 18:04 | WARNING  | robot_0 collided with obstacle_4 at state [4.58, 7.35, -0.08]
2026-07-14 18:04 | WARNING  | robot_0 collided with obstacle_8 at state [9.81, 6.93, 1.09]
2026-07-14 18:04 | WARNING  | robot_0 collided with obstacle_5 at state [4.17, 2.91, 0.63]
2026-07-14 18:04 | WARNING  | robot_0 collided with obstacle_8 at state [8.71, 0.19, -0.47]
2026-07-14 18:04 | WARNING  | robot_0 collided with obstacle_5 at state [2.88, 7.79, 2.96]
2026-07-14 18:04 | WARNING  | robot_0 collided with obstacle_3 at state [5.82, 2.77, 0.07]
2026-07-14 18:04 | WARNING  | robot_0 collided with obstacle_7 at state [6.89, 2.29, 3.09]
2026-07-14 18:04 | WARNING  | robot_0 collided with obstacle_7 at state [2.75, 2.95, -0.75]
2026-07-14 18:04 | WARNING  | robot_0 collided with obstacle_7 at state [8.55, 3.06, 1.42]
2026-07-14 18:04 | WARNING  | robot_0 collided with obstacle_5 at state [8.24, 2.17, -0.13]
2026-07-14 18:04 | WARNING  | robot_0 collided with obstacle_5 at state [2.14, 5.23, -2.71]
2026-07-14 18:04 | WARNING  | robot_0 collided with obstacle_4 at state [5.27, 2.18, -0.5]
2026-07-14 18:04 | WARNING  | robot_0 collided with obstacle_8 at state [2.78, 0.2, -0.24]
2026-07-14 18:04 | WARNING  | robot_0 collided with obstacle_8 at state [4.45, 9.8, 2.53]
2026-07-14 18:04 | WARNING  | robot_0 collided with obstacle_6 at state [8.16, 4.67, 0.72]
2026-07-14 18:04 | WARNING  | robot_0 collided with obstacle_1 at state [6.7, 4.23, -0.62]
2026-07-14 18:04 | WARNING  | robot_0 collided with obstacle_8 at state [9.8, 8.5, 1.29]
2026-07-14 18:04 | WARNING  | robot_0 collided with obstacle_8 at state [5.04, 0.2, -0.79]
2026-07-14 18:04 | WARNING  | robot_0 collided with obstacle_5 at state [1.19, 7.18, 1.68]
2026-07-14 18:04 | WARNING  | robot_0 collided with obstacle_4 at state [6.9, 2.12, -1.32]
2026-07-14 18:04 | WARNING  | robot_0 collided with obstacle_8 at state [9.8, 5.68, 1.11]
2026-07-14 18:05 | WARNING  | robot_0 collided with obstacle_3 at state [0.54, 1.86, -1.55]
2026-07-14 18:05 | WARNING  | robot_0 collided with obstacle_8 at state [9.81, 4.9, 0.84]
2026-07-14 18:05 | WARNING  | robot_0 collided with obstacle_8 at state [9.8, 3.35, 1.22]
2026-07-14 18:05 | WARNING  | robot_0 collided with obstacle_5 at state [7.45, 5.65, 0.32]
2026-07-14 18:05 | WARNING  | robot_0 collided with obstacle_6 at state [8.23, 2.24, 1.07]
2026-07-14 18:05 | WARNING  | robot_0 collided with obstacle_4 at state [7.07, 8.07, -0.47]
2026-07-14 18:05 | WARNING  | robot_0 collided with obstacle_8 at state [0.19, 4.21, -1.77]
2026-07-14 18:05 | WARNING  | robot_0 collided with obstacle_8 at state [0.19, 5.3, -2.21]
2026-07-14 18:05 | WARNING  | robot_0 collided with obstacle_7 at state [1.53, 7.39, -1.05]
2026-07-14 18:05 | WARNING  | robot_0 collided with obstacle_4 at state [7.41, 3.47, 1.33]
2026-07-14 18:05 | WARNING  | robot_0 collided with obstacle_6 at state [7.97, 7.85, -1.14]
2026-07-14 18:05 | WARNING  | robot_0 collided with obstacle_2 at state [6.25, 3.77, -0.3]
2026-07-14 18:05 | WARNING  | robot_0 collided with obstacle_4 at state [3.09, 4.06, -2.87]
2026-07-14 18:05 | WARNING  | robot_0 collided with obstacle_2 at state [3.85, 7.35, -2.18]
2026-07-14 18:05 | WARNING  | robot_0 collided with obstacle_5 at state [5.83, 7.5, -2.16]
2026-07-14 18:05 | WARNING  | robot_0 collided with obstacle_1 at state [8.71, 1.6, 2.21]
..............................................
Epoch 1. Evaluating scenarios
2026-07-14 18:05 | WARNING  | robot_0 collided with obstacle_3 at state [8.73, 5.6, 0.92]
2026-07-14 18:06 | WARNING  | robot_0 collided with obstacle_5 at state [3.98, 6.26, -0.56]
2026-07-14 18:06 | WARNING  | robot_0 collided with obstacle_4 at state [9.21, 8.15, 1.91]
2026-07-14 18:06 | WARNING  | robot_0 collided with obstacle_6 at state [2.0, 3.98, -1.4]
2026-07-14 18:06 | WARNING  | robot_0 collided with obstacle_2 at state [5.75, 4.45, 2.21]
2026-07-14 18:06 | WARNING  | robot_0 collided with obstacle_1 at state [1.83, 3.21, 0.97]
Average Reward: -150.03135197092723
Average Collision rate: 0.6
Average Goal rate: 0.0
..............................................
2026-07-14 18:07 | WARNING  | robot_0 collided with obstacle_6 at state [2.85, 6.5, -1.08]
2026-07-14 18:07 | WARNING  | robot_0 collided with obstacle_3 at state [3.82, 4.29, 0.8]
2026-07-14 18:07 | WARNING  | robot_0 collided with obstacle_7 at state [5.65, 6.48, 0.06]
2026-07-14 18:07 | WARNING  | robot_0 collided with obstacle_3 at state [1.71, 6.27, -1.86]
2026-07-14 18:08 | WARNING  | robot_0 collided with obstacle_7 at state [6.07, 4.33, -1.4]
2026-07-14 18:08 | WARNING  | robot_0 collided with obstacle_7 at state [4.76, 7.68, 0.5]
2026-07-14 18:08 | WARNING  | robot_0 collided with obstacle_2 at state [2.82, 5.27, 0.0]
2026-07-14 18:09 | WARNING  | robot_0 collided with obstacle_2 at state [7.74, 3.18, 1.6]
2026-07-14 18:09 | WARNING  | robot_0 collided with obstacle_6 at state [5.91, 2.11, 1.48]
2026-07-14 18:09 | WARNING  | robot_0 collided with obstacle_1 at state [3.14, 2.98, -1.62]
2026-07-14 18:09 | WARNING  | robot_0 collided with obstacle_7 at state [6.42, 2.37, -0.55]
2026-07-14 18:09 | WARNING  | robot_0 collided with obstacle_4 at state [7.65, 9.01, -2.34]
2026-07-14 18:10 | WARNING  | robot_0 collided with obstacle_5 at state [3.28, 7.93, 1.0]
2026-07-14 18:10 | WARNING  | robot_0 collided with obstacle_4 at state [7.97, 3.48, 0.62]
2026-07-14 18:10 | WARNING  | robot_0 collided with obstacle_4 at state [6.44, 3.35, 0.34]
2026-07-14 18:10 | WARNING  | robot_0 collided with obstacle_6 at state [7.45, 8.47, -0.11]
2026-07-14 18:10 | WARNING  | robot_0 collided with obstacle_4 at state [2.92, 4.13, 2.84]
2026-07-14 18:10 | WARNING  | robot_0 collided with obstacle_6 at state [4.45, 3.11, -0.48]
2026-07-14 18:10 | WARNING  | robot_0 collided with obstacle_1 at state [4.61, 4.96, 1.02]
2026-07-14 18:10 | WARNING  | robot_0 collided with obstacle_6 at state [5.39, 7.3, 0.47]
2026-07-14 18:11 | WARNING  | robot_0 collided with obstacle_3 at state [1.88, 7.63, 1.95]
2026-07-14 18:11 | WARNING  | robot_0 collided with obstacle_3 at state [2.15, 7.84, -1.21]
..............................................
Epoch 2. Evaluating scenarios
2026-07-14 18:12 | WARNING  | robot_0 collided with obstacle_3 at state [2.14, 7.78, -1.3]
Average Reward: -130.46083907162284
Average Collision rate: 0.1
Average Goal rate: 0.0
..............................................
2026-07-14 18:13 | WARNING  | robot_0 collided with obstacle_4 at state [8.71, 2.49, -0.08]
2026-07-14 18:13 | WARNING  | robot_0 collided with obstacle_2 at state [4.73, 3.62, 1.89]
2026-07-14 18:13 | WARNING  | robot_0 collided with obstacle_5 at state [3.76, 7.45, -0.61]
2026-07-14 18:14 | WARNING  | robot_0 collided with obstacle_3 at state [8.0, 2.95, 0.15]
2026-07-14 18:14 | WARNING  | robot_0 collided with obstacle_2 at state [3.47, 4.52, -1.08]
2026-07-14 18:15 | WARNING  | robot_0 collided with obstacle_4 at state [2.53, 5.51, 3.11]
2026-07-14 18:15 | WARNING  | robot_0 collided with obstacle_2 at state [1.95, 2.58, 1.89]
2026-07-14 18:15 | WARNING  | robot_0 collided with obstacle_4 at state [6.09, 4.01, 0.28]
2026-07-14 18:16 | WARNING  | robot_0 collided with obstacle_1 at state [4.49, 6.39, -0.64]
2026-07-14 18:16 | WARNING  | robot_0 collided with obstacle_4 at state [3.92, 8.21, 0.3]
2026-07-14 18:16 | WARNING  | robot_0 collided with obstacle_4 at state [9.15, 7.0, 3.06]
2026-07-14 18:16 | WARNING  | robot_0 collided with obstacle_6 at state [7.92, 3.48, 1.17]
2026-07-14 18:16 | WARNING  | robot_0 collided with obstacle_2 at state [6.18, 3.33, 0.36]
2026-07-14 18:16 | WARNING  | robot_0 collided with obstacle_2 at state [3.24, 3.16, 1.49]
2026-07-14 18:16 | WARNING  | robot_0 collided with obstacle_7 at state [8.14, 4.57, 2.41]
2026-07-14 18:16 | WARNING  | robot_0 collided with obstacle_7 at state [5.33, 7.85, 0.4]
2026-07-14 18:17 | WARNING  | robot_0 collided with obstacle_2 at state [6.68, 8.78, 0.21]
2026-07-14 18:17 | WARNING  | robot_0 collided with obstacle_1 at state [4.61, 6.84, -2.11]
2026-07-14 18:17 | WARNING  | robot_0 collided with obstacle_2 at state [6.29, 3.4, 2.12]
2026-07-14 18:17 | WARNING  | robot_0 collided with obstacle_3 at state [5.69, 8.69, 1.57]
2026-07-14 18:18 | WARNING  | robot_0 collided with obstacle_2 at state [7.04, 4.99, -2.23]
..............................................
Epoch 3. Evaluating scenarios
2026-07-14 18:18 | WARNING  | robot_0 collided with obstacle_4 at state [1.37, 5.11, 0.92]
Average Reward: -154.23031012394955
Average Collision rate: 0.1
Average Goal rate: 0.0
..............................................
2026-07-14 18:19 | WARNING  | robot_0 collided with obstacle_5 at state [2.69, 5.06, 0.74]
2026-07-14 18:19 | WARNING  | robot_0 collided with obstacle_5 at state [8.84, 2.7, 1.54]
2026-07-14 18:19 | WARNING  | robot_0 collided with obstacle_4 at state [2.93, 2.57, 1.84]
2026-07-14 18:20 | WARNING  | robot_0 collided with obstacle_2 at state [1.85, 5.32, 1.38]
2026-07-14 18:20 | WARNING  | robot_0 collided with obstacle_3 at state [2.91, 3.78, 0.54]
2026-07-14 18:20 | WARNING  | robot_0 collided with obstacle_4 at state [3.79, 3.63, 1.49]
2026-07-14 18:20 | WARNING  | robot_0 collided with obstacle_4 at state [6.92, 4.46, 2.8]
2026-07-14 18:20 | WARNING  | robot_0 collided with obstacle_1 at state [5.58, 1.43, -0.8]
2026-07-14 18:20 | WARNING  | robot_0 collided with obstacle_1 at state [5.48, 2.3, -0.04]
2026-07-14 18:20 | WARNING  | robot_0 collided with obstacle_4 at state [1.09, 2.31, 1.41]
2026-07-14 18:21 | WARNING  | robot_0 collided with obstacle_4 at state [7.05, 4.05, -1.11]
2026-07-14 18:21 | WARNING  | robot_0 collided with obstacle_1 at state [3.11, 6.7, 0.0]
2026-07-14 18:21 | WARNING  | robot_0 collided with obstacle_4 at state [6.7, 6.32, -1.64]
2026-07-14 18:21 | WARNING  | robot_0 collided with obstacle_4 at state [2.51, 6.19, -2.29]
2026-07-14 18:21 | WARNING  | robot_0 collided with obstacle_1 at state [7.75, 4.27, -0.53]
2026-07-14 18:21 | WARNING  | robot_0 collided with obstacle_3 at state [2.28, 2.82, -2.22]
2026-07-14 18:22 | WARNING  | robot_0 collided with obstacle_3 at state [5.0, 2.06, -0.3]
2026-07-14 18:22 | WARNING  | robot_0 collided with obstacle_3 at state [5.93, 8.21, 0.0]
2026-07-14 18:22 | WARNING  | robot_0 collided with obstacle_2 at state [4.77, 5.35, 1.73]
2026-07-14 18:22 | WARNING  | robot_0 collided with obstacle_3 at state [4.59, 4.11, 0.79]
2026-07-14 18:22 | WARNING  | robot_0 collided with obstacle_7 at state [4.76, 4.68, -0.58]
2026-07-14 18:22 | WARNING  | robot_0 collided with obstacle_4 at state [3.09, 2.98, 1.28]
2026-07-14 18:23 | WARNING  | robot_0 collided with obstacle_1 at state [8.22, 8.09, 0.64]
2026-07-14 18:23 | WARNING  | robot_0 collided with obstacle_1 at state [8.68, 4.01, 0.0]
..............................................
Epoch 4. Evaluating scenarios
2026-07-14 18:23 | WARNING  | robot_0 collided with obstacle_4 at state [3.64, 3.2, 1.96]
2026-07-14 18:24 | WARNING  | robot_0 collided with obstacle_3 at state [9.02, 9.01, 1.34]
2026-07-14 18:24 | WARNING  | robot_0 collided with obstacle_2 at state [7.17, 5.66, 0.24]
Average Reward: -154.97104952587193
Average Collision rate: 0.3
Average Goal rate: 0.0
..............................................
2026-07-14 18:24 | WARNING  | robot_0 collided with obstacle_1 at state [9.32, 6.33, 0.45]
2026-07-14 18:25 | WARNING  | robot_0 collided with obstacle_4 at state [8.74, 3.62, 0.64]
2026-07-14 18:25 | WARNING  | robot_0 collided with obstacle_2 at state [5.74, 4.62, 1.0]
2026-07-14 18:25 | WARNING  | robot_0 collided with obstacle_4 at state [9.19, 3.21, 0.31]
2026-07-14 18:25 | WARNING  | robot_0 collided with obstacle_2 at state [7.21, 2.12, -2.86]
2026-07-14 18:25 | WARNING  | robot_0 collided with obstacle_6 at state [8.24, 8.17, 2.17]
2026-07-14 18:26 | WARNING  | robot_0 collided with obstacle_3 at state [1.26, 5.75, 1.95]
2026-07-14 18:27 | WARNING  | robot_0 collided with obstacle_4 at state [3.92, 4.38, 0.82]
2026-07-14 18:27 | WARNING  | robot_0 collided with obstacle_3 at state [6.6, 4.97, 1.24]
2026-07-14 18:28 | WARNING  | robot_0 collided with obstacle_2 at state [8.61, 5.59, 0.89]
2026-07-14 18:28 | WARNING  | robot_0 collided with obstacle_4 at state [8.66, 5.51, -2.58]
2026-07-14 18:28 | WARNING  | robot_0 collided with obstacle_6 at state [8.07, 5.75, -2.07]
2026-07-14 18:28 | WARNING  | robot_0 collided with obstacle_2 at state [4.03, 4.43, 0.89]
2026-07-14 18:29 | WARNING  | robot_0 collided with obstacle_2 at state [7.12, 8.19, -1.05]
..............................................
Epoch 5. Evaluating scenarios
2026-07-14 18:29 | WARNING  | robot_0 collided with obstacle_6 at state [4.52, 6.38, 0.51]
2026-07-14 18:30 | WARNING  | robot_0 collided with obstacle_3 at state [7.76, 5.89, 0.44]
Average Reward: -81.5202003953758
Average Collision rate: 0.2
Average Goal rate: 0.1
..............................................
2026-07-14 18:30 | WARNING  | robot_0 collided with obstacle_2 at state [8.36, 7.5, -2.06]
2026-07-14 18:30 | WARNING  | robot_0 collided with obstacle_3 at state [6.52, 7.32, 1.45]
2026-07-14 18:31 | WARNING  | robot_0 collided with obstacle_1 at state [5.05, 3.02, 0.0]
2026-07-14 18:31 | WARNING  | robot_0 collided with obstacle_4 at state [4.33, 6.47, -2.96]
2026-07-14 18:31 | WARNING  | robot_0 collided with obstacle_5 at state [5.0, 1.38, 1.4]
2026-07-14 18:32 | WARNING  | robot_0 collided with obstacle_2 at state [4.2, 8.47, -1.51]
2026-07-14 18:33 | WARNING  | robot_0 collided with obstacle_1 at state [7.05, 3.25, -1.15]
2026-07-14 18:33 | WARNING  | robot_0 collided with obstacle_2 at state [1.66, 7.7, 1.04]
2026-07-14 18:33 | WARNING  | robot_0 collided with obstacle_2 at state [4.43, 2.06, -1.96]
2026-07-14 18:33 | WARNING  | robot_0 collided with obstacle_1 at state [7.62, 5.82, 0.96]
2026-07-14 18:34 | WARNING  | robot_0 collided with obstacle_5 at state [4.8, 8.76, 0.29]
2026-07-14 18:35 | WARNING  | robot_0 collided with obstacle_2 at state [5.14, 2.23, -2.55]
2026-07-14 18:35 | WARNING  | robot_0 collided with obstacle_2 at state [2.77, 5.85, -2.92]
..............................................
Epoch 6. Evaluating scenarios
2026-07-14 18:35 | WARNING  | robot_0 collided with obstacle_3 at state [5.87, 1.27, 2.17]
2026-07-14 18:35 | WARNING  | robot_0 collided with obstacle_7 at state [3.51, 2.54, 0.73]
Average Reward: 16.137162241790868
Average Collision rate: 0.2
Average Goal rate: 0.4
..............................................
2026-07-14 18:36 | WARNING  | robot_0 collided with obstacle_1 at state [8.59, 2.96, -1.2]
2026-07-14 18:37 | WARNING  | robot_0 collided with obstacle_8 at state [9.8, 2.63, 1.27]
2026-07-14 18:37 | WARNING  | robot_0 collided with obstacle_4 at state [8.79, 8.45, 1.29]
2026-07-14 18:37 | WARNING  | robot_0 collided with obstacle_6 at state [3.49, 0.98, 3.02]
2026-07-14 18:37 | WARNING  | robot_0 collided with obstacle_6 at state [4.75, 7.49, -1.41]
2026-07-14 18:37 | WARNING  | robot_0 collided with obstacle_1 at state [2.91, 8.05, -0.13]
2026-07-14 18:37 | WARNING  | robot_0 collided with obstacle_8 at state [9.8, 1.46, 1.45]
2026-07-14 18:38 | WARNING  | robot_0 collided with obstacle_6 at state [7.5, 2.1, -1.0]
2026-07-14 18:38 | WARNING  | robot_0 collided with obstacle_5 at state [7.13, 7.67, -2.68]
2026-07-14 18:38 | WARNING  | robot_0 collided with obstacle_2 at state [5.6, 2.36, 1.11]
2026-07-14 18:38 | WARNING  | robot_0 collided with obstacle_5 at state [4.4, 8.4, 0.4]
2026-07-14 18:38 | WARNING  | robot_0 collided with obstacle_6 at state [7.08, 5.28, 1.42]
2026-07-14 18:38 | WARNING  | robot_0 collided with obstacle_4 at state [0.77, 1.17, -2.65]
2026-07-14 18:38 | WARNING  | robot_0 collided with obstacle_3 at state [8.55, 7.31, 0.6]
2026-07-14 18:38 | WARNING  | robot_0 collided with obstacle_4 at state [3.15, 2.01, -2.67]
2026-07-14 18:39 | WARNING  | robot_0 collided with obstacle_5 at state [5.88, 8.53, 0.2]
2026-07-14 18:39 | WARNING  | robot_0 collided with obstacle_7 at state [6.1, 5.8, -0.01]
2026-07-14 18:39 | WARNING  | robot_0 collided with obstacle_7 at state [1.38, 7.8, 2.26]
2026-07-14 18:39 | WARNING  | robot_0 collided with obstacle_7 at state [3.58, 7.63, -0.3]
2026-07-14 18:39 | WARNING  | robot_0 collided with obstacle_2 at state [6.3, 2.45, -1.12]
2026-07-14 18:39 | WARNING  | robot_0 collided with obstacle_1 at state [4.49, 8.4, 0.86]
2026-07-14 18:39 | WARNING  | robot_0 collided with obstacle_5 at state [9.08, 7.88, -0.73]
2026-07-14 18:39 | WARNING  | robot_0 collided with obstacle_6 at state [8.55, 7.78, -0.71]
2026-07-14 18:39 | WARNING  | robot_0 collided with obstacle_6 at state [3.44, 5.8, -0.27]
2026-07-14 18:39 | WARNING  | robot_0 collided with obstacle_8 at state [9.8, 9.6, 1.02]
..............................................
Epoch 7. Evaluating scenarios
2026-07-14 18:39 | WARNING  | robot_0 collided with obstacle_7 at state [6.9, 2.97, -0.04]
2026-07-14 18:40 | WARNING  | robot_0 collided with obstacle_1 at state [3.0, 5.44, -1.4]
2026-07-14 18:40 | WARNING  | robot_0 collided with obstacle_2 at state [7.71, 4.03, 1.29]
Average Reward: -66.04254726891195
Average Collision rate: 0.3
Average Goal rate: 0.2
..............................................
2026-07-14 18:40 | WARNING  | robot_0 collided with obstacle_1 at state [7.0, 1.64, -0.9]
2026-07-14 18:41 | WARNING  | robot_0 collided with obstacle_3 at state [6.71, 8.94, -1.41]
2026-07-14 18:41 | WARNING  | robot_0 collided with obstacle_6 at state [5.99, 8.61, -2.16]
2026-07-14 18:41 | WARNING  | robot_0 collided with obstacle_3 at state [4.63, 5.5, -2.87]
2026-07-14 18:42 | WARNING  | robot_0 collided with obstacle_6 at state [6.97, 1.61, -2.29]
2026-07-14 18:42 | WARNING  | robot_0 collided with obstacle_7 at state [8.33, 7.99, -0.77]
2026-07-14 18:42 | WARNING  | robot_0 collided with obstacle_4 at state [8.14, 7.27, -0.3]
2026-07-14 18:42 | WARNING  | robot_0 collided with obstacle_4 at state [5.51, 8.63, 1.65]
2026-07-14 18:42 | WARNING  | robot_0 collided with obstacle_6 at state [6.4, 3.47, -1.99]
2026-07-14 18:42 | WARNING  | robot_0 collided with obstacle_4 at state [5.24, 4.12, 2.75]
2026-07-14 18:43 | WARNING  | robot_0 collided with obstacle_3 at state [7.21, 4.36, 1.48]
2026-07-14 18:43 | WARNING  | robot_0 collided with obstacle_4 at state [3.01, 8.65, -0.44]
2026-07-14 18:43 | WARNING  | robot_0 collided with obstacle_1 at state [4.38, 3.72, -0.15]
2026-07-14 18:43 | WARNING  | robot_0 collided with obstacle_7 at state [8.7, 6.32, -1.0]
2026-07-14 18:43 | WARNING  | robot_0 collided with obstacle_3 at state [8.5, 7.24, 2.0]
2026-07-14 18:44 | WARNING  | robot_0 collided with obstacle_2 at state [7.46, 6.07, -0.66]
2026-07-14 18:44 | WARNING  | robot_0 collided with obstacle_8 at state [9.81, 4.78, 1.07]
2026-07-14 18:44 | WARNING  | robot_0 collided with obstacle_3 at state [5.22, 5.56, -0.52]
2026-07-14 18:44 | WARNING  | robot_0 collided with obstacle_5 at state [5.25, 1.85, 0.45]
2026-07-14 18:44 | WARNING  | robot_0 collided with obstacle_5 at state [7.91, 5.92, 1.2]
2026-07-14 18:45 | WARNING  | robot_0 collided with obstacle_3 at state [6.26, 7.38, -1.12]
..............................................
Epoch 8. Evaluating scenarios
2026-07-14 18:45 | WARNING  | robot_0 collided with obstacle_1 at state [6.76, 6.14, -1.68]
2026-07-14 18:45 | WARNING  | robot_0 collided with obstacle_3 at state [3.42, 6.89, 2.66]
2026-07-14 18:45 | WARNING  | robot_0 collided with obstacle_6 at state [7.19, 7.92, 1.04]
2026-07-14 18:45 | WARNING  | robot_0 collided with obstacle_7 at state [8.96, 6.14, -0.71]
2026-07-14 18:45 | WARNING  | robot_0 collided with obstacle_3 at state [5.69, 3.74, 0.96]
Average Reward: -102.39705313067748
Average Collision rate: 0.5
Average Goal rate: 0.1
..............................................
2026-07-14 18:46 | WARNING  | robot_0 collided with obstacle_4 at state [3.04, 2.41, 2.49]
2026-07-14 18:46 | WARNING  | robot_0 collided with obstacle_5 at state [3.99, 8.23, 0.16]
2026-07-14 18:46 | WARNING  | robot_0 collided with obstacle_2 at state [5.06, 7.3, 1.13]
2026-07-14 18:47 | WARNING  | robot_0 collided with obstacle_4 at state [6.0, 2.57, -0.9]
2026-07-14 18:47 | WARNING  | robot_0 collided with obstacle_6 at state [8.66, 4.8, 2.32]
2026-07-14 18:47 | WARNING  | robot_0 collided with obstacle_2 at state [2.11, 4.79, -0.14]
2026-07-14 18:47 | WARNING  | robot_0 collided with obstacle_7 at state [8.81, 3.1, 0.51]
2026-07-14 18:47 | WARNING  | robot_0 collided with obstacle_3 at state [5.14, 7.08, -0.02]
2026-07-14 18:47 | WARNING  | robot_0 collided with obstacle_2 at state [4.82, 3.7, -2.72]
2026-07-14 18:47 | WARNING  | robot_0 collided with obstacle_5 at state [9.27, 7.3, -1.49]
2026-07-14 18:47 | WARNING  | robot_0 collided with obstacle_4 at state [4.6, 4.58, 0.31]
2026-07-14 18:47 | WARNING  | robot_0 collided with obstacle_5 at state [1.62, 3.38, 0.3]
2026-07-14 18:47 | WARNING  | robot_0 collided with obstacle_7 at state [1.69, 7.66, 0.47]
2026-07-14 18:48 | WARNING  | robot_0 collided with obstacle_3 at state [3.49, 7.73, 0.96]
2026-07-14 18:48 | WARNING  | robot_0 collided with obstacle_5 at state [9.36, 7.37, -1.5]
2026-07-14 18:48 | WARNING  | robot_0 collided with obstacle_2 at state [6.96, 4.69, 2.48]
2026-07-14 18:48 | WARNING  | robot_0 collided with obstacle_5 at state [5.79, 9.11, 0.97]
2026-07-14 18:49 | WARNING  | robot_0 collided with obstacle_4 at state [4.24, 6.07, 0.04]
2026-07-14 18:49 | WARNING  | robot_0 collided with obstacle_2 at state [5.59, 5.89, 0.53]
2026-07-14 18:49 | WARNING  | robot_0 collided with obstacle_1 at state [2.15, 3.42, 1.43]
2026-07-14 18:49 | WARNING  | robot_0 collided with obstacle_3 at state [6.99, 4.32, -0.45]
2026-07-14 18:49 | WARNING  | robot_0 collided with obstacle_4 at state [3.74, 5.55, 2.09]
..............................................
Epoch 9. Evaluating scenarios
2026-07-14 18:49 | WARNING  | robot_0 collided with obstacle_2 at state [5.09, 3.94, 0.44]
2026-07-14 18:49 | WARNING  | robot_0 collided with obstacle_7 at state [8.92, 7.31, -1.02]
Average Reward: 19.76520240671365
Average Collision rate: 0.2
Average Goal rate: 0.6
..............................................
2026-07-14 18:50 | WARNING  | robot_0 collided with obstacle_3 at state [6.94, 8.5, -0.16]
2026-07-14 18:50 | WARNING  | robot_0 collided with obstacle_6 at state [4.89, 4.73, -1.08]
2026-07-14 18:50 | WARNING  | robot_0 collided with obstacle_4 at state [5.62, 6.36, 1.18]
2026-07-14 18:51 | WARNING  | robot_0 collided with obstacle_7 at state [5.76, 6.32, -1.14]
2026-07-14 18:51 | WARNING  | robot_0 collided with obstacle_5 at state [7.33, 2.9, 1.49]
2026-07-14 18:51 | WARNING  | robot_0 collided with obstacle_1 at state [4.15, 1.86, 1.48]
2026-07-14 18:51 | WARNING  | robot_0 collided with obstacle_7 at state [6.62, 4.38, -1.3]
2026-07-14 18:51 | WARNING  | robot_0 collided with obstacle_6 at state [1.25, 2.87, 2.84]
2026-07-14 18:51 | WARNING  | robot_0 collided with obstacle_2 at state [4.61, 8.37, 0.3]
2026-07-14 18:51 | WARNING  | robot_0 collided with obstacle_4 at state [4.0, 6.93, 2.5]
2026-07-14 18:52 | WARNING  | robot_0 collided with obstacle_1 at state [4.95, 6.17, -0.22]
2026-07-14 18:52 | WARNING  | robot_0 collided with obstacle_1 at state [3.27, 4.42, 0.48]
2026-07-14 18:52 | WARNING  | robot_0 collided with obstacle_2 at state [3.46, 4.62, 1.96]
2026-07-14 18:52 | WARNING  | robot_0 collided with obstacle_3 at state [2.24, 2.46, -0.36]
2026-07-14 18:52 | WARNING  | robot_0 collided with obstacle_2 at state [2.84, 3.03, 1.18]
2026-07-14 18:52 | WARNING  | robot_0 collided with obstacle_1 at state [4.53, 4.59, -0.05]
2026-07-14 18:52 | WARNING  | robot_0 collided with obstacle_4 at state [8.08, 6.03, -1.29]
2026-07-14 18:52 | WARNING  | robot_0 collided with obstacle_4 at state [3.4, 7.75, 0.3]
..............................................
Epoch 10. Evaluating scenarios
2026-07-14 18:52 | WARNING  | robot_0 collided with obstacle_1 at state [3.2, 7.76, -0.55]
2026-07-14 18:52 | WARNING  | robot_0 collided with obstacle_3 at state [4.87, 6.14, -2.7]
2026-07-14 18:52 | WARNING  | robot_0 collided with obstacle_1 at state [2.43, 4.42, 0.37]
2026-07-14 18:53 | WARNING  | robot_0 collided with obstacle_2 at state [6.56, 4.33, 0.56]
Average Reward: -38.94387347450223
Average Collision rate: 0.4
Average Goal rate: 0.5
..............................................
2026-07-14 18:53 | WARNING  | robot_0 collided with obstacle_2 at state [4.56, 5.12, -1.37]
2026-07-14 18:53 | WARNING  | robot_0 collided with obstacle_2 at state [8.41, 7.87, 0.42]
2026-07-14 18:53 | WARNING  | robot_0 collided with obstacle_5 at state [3.56, 7.49, -1.7]
2026-07-14 18:53 | WARNING  | robot_0 collided with obstacle_5 at state [3.11, 6.44, 3.02]
2026-07-14 18:53 | WARNING  | robot_0 collided with obstacle_1 at state [7.44, 5.4, -0.32]
2026-07-14 18:53 | WARNING  | robot_0 collided with obstacle_3 at state [7.03, 7.93, -0.41]
2026-07-14 18:53 | WARNING  | robot_0 collided with obstacle_2 at state [6.06, 1.23, 0.77]
2026-07-14 18:53 | WARNING  | robot_0 collided with obstacle_1 at state [8.01, 3.52, -0.7]
2026-07-14 18:54 | WARNING  | robot_0 collided with obstacle_4 at state [7.85, 6.21, -0.8]
2026-07-14 18:54 | WARNING  | robot_0 collided with obstacle_1 at state [1.35, 7.12, 1.84]
2026-07-14 18:54 | WARNING  | robot_0 collided with obstacle_1 at state [6.36, 8.23, -0.19]
2026-07-14 18:54 | WARNING  | robot_0 collided with obstacle_5 at state [5.26, 7.64, -2.49]
2026-07-14 18:54 | WARNING  | robot_0 collided with obstacle_1 at state [5.59, 5.29, 1.27]
2026-07-14 18:54 | WARNING  | robot_0 collided with obstacle_8 at state [6.76, 9.8, 2.6]
2026-07-14 18:54 | WARNING  | robot_0 collided with obstacle_5 at state [3.9, 1.18, 0.31]
2026-07-14 18:54 | WARNING  | robot_0 collided with obstacle_1 at state [7.53, 2.47, 1.39]
2026-07-14 18:54 | WARNING  | robot_0 collided with obstacle_2 at state [6.8, 5.91, -2.91]
2026-07-14 18:55 | WARNING  | robot_0 collided with obstacle_3 at state [1.22, 6.58, 0.21]
2026-07-14 18:55 | WARNING  | robot_0 collided with obstacle_6 at state [2.45, 2.69, -2.58]
..............................................
Epoch 11. Evaluating scenarios
2026-07-14 18:55 | WARNING  | robot_0 collided with obstacle_4 at state [6.96, 4.05, -1.8]
2026-07-14 18:55 | WARNING  | robot_0 collided with obstacle_2 at state [4.6, 6.12, 2.33]
Average Reward: 35.14567096036699
Average Collision rate: 0.2
Average Goal rate: 0.7
..............................................
2026-07-14 18:55 | WARNING  | robot_0 collided with obstacle_4 at state [2.89, 2.52, -0.93]
2026-07-14 18:55 | WARNING  | robot_0 collided with obstacle_6 at state [4.65, 1.76, 0.47]
2026-07-14 18:55 | WARNING  | robot_0 collided with obstacle_3 at state [9.1, 2.75, 0.64]
2026-07-14 18:55 | WARNING  | robot_0 collided with obstacle_3 at state [7.1, 4.1, -0.18]
2026-07-14 18:55 | WARNING  | robot_0 collided with obstacle_5 at state [5.26, 5.48, -2.35]
2026-07-14 18:56 | WARNING  | robot_0 collided with obstacle_8 at state [6.47, 9.8, 2.56]
2026-07-14 18:56 | WARNING  | robot_0 collided with obstacle_6 at state [8.99, 6.57, -1.54]
2026-07-14 18:56 | WARNING  | robot_0 collided with obstacle_8 at state [9.82, 3.76, 1.19]
2026-07-14 18:56 | WARNING  | robot_0 collided with obstacle_2 at state [9.25, 5.52, 1.83]
2026-07-14 18:56 | WARNING  | robot_0 collided with obstacle_3 at state [4.72, 5.28, 3.02]
2026-07-14 18:56 | WARNING  | robot_0 collided with obstacle_4 at state [1.77, 4.37, 0.32]
2026-07-14 18:56 | WARNING  | robot_0 collided with obstacle_8 at state [0.18, 7.74, -1.73]
2026-07-14 18:56 | WARNING  | robot_0 collided with obstacle_4 at state [3.24, 6.2, 2.53]
2026-07-14 18:56 | WARNING  | robot_0 collided with obstacle_2 at state [4.9, 1.38, 0.7]
2026-07-14 18:56 | WARNING  | robot_0 collided with obstacle_3 at state [8.21, 4.75, -2.06]
2026-07-14 18:56 | WARNING  | robot_0 collided with obstacle_4 at state [7.12, 7.46, -1.61]
2026-07-14 18:56 | WARNING  | robot_0 collided with obstacle_3 at state [6.6, 4.97, 1.89]
2026-07-14 18:56 | WARNING  | robot_0 collided with obstacle_5 at state [3.11, 7.88, 0.2]
2026-07-14 18:57 | WARNING  | robot_0 collided with obstacle_4 at state [6.35, 5.26, -3.09]
..............................................
Epoch 12. Evaluating scenarios
Average Reward: 122.10291031006253
Average Collision rate: 0.0
Average Goal rate: 1.0
..............................................
2026-07-14 18:57 | WARNING  | robot_0 collided with obstacle_4 at state [8.74, 6.68, -2.79]
2026-07-14 18:57 | WARNING  | robot_0 collided with obstacle_2 at state [2.23, 4.41, -1.83]
2026-07-14 18:57 | WARNING  | robot_0 collided with obstacle_8 at state [3.5, 0.17, -0.46]
2026-07-14 18:58 | WARNING  | robot_0 collided with obstacle_1 at state [8.12, 7.37, 0.74]
2026-07-14 18:58 | WARNING  | robot_0 collided with obstacle_5 at state [6.5, 6.81, -2.81]
2026-07-14 18:58 | WARNING  | robot_0 collided with obstacle_4 at state [7.15, 4.0, -0.3]
2026-07-14 18:58 | WARNING  | robot_0 collided with obstacle_2 at state [6.96, 3.88, 0.7]
2026-07-14 18:59 | WARNING  | robot_0 collided with obstacle_2 at state [4.13, 6.53, -2.07]
2026-07-14 18:59 | WARNING  | robot_0 collided with obstacle_1 at state [6.14, 2.93, 1.96]
2026-07-14 18:59 | WARNING  | robot_0 collided with obstacle_8 at state [9.8, 4.09, 1.35]
..............................................
Epoch 13. Evaluating scenarios
2026-07-14 18:59 | WARNING  | robot_0 collided with obstacle_7 at state [8.0, 6.79, -2.05]
2026-07-14 18:59 | WARNING  | robot_0 collided with obstacle_1 at state [4.09, 4.87, 1.44]
Average Reward: 61.925651009626144
Average Collision rate: 0.2
Average Goal rate: 0.8
..............................................
2026-07-14 18:59 | WARNING  | robot_0 collided with obstacle_1 at state [3.83, 4.98, 0.22]
2026-07-14 18:59 | WARNING  | robot_0 collided with obstacle_3 at state [4.49, 6.93, -2.04]
2026-07-14 18:59 | WARNING  | robot_0 collided with obstacle_1 at state [3.25, 5.49, -0.34]
2026-07-14 19:00 | WARNING  | robot_0 collided with obstacle_6 at state [3.6, 3.93, 2.18]
2026-07-14 19:00 | WARNING  | robot_0 collided with obstacle_6 at state [6.97, 5.64, 0.89]
2026-07-14 19:00 | WARNING  | robot_0 collided with obstacle_5 at state [7.65, 1.87, 0.37]
2026-07-14 19:00 | WARNING  | robot_0 collided with obstacle_5 at state [2.95, 5.25, -2.0]
2026-07-14 19:01 | WARNING  | robot_0 collided with obstacle_3 at state [3.97, 3.29, 1.21]
2026-07-14 19:01 | WARNING  | robot_0 collided with obstacle_4 at state [5.84, 1.69, -1.36]
2026-07-14 19:01 | WARNING  | robot_0 collided with obstacle_4 at state [4.31, 7.53, 0.21]
..............................................
Epoch 14. Evaluating scenarios
Average Reward: 117.37093381777206
Average Collision rate: 0.0
Average Goal rate: 1.0
..............................................
2026-07-14 19:01 | WARNING  | robot_0 collided with obstacle_2 at state [7.02, 4.86, 1.78]
2026-07-14 19:01 | WARNING  | robot_0 collided with obstacle_2 at state [7.27, 2.37, -2.94]
2026-07-14 19:01 | WARNING  | robot_0 collided with obstacle_3 at state [2.71, 3.71, 0.08]
2026-07-14 19:01 | WARNING  | robot_0 collided with obstacle_3 at state [6.12, 9.22, 2.91]
2026-07-14 19:02 | WARNING  | robot_0 collided with obstacle_6 at state [1.02, 3.74, 1.22]
2026-07-14 19:02 | WARNING  | robot_0 collided with obstacle_2 at state [7.87, 7.61, 0.73]
2026-07-14 19:02 | WARNING  | robot_0 collided with obstacle_2 at state [3.77, 4.29, -0.55]
2026-07-14 19:02 | WARNING  | robot_0 collided with obstacle_2 at state [8.55, 0.79, 0.68]
2026-07-14 19:02 | WARNING  | robot_0 collided with obstacle_3 at state [5.73, 4.78, 0.26]
2026-07-14 19:03 | WARNING  | robot_0 collided with obstacle_6 at state [1.61, 4.75, -0.89]
..............................................
Epoch 15. Evaluating scenarios
2026-07-14 19:03 | WARNING  | robot_0 collided with obstacle_6 at state [1.05, 5.73, 1.01]
Average Reward: 73.88959230269319
Average Collision rate: 0.1
Average Goal rate: 0.9
..............................................
2026-07-14 19:03 | WARNING  | robot_0 collided with obstacle_5 at state [7.42, 8.52, -1.83]
2026-07-14 19:03 | WARNING  | robot_0 collided with obstacle_4 at state [8.34, 8.15, 0.29]
2026-07-14 19:04 | WARNING  | robot_0 collided with obstacle_7 at state [7.82, 6.36, -0.51]
2026-07-14 19:04 | WARNING  | robot_0 collided with obstacle_1 at state [5.53, 5.55, -0.29]
2026-07-14 19:04 | WARNING  | robot_0 collided with obstacle_2 at state [3.65, 4.84, 0.87]
2026-07-14 19:04 | WARNING  | robot_0 collided with obstacle_7 at state [7.53, 7.32, 0.25]
2026-07-14 19:04 | WARNING  | robot_0 collided with obstacle_8 at state [9.81, 2.93, 0.41]
2026-07-14 19:04 | WARNING  | robot_0 collided with obstacle_7 at state [4.75, 3.82, 1.8]
2026-07-14 19:04 | WARNING  | robot_0 collided with obstacle_4 at state [7.94, 5.5, -2.69]
2026-07-14 19:04 | WARNING  | robot_0 collided with obstacle_4 at state [6.28, 4.77, -2.83]
2026-07-14 19:05 | WARNING  | robot_0 collided with obstacle_7 at state [8.22, 3.56, 1.26]
2026-07-14 19:05 | WARNING  | robot_0 collided with obstacle_4 at state [8.65, 5.96, 2.14]
2026-07-14 19:05 | WARNING  | robot_0 collided with obstacle_2 at state [5.28, 5.66, -2.16]
..............................................
Epoch 16. Evaluating scenarios
2026-07-14 19:05 | WARNING  | robot_0 collided with obstacle_2 at state [7.15, 3.27, -0.19]
Average Reward: 58.631211563842086
Average Collision rate: 0.1
Average Goal rate: 0.8
..............................................
2026-07-14 19:05 | WARNING  | robot_0 collided with obstacle_1 at state [4.83, 7.23, 1.55]
2026-07-14 19:05 | WARNING  | robot_0 collided with obstacle_4 at state [6.13, 6.9, -0.92]
2026-07-14 19:06 | WARNING  | robot_0 collided with obstacle_4 at state [5.91, 6.39, -1.03]
2026-07-14 19:06 | WARNING  | robot_0 collided with obstacle_2 at state [1.42, 6.17, 2.23]
2026-07-14 19:06 | WARNING  | robot_0 collided with obstacle_4 at state [6.08, 8.7, 0.68]
2026-07-14 19:06 | WARNING  | robot_0 collided with obstacle_7 at state [5.78, 4.39, -3.11]
..............................................
Epoch 17. Evaluating scenarios
2026-07-14 19:07 | WARNING  | robot_0 collided with obstacle_2 at state [5.41, 7.36, -0.46]
2026-07-14 19:07 | WARNING  | robot_0 collided with obstacle_4 at state [7.19, 4.07, -1.0]
Average Reward: -12.406485170302068
Average Collision rate: 0.2
Average Goal rate: 0.6
..............................................
2026-07-14 19:07 | WARNING  | robot_0 collided with obstacle_4 at state [4.22, 3.18, -0.47]
2026-07-14 19:08 | WARNING  | robot_0 collided with obstacle_4 at state [1.96, 5.84, 2.83]
2026-07-14 19:08 | WARNING  | robot_0 collided with obstacle_1 at state [3.93, 2.02, -1.31]
2026-07-14 19:08 | WARNING  | robot_0 collided with obstacle_8 at state [8.28, 9.8, 0.49]
2026-07-14 19:08 | WARNING  | robot_0 collided with obstacle_2 at state [4.02, 3.81, -1.55]
2026-07-14 19:08 | WARNING  | robot_0 collided with obstacle_2 at state [6.58, 6.14, -0.3]
2026-07-14 19:08 | WARNING  | robot_0 collided with obstacle_2 at state [2.75, 6.18, 3.12]
2026-07-14 19:08 | WARNING  | robot_0 collided with obstacle_6 at state [5.03, 7.26, 1.19]
..............................................
Epoch 18. Evaluating scenarios
Average Reward: 107.7991070145105
Average Collision rate: 0.0
Average Goal rate: 1.0
..............................................
2026-07-14 19:09 | WARNING  | robot_0 collided with obstacle_2 at state [5.32, 2.62, -1.6]
2026-07-14 19:09 | WARNING  | robot_0 collided with obstacle_2 at state [6.42, 3.59, 2.35]
2026-07-14 19:09 | WARNING  | robot_0 collided with obstacle_2 at state [2.37, 6.92, 3.12]
2026-07-14 19:09 | WARNING  | robot_0 collided with obstacle_4 at state [1.47, 2.53, -2.07]
2026-07-14 19:09 | WARNING  | robot_0 collided with obstacle_4 at state [7.62, 3.7, 0.81]
2026-07-14 19:09 | WARNING  | robot_0 collided with obstacle_2 at state [6.23, 4.11, 0.04]
2026-07-14 19:09 | WARNING  | robot_0 collided with obstacle_2 at state [5.14, 3.53, -0.37]
2026-07-14 19:09 | WARNING  | robot_0 collided with obstacle_2 at state [7.56, 7.21, 0.11]
2026-07-14 19:09 | WARNING  | robot_0 collided with obstacle_2 at state [7.85, 6.65, 1.85]
2026-07-14 19:09 | WARNING  | robot_0 collided with obstacle_2 at state [1.57, 7.24, 3.08]
2026-07-14 19:10 | WARNING  | robot_0 collided with obstacle_4 at state [1.47, 7.48, -1.82]
2026-07-14 19:10 | WARNING  | robot_0 collided with obstacle_4 at state [7.6, 8.8, 1.0]
2026-07-14 19:10 | WARNING  | robot_0 collided with obstacle_4 at state [5.66, 2.6, 0.56]
..............................................
Epoch 19. Evaluating scenarios
2026-07-14 19:11 | WARNING  | robot_0 collided with obstacle_2 at state [2.32, 2.65, -2.63]
2026-07-14 19:11 | WARNING  | robot_0 collided with obstacle_7 at state [3.4, 7.77, 1.1]
Average Reward: 70.6692440919297
Average Collision rate: 0.2
Average Goal rate: 0.8
..............................................
2026-07-14 19:11 | WARNING  | robot_0 collided with obstacle_4 at state [3.25, 2.68, 1.08]
2026-07-14 19:11 | WARNING  | robot_0 collided with obstacle_1 at state [5.85, 4.51, 0.13]
2026-07-14 19:11 | WARNING  | robot_0 collided with obstacle_1 at state [4.08, 7.1, -0.52]
2026-07-14 19:11 | WARNING  | robot_0 collided with obstacle_1 at state [6.42, 5.84, -1.25]
2026-07-14 19:12 | WARNING  | robot_0 collided with obstacle_2 at state [5.76, 5.43, 1.73]
2026-07-14 19:12 | WARNING  | robot_0 collided with obstacle_3 at state [3.44, 1.78, 2.69]
2026-07-14 19:12 | WARNING  | robot_0 collided with obstacle_2 at state [7.61, 7.58, 0.0]
2026-07-14 19:12 | WARNING  | robot_0 collided with obstacle_2 at state [4.62, 2.94, -0.34]
..............................................
Epoch 20. Evaluating scenarios
2026-07-14 19:12 | WARNING  | robot_0 collided with obstacle_3 at state [3.79, 6.56, -1.25]
2026-07-14 19:12 | WARNING  | robot_0 collided with obstacle_8 at state [9.8, 7.39, 1.56]
Average Reward: 76.0005670534894
Average Collision rate: 0.2
Average Goal rate: 0.8
..............................................
2026-07-14 19:13 | WARNING  | robot_0 collided with obstacle_7 at state [8.43, 8.01, 0.84]
2026-07-14 19:13 | WARNING  | robot_0 collided with obstacle_3 at state [2.07, 6.27, 0.0]
2026-07-14 19:13 | WARNING  | robot_0 collided with obstacle_2 at state [8.92, 5.5, -1.05]
2026-07-14 19:13 | WARNING  | robot_0 collided with obstacle_4 at state [5.71, 2.7, 0.3]
2026-07-14 19:13 | WARNING  | robot_0 collided with obstacle_2 at state [2.88, 4.76, -2.83]
..............................................
Epoch 21. Evaluating scenarios
2026-07-14 19:14 | WARNING  | robot_0 collided with obstacle_1 at state [7.03, 2.95, 0.23]
2026-07-14 19:14 | WARNING  | robot_0 collided with obstacle_5 at state [6.28, 5.29, 1.71]
Average Reward: 46.487893147011576
Average Collision rate: 0.2
Average Goal rate: 0.7
..............................................
2026-07-14 19:14 | WARNING  | robot_0 collided with obstacle_5 at state [2.78, 8.15, 1.2]
2026-07-14 19:14 | WARNING  | robot_0 collided with obstacle_6 at state [6.84, 5.17, 1.43]
2026-07-14 19:14 | WARNING  | robot_0 collided with obstacle_3 at state [3.67, 7.94, 0.63]
2026-07-14 19:15 | WARNING  | robot_0 collided with obstacle_1 at state [5.38, 8.79, 2.42]
2026-07-14 19:15 | WARNING  | robot_0 collided with obstacle_5 at state [6.76, 2.19, 0.78]
2026-07-14 19:15 | WARNING  | robot_0 collided with obstacle_3 at state [3.91, 5.38, 0.89]
2026-07-14 19:15 | WARNING  | robot_0 collided with obstacle_3 at state [7.57, 1.67, 0.6]
2026-07-14 19:15 | WARNING  | robot_0 collided with obstacle_3 at state [4.09, 2.45, 0.42]
2026-07-14 19:15 | WARNING  | robot_0 collided with obstacle_7 at state [6.49, 7.81, -2.12]
..............................................
Epoch 22. Evaluating scenarios
2026-07-14 19:16 | WARNING  | robot_0 collided with obstacle_4 at state [7.57, 6.31, -2.41]
2026-07-14 19:16 | WARNING  | robot_0 collided with obstacle_4 at state [7.75, 3.49, -0.81]
Average Reward: 59.78722855301919
Average Collision rate: 0.2
Average Goal rate: 0.8
..............................................
2026-07-14 19:16 | WARNING  | robot_0 collided with obstacle_4 at state [2.42, 4.63, 2.7]
2026-07-14 19:16 | WARNING  | robot_0 collided with obstacle_4 at state [2.65, 8.06, -3.1]
2026-07-14 19:16 | WARNING  | robot_0 collided with obstacle_2 at state [7.06, 3.87, 2.74]
2026-07-14 19:16 | WARNING  | robot_0 collided with obstacle_4 at state [1.46, 8.9, 1.0]
2026-07-14 19:16 | WARNING  | robot_0 collided with obstacle_4 at state [3.02, 8.16, 1.82]
2026-07-14 19:17 | WARNING  | robot_0 collided with obstacle_6 at state [9.17, 7.99, -1.16]
2026-07-14 19:17 | WARNING  | robot_0 collided with obstacle_4 at state [2.3, 7.11, 2.16]
2026-07-14 19:17 | WARNING  | robot_0 collided with obstacle_4 at state [6.42, 8.29, 0.47]
2026-07-14 19:17 | WARNING  | robot_0 collided with obstacle_1 at state [4.81, 3.11, 0.93]
..............................................
Epoch 23. Evaluating scenarios
Average Reward: 120.19687770655871
Average Collision rate: 0.0
Average Goal rate: 1.0
..............................................
2026-07-14 19:17 | WARNING  | robot_0 collided with obstacle_6 at state [4.46, 5.09, -2.91]
2026-07-14 19:18 | WARNING  | robot_0 collided with obstacle_2 at state [9.09, 7.16, -1.79]
2026-07-14 19:18 | WARNING  | robot_0 collided with obstacle_3 at state [4.42, 7.38, 0.8]
2026-07-14 19:18 | WARNING  | robot_0 collided with obstacle_3 at state [3.06, 4.53, 0.87]
2026-07-14 19:18 | WARNING  | robot_0 collided with obstacle_1 at state [4.87, 3.32, 2.23]
2026-07-14 19:18 | WARNING  | robot_0 collided with obstacle_2 at state [7.08, 1.97, 1.07]
2026-07-14 19:19 | WARNING  | robot_0 collided with obstacle_2 at state [3.3, 4.75, -2.41]
..............................................
Epoch 24. Evaluating scenarios
2026-07-14 19:19 | WARNING  | robot_0 collided with obstacle_3 at state [5.26, 8.02, 1.13]
2026-07-14 19:19 | WARNING  | robot_0 collided with obstacle_4 at state [7.72, 7.45, -0.28]
Average Reward: 71.28249794293929
Average Collision rate: 0.2
Average Goal rate: 0.8
..............................................
2026-07-14 19:19 | WARNING  | robot_0 collided with obstacle_2 at state [5.49, 2.13, -0.43]
2026-07-14 19:20 | WARNING  | robot_0 collided with obstacle_2 at state [2.93, 7.01, 1.04]
2026-07-14 19:20 | WARNING  | robot_0 collided with obstacle_7 at state [4.58, 4.51, 1.52]
2026-07-14 19:20 | WARNING  | robot_0 collided with obstacle_2 at state [3.26, 4.61, 3.1]
2026-07-14 19:20 | WARNING  | robot_0 collided with obstacle_3 at state [1.69, 6.75, 2.06]
2026-07-14 19:20 | WARNING  | robot_0 collided with obstacle_2 at state [7.49, 7.99, 0.52]
2026-07-14 19:20 | WARNING  | robot_0 collided with obstacle_3 at state [3.01, 5.98, -0.14]
2026-07-14 19:20 | WARNING  | robot_0 collided with obstacle_2 at state [5.62, 4.11, 0.12]
2026-07-14 19:20 | WARNING  | robot_0 collided with obstacle_1 at state [3.03, 2.39, 0.0]
2026-07-14 19:20 | WARNING  | robot_0 collided with obstacle_3 at state [4.5, 5.37, -1.54]
2026-07-14 19:20 | WARNING  | robot_0 collided with obstacle_3 at state [6.16, 4.53, -0.6]
2026-07-14 19:21 | WARNING  | robot_0 collided with obstacle_3 at state [7.36, 6.69, 0.29]
..............................................
Epoch 25. Evaluating scenarios
2026-07-14 19:21 | WARNING  | robot_0 collided with obstacle_2 at state [3.86, 1.54, -1.57]
Average Reward: 99.51282166380268
Average Collision rate: 0.1
Average Goal rate: 0.9
..............................................
2026-07-14 19:21 | WARNING  | robot_0 collided with obstacle_4 at state [3.84, 4.81, -3.01]
2026-07-14 19:21 | WARNING  | robot_0 collided with obstacle_8 at state [9.8, 4.26, -0.84]
2026-07-14 19:21 | WARNING  | robot_0 collided with obstacle_1 at state [1.68, 6.27, -1.09]
2026-07-14 19:22 | WARNING  | robot_0 collided with obstacle_3 at state [4.74, 5.82, -2.57]
2026-07-14 19:22 | WARNING  | robot_0 collided with obstacle_4 at state [5.24, 6.94, 0.0]
2026-07-14 19:22 | WARNING  | robot_0 collided with obstacle_2 at state [6.53, 5.71, 0.19]
2026-07-14 19:22 | WARNING  | robot_0 collided with obstacle_4 at state [5.77, 1.75, 0.22]
2026-07-14 19:22 | WARNING  | robot_0 collided with obstacle_2 at state [7.71, 4.08, -0.42]
2026-07-14 19:22 | WARNING  | robot_0 collided with obstacle_2 at state [6.16, 1.83, 0.0]
2026-07-14 19:22 | WARNING  | robot_0 collided with obstacle_7 at state [4.05, 7.35, -1.28]
..............................................
Epoch 26. Evaluating scenarios
2026-07-14 19:22 | WARNING  | robot_0 collided with obstacle_4 at state [6.92, 6.13, -1.19]
Average Reward: 98.8098613136006
Average Collision rate: 0.1
Average Goal rate: 0.9
..............................................
2026-07-14 19:22 | WARNING  | robot_0 collided with obstacle_2 at state [7.38, 7.74, 2.14]
2026-07-14 19:22 | WARNING  | robot_0 collided with obstacle_2 at state [3.12, 5.61, 2.3]
2026-07-14 19:23 | WARNING  | robot_0 collided with obstacle_3 at state [6.86, 5.07, -2.01]
2026-07-14 19:23 | WARNING  | robot_0 collided with obstacle_2 at state [7.92, 5.41, -1.88]
2026-07-14 19:23 | WARNING  | robot_0 collided with obstacle_4 at state [4.59, 3.53, 2.72]
2026-07-14 19:23 | WARNING  | robot_0 collided with obstacle_3 at state [3.69, 3.34, 1.45]
2026-07-14 19:23 | WARNING  | robot_0 collided with obstacle_1 at state [6.43, 2.4, 2.04]
2026-07-14 19:24 | WARNING  | robot_0 collided with obstacle_3 at state [3.03, 6.73, 0.0]
..............................................
Epoch 27. Evaluating scenarios
2026-07-14 19:24 | WARNING  | robot_0 collided with obstacle_2 at state [1.3, 4.3, -2.81]
Average Reward: 67.40326371813889
Average Collision rate: 0.1
Average Goal rate: 0.8
..............................................
2026-07-14 19:24 | WARNING  | robot_0 collided with obstacle_4 at state [8.24, 2.11, 0.69]
2026-07-14 19:24 | WARNING  | robot_0 collided with obstacle_4 at state [6.49, 8.97, 1.57]
2026-07-14 19:24 | WARNING  | robot_0 collided with obstacle_2 at state [4.42, 6.96, -0.68]
2026-07-14 19:24 | WARNING  | robot_0 collided with obstacle_4 at state [7.32, 7.71, 1.97]
2026-07-14 19:24 | WARNING  | robot_0 collided with obstacle_4 at state [3.93, 7.07, 0.95]
2026-07-14 19:24 | WARNING  | robot_0 collided with obstacle_3 at state [6.84, 2.18, -2.82]
2026-07-14 19:25 | WARNING  | robot_0 collided with obstacle_3 at state [8.8, 4.79, 0.79]
2026-07-14 19:25 | WARNING  | robot_0 collided with obstacle_4 at state [2.7, 5.55, 0.73]
2026-07-14 19:25 | WARNING  | robot_0 collided with obstacle_3 at state [4.75, 8.51, 0.56]
2026-07-14 19:25 | WARNING  | robot_0 collided with obstacle_8 at state [4.24, 0.19, -2.69]
2026-07-14 19:25 | WARNING  | robot_0 collided with obstacle_2 at state [5.04, 4.5, 1.54]
2026-07-14 19:25 | WARNING  | robot_0 collided with obstacle_7 at state [3.68, 5.6, 3.11]
..............................................
Epoch 28. Evaluating scenarios
2026-07-14 19:25 | WARNING  | robot_0 collided with obstacle_2 at state [5.76, 8.45, 0.0]
2026-07-14 19:25 | WARNING  | robot_0 collided with obstacle_4 at state [3.87, 1.67, -1.76]
2026-07-14 19:25 | WARNING  | robot_0 collided with obstacle_2 at state [5.05, 1.98, 0.3]
Average Reward: 17.217123106039313
Average Collision rate: 0.3
Average Goal rate: 0.6
..............................................
2026-07-14 19:26 | WARNING  | robot_0 collided with obstacle_2 at state [7.7, 3.58, -2.31]
2026-07-14 19:26 | WARNING  | robot_0 collided with obstacle_2 at state [8.19, 8.53, -0.7]
2026-07-14 19:26 | WARNING  | robot_0 collided with obstacle_2 at state [4.79, 5.05, -2.73]
2026-07-14 19:26 | WARNING  | robot_0 collided with obstacle_2 at state [1.46, 4.26, -2.97]
2026-07-14 19:26 | WARNING  | robot_0 collided with obstacle_2 at state [5.56, 4.98, 3.13]
2026-07-14 19:26 | WARNING  | robot_0 collided with obstacle_3 at state [4.42, 7.54, 0.43]
2026-07-14 19:27 | WARNING  | robot_0 collided with obstacle_2 at state [5.93, 2.37, 0.3]
2026-07-14 19:27 | WARNING  | robot_0 collided with obstacle_2 at state [4.86, 2.8, 1.96]
..............................................
Epoch 29. Evaluating scenarios
2026-07-14 19:27 | WARNING  | robot_0 collided with obstacle_2 at state [4.54, 5.45, -0.83]
2026-07-14 19:27 | WARNING  | robot_0 collided with obstacle_5 at state [2.68, 6.51, -0.02]
2026-07-14 19:27 | WARNING  | robot_0 collided with obstacle_3 at state [6.05, 4.39, 0.05]
Average Reward: 50.61266178293859
Average Collision rate: 0.3
Average Goal rate: 0.7
..............................................
2026-07-14 19:27 | WARNING  | robot_0 collided with obstacle_4 at state [7.81, 6.33, -1.37]
2026-07-14 19:27 | WARNING  | robot_0 collided with obstacle_4 at state [4.89, 4.54, -1.39]
2026-07-14 19:28 | WARNING  | robot_0 collided with obstacle_4 at state [8.15, 0.81, -1.32]
2026-07-14 19:28 | WARNING  | robot_0 collided with obstacle_1 at state [0.74, 0.98, -2.27]
2026-07-14 19:28 | WARNING  | robot_0 collided with obstacle_3 at state [7.86, 4.38, -1.12]
2026-07-14 19:28 | WARNING  | robot_0 collided with obstacle_2 at state [2.98, 6.9, 0.61]
2026-07-14 19:28 | WARNING  | robot_0 collided with obstacle_4 at state [8.61, 3.85, 0.28]
2026-07-14 19:28 | WARNING  | robot_0 collided with obstacle_2 at state [2.09, 4.65, 2.54]
2026-07-14 19:28 | WARNING  | robot_0 collided with obstacle_4 at state [5.14, 2.92, -1.65]
..............................................
Epoch 30. Evaluating scenarios
2026-07-14 19:29 | WARNING  | robot_0 collided with obstacle_2 at state [3.52, 1.77, -2.01]
Average Reward: 69.58130502964212
Average Collision rate: 0.1
Average Goal rate: 0.8
..............................................
2026-07-14 19:29 | WARNING  | robot_0 collided with obstacle_4 at state [3.89, 5.0, -2.97]
2026-07-14 19:30 | WARNING  | robot_0 collided with obstacle_2 at state [4.05, 8.03, -1.61]
2026-07-14 19:30 | WARNING  | robot_0 collided with obstacle_7 at state [2.14, 2.81, -2.67]
2026-07-14 19:30 | WARNING  | robot_0 collided with obstacle_2 at state [7.26, 1.12, -2.01]
2026-07-14 19:30 | WARNING  | robot_0 collided with obstacle_3 at state [6.21, 5.97, 1.47]
..............................................
Epoch 31. Evaluating scenarios
2026-07-14 19:30 | WARNING  | robot_0 collided with obstacle_1 at state [5.08, 4.76, -0.55]
Average Reward: 96.87772514571762
Average Collision rate: 0.1
Average Goal rate: 0.9
..............................................
2026-07-14 19:30 | WARNING  | robot_0 collided with obstacle_3 at state [0.79, 5.46, 1.74]
2026-07-14 19:31 | WARNING  | robot_0 collided with obstacle_4 at state [3.51, 3.93, 0.23]
2026-07-14 19:31 | WARNING  | robot_0 collided with obstacle_4 at state [7.79, 3.37, 2.81]
2026-07-14 19:31 | WARNING  | robot_0 collided with obstacle_1 at state [7.26, 2.38, -2.1]
2026-07-14 19:31 | WARNING  | robot_0 collided with obstacle_1 at state [6.57, 1.53, -0.84]
2026-07-14 19:32 | WARNING  | robot_0 collided with obstacle_2 at state [1.88, 7.66, 0.77]
..............................................
Epoch 32. Evaluating scenarios
Average Reward: 121.41707211259443
Average Collision rate: 0.0
Average Goal rate: 1.0
..............................................
2026-07-14 19:32 | WARNING  | robot_0 collided with obstacle_5 at state [2.18, 4.12, -0.6]
2026-07-14 19:32 | WARNING  | robot_0 collided with obstacle_1 at state [8.47, 4.26, -0.61]
2026-07-14 19:32 | WARNING  | robot_0 collided with obstacle_2 at state [4.52, 6.79, -1.91]
2026-07-14 19:32 | WARNING  | robot_0 collided with obstacle_1 at state [3.22, 1.99, -0.48]
2026-07-14 19:32 | WARNING  | robot_0 collided with obstacle_4 at state [7.35, 2.43, -1.99]
2026-07-14 19:33 | WARNING  | robot_0 collided with obstacle_2 at state [6.09, 4.78, -1.17]
2026-07-14 19:33 | WARNING  | robot_0 collided with obstacle_6 at state [5.27, 7.46, 2.47]
2026-07-14 19:33 | WARNING  | robot_0 collided with obstacle_3 at state [4.87, 3.71, -1.47]
2026-07-14 19:33 | WARNING  | robot_0 collided with obstacle_3 at state [7.2, 6.23, -0.58]
2026-07-14 19:33 | WARNING  | robot_0 collided with obstacle_2 at state [3.97, 6.22, 0.9]
2026-07-14 19:33 | WARNING  | robot_0 collided with obstacle_1 at state [6.4, 5.53, -0.71]
..............................................
Epoch 33. Evaluating scenarios
2026-07-14 19:33 | WARNING  | robot_0 collided with obstacle_4 at state [4.9, 1.72, -0.36]
2026-07-14 19:33 | WARNING  | robot_0 collided with obstacle_2 at state [6.44, 5.75, 1.04]
2026-07-14 19:33 | WARNING  | robot_0 collided with obstacle_6 at state [8.25, 5.25, -1.46]
2026-07-14 19:33 | WARNING  | robot_0 collided with obstacle_4 at state [3.06, 1.63, 1.13]
Average Reward: 24.59368980334907
Average Collision rate: 0.4
Average Goal rate: 0.6
..............................................
2026-07-14 19:33 | WARNING  | robot_0 collided with obstacle_2 at state [4.67, 6.04, -0.57]
2026-07-14 19:33 | WARNING  | robot_0 collided with obstacle_4 at state [4.17, 2.74, -2.93]
2026-07-14 19:33 | WARNING  | robot_0 collided with obstacle_2 at state [5.44, 6.62, 0.76]
2026-07-14 19:33 | WARNING  | robot_0 collided with obstacle_1 at state [6.16, 6.87, -0.81]
2026-07-14 19:33 | WARNING  | robot_0 collided with obstacle_4 at state [5.99, 3.98, -1.71]
2026-07-14 19:33 | WARNING  | robot_0 collided with obstacle_4 at state [0.4, 3.85, 2.4]
2026-07-14 19:34 | WARNING  | robot_0 collided with obstacle_7 at state [3.77, 2.54, -2.31]
2026-07-14 19:34 | WARNING  | robot_0 collided with obstacle_2 at state [5.78, 4.32, -2.11]
2026-07-14 19:34 | WARNING  | robot_0 collided with obstacle_2 at state [4.74, 4.35, 1.98]
2026-07-14 19:34 | WARNING  | robot_0 collided with obstacle_5 at state [6.53, 1.67, -0.23]
2026-07-14 19:34 | WARNING  | robot_0 collided with obstacle_7 at state [8.43, 8.89, -0.22]
2026-07-14 19:34 | WARNING  | robot_0 collided with obstacle_2 at state [7.13, 6.2, -1.02]
2026-07-14 19:34 | WARNING  | robot_0 collided with obstacle_3 at state [8.34, 8.36, 2.27]
2026-07-14 19:34 | WARNING  | robot_0 collided with obstacle_1 at state [7.21, 5.12, 0.22]
..............................................
Epoch 34. Evaluating scenarios
Average Reward: 124.718785927209
Average Collision rate: 0.0
Average Goal rate: 1.0
..............................................
2026-07-14 19:35 | WARNING  | robot_0 collided with obstacle_2 at state [6.91, 7.83, 1.43]
2026-07-14 19:35 | WARNING  | robot_0 collided with obstacle_4 at state [6.5, 5.84, 3.06]
2026-07-14 19:35 | WARNING  | robot_0 collided with obstacle_2 at state [6.36, 8.61, 1.12]
2026-07-14 19:36 | WARNING  | robot_0 collided with obstacle_1 at state [3.75, 6.46, 1.71]
..............................................
Epoch 35. Evaluating scenarios
2026-07-14 19:36 | WARNING  | robot_0 collided with obstacle_3 at state [2.83, 6.15, 0.3]
Average Reward: 89.49430778447089
Average Collision rate: 0.1
Average Goal rate: 0.9
..............................................
2026-07-14 19:36 | WARNING  | robot_0 collided with obstacle_3 at state [3.92, 7.58, -1.36]
2026-07-14 19:36 | WARNING  | robot_0 collided with obstacle_4 at state [6.64, 5.53, 2.89]
2026-07-14 19:36 | WARNING  | robot_0 collided with obstacle_2 at state [4.25, 6.33, 1.95]
2026-07-14 19:36 | WARNING  | robot_0 collided with obstacle_2 at state [3.5, 3.69, 3.08]
2026-07-14 19:37 | WARNING  | robot_0 collided with obstacle_4 at state [5.89, 6.28, -1.31]
2026-07-14 19:37 | WARNING  | robot_0 collided with obstacle_4 at state [1.72, 6.84, -0.3]
2026-07-14 19:37 | WARNING  | robot_0 collided with obstacle_4 at state [8.74, 4.39, -0.65]
2026-07-14 19:37 | WARNING  | robot_0 collided with obstacle_1 at state [7.11, 4.68, -1.78]
2026-07-14 19:37 | WARNING  | robot_0 collided with obstacle_3 at state [7.07, 4.6, 1.11]
2026-07-14 19:37 | WARNING  | robot_0 collided with obstacle_2 at state [7.41, 5.66, -2.01]
..............................................
Epoch 36. Evaluating scenarios
2026-07-14 19:37 | WARNING  | robot_0 collided with obstacle_2 at state [6.37, 7.72, -2.38]
2026-07-14 19:37 | WARNING  | robot_0 collided with obstacle_1 at state [5.09, 6.94, 0.6]
Average Reward: 65.30940128918563
Average Collision rate: 0.2
Average Goal rate: 0.8
..............................................
2026-07-14 19:38 | WARNING  | robot_0 collided with obstacle_4 at state [7.61, 3.36, -0.8]
2026-07-14 19:38 | WARNING  | robot_0 collided with obstacle_1 at state [7.15, 8.48, -0.95]
2026-07-14 19:38 | WARNING  | robot_0 collided with obstacle_3 at state [8.5, 7.82, 1.48]
2026-07-14 19:38 | WARNING  | robot_0 collided with obstacle_2 at state [8.65, 5.63, 1.0]
2026-07-14 19:38 | WARNING  | robot_0 collided with obstacle_7 at state [4.75, 4.76, 0.96]
2026-07-14 19:38 | WARNING  | robot_0 collided with obstacle_2 at state [5.64, 1.92, 2.93]
2026-07-14 19:38 | WARNING  | robot_0 collided with obstacle_2 at state [3.19, 2.93, 0.5]
2026-07-14 19:38 | WARNING  | robot_0 collided with obstacle_2 at state [7.19, 5.46, -1.0]
2026-07-14 19:38 | WARNING  | robot_0 collided with obstacle_4 at state [5.86, 6.71, -2.8]
2026-07-14 19:39 | WARNING  | robot_0 collided with obstacle_4 at state [5.39, 7.5, 0.81]
2026-07-14 19:39 | WARNING  | robot_0 collided with obstacle_2 at state [2.57, 6.31, 0.79]
2026-07-14 19:39 | WARNING  | robot_0 collided with obstacle_4 at state [5.47, 8.08, 2.12]
2026-07-14 19:39 | WARNING  | robot_0 collided with obstacle_2 at state [5.35, 5.77, -0.5]
..............................................
Epoch 37. Evaluating scenarios
2026-07-14 19:39 | WARNING  | robot_0 collided with obstacle_2 at state [5.38, 2.85, 0.65]
2026-07-14 19:39 | WARNING  | robot_0 collided with obstacle_2 at state [6.5, 6.73, -0.14]
2026-07-14 19:39 | WARNING  | robot_0 collided with obstacle_4 at state [4.36, 8.57, 0.28]
Average Reward: 41.82613427445337
Average Collision rate: 0.3
Average Goal rate: 0.7
..............................................
2026-07-14 19:39 | WARNING  | robot_0 collided with obstacle_4 at state [3.68, 4.67, 0.9]
2026-07-14 19:39 | WARNING  | robot_0 collided with obstacle_3 at state [6.99, 7.42, 1.33]
2026-07-14 19:39 | WARNING  | robot_0 collided with obstacle_3 at state [6.31, 7.04, 2.69]
2026-07-14 19:39 | WARNING  | robot_0 collided with obstacle_4 at state [7.15, 8.04, 2.29]
2026-07-14 19:39 | WARNING  | robot_0 collided with obstacle_2 at state [4.24, 5.45, 0.26]
2026-07-14 19:40 | WARNING  | robot_0 collided with obstacle_1 at state [5.08, 2.76, -3.02]
2026-07-14 19:40 | WARNING  | robot_0 collided with obstacle_7 at state [3.47, 2.41, -2.51]
2026-07-14 19:40 | WARNING  | robot_0 collided with obstacle_2 at state [4.22, 6.27, -1.89]
2026-07-14 19:40 | WARNING  | robot_0 collided with obstacle_4 at state [1.67, 4.71, 2.79]
2026-07-14 19:40 | WARNING  | robot_0 collided with obstacle_2 at state [6.22, 2.72, 3.01]
..............................................
Epoch 38. Evaluating scenarios
2026-07-14 19:40 | WARNING  | robot_0 collided with obstacle_3 at state [7.46, 6.83, 2.52]
2026-07-14 19:40 | WARNING  | robot_0 collided with obstacle_4 at state [6.27, 1.01, -0.44]
Average Reward: 71.23217221554563
Average Collision rate: 0.2
Average Goal rate: 0.8
..............................................
2026-07-14 19:40 | WARNING  | robot_0 collided with obstacle_3 at state [7.76, 4.62, 0.12]
2026-07-14 19:41 | WARNING  | robot_0 collided with obstacle_3 at state [5.14, 3.09, 2.73]
2026-07-14 19:41 | WARNING  | robot_0 collided with obstacle_3 at state [3.15, 8.03, -0.1]
2026-07-14 19:41 | WARNING  | robot_0 collided with obstacle_4 at state [2.59, 4.22, -0.75]
2026-07-14 19:41 | WARNING  | robot_0 collided with obstacle_3 at state [5.52, 6.21, 0.84]
2026-07-14 19:41 | WARNING  | robot_0 collided with obstacle_2 at state [2.33, 6.27, -2.08]
2026-07-14 19:41 | WARNING  | robot_0 collided with obstacle_4 at state [3.88, 3.16, 0.04]
2026-07-14 19:41 | WARNING  | robot_0 collided with obstacle_4 at state [5.69, 5.32, 1.88]
2026-07-14 19:41 | WARNING  | robot_0 collided with obstacle_4 at state [4.11, 1.1, 0.3]
2026-07-14 19:41 | WARNING  | robot_0 collided with obstacle_3 at state [6.94, 7.92, -0.0]
..............................................
Epoch 39. Evaluating scenarios
2026-07-14 19:42 | WARNING  | robot_0 collided with obstacle_4 at state [2.54, 3.41, 1.24]
Average Reward: 43.26425595363132
Average Collision rate: 0.1
Average Goal rate: 0.8
..............................................
2026-07-14 19:42 | WARNING  | robot_0 collided with obstacle_2 at state [4.7, 7.45, -0.6]
2026-07-14 19:42 | WARNING  | robot_0 collided with obstacle_3 at state [9.33, 8.53, 0.95]
2026-07-14 19:42 | WARNING  | robot_0 collided with obstacle_2 at state [7.38, 2.99, 2.89]
2026-07-14 19:42 | WARNING  | robot_0 collided with obstacle_6 at state [1.37, 5.37, 1.04]
2026-07-14 19:43 | WARNING  | robot_0 collided with obstacle_3 at state [7.56, 4.74, -1.99]
2026-07-14 19:43 | WARNING  | robot_0 collided with obstacle_4 at state [7.57, 2.63, -0.91]
2026-07-14 19:43 | WARNING  | robot_0 collided with obstacle_4 at state [3.86, 4.94, -2.69]
2026-07-14 19:43 | WARNING  | robot_0 collided with obstacle_4 at state [3.25, 4.02, 3.02]
2026-07-14 19:43 | WARNING  | robot_0 collided with obstacle_1 at state [6.86, 6.54, -0.86]
2026-07-14 19:43 | WARNING  | robot_0 collided with obstacle_1 at state [2.7, 4.66, 0.83]
2026-07-14 19:43 | WARNING  | robot_0 collided with obstacle_2 at state [4.04, 5.41, -1.55]
2026-07-14 19:43 | WARNING  | robot_0 collided with obstacle_4 at state [3.24, 2.86, -1.86]
2026-07-14 19:43 | WARNING  | robot_0 collided with obstacle_3 at state [7.79, 2.47, 2.96]
..............................................
Epoch 40. Evaluating scenarios
2026-07-14 19:43 | WARNING  | robot_0 collided with obstacle_2 at state [4.9, 4.96, -2.04]
2026-07-14 19:43 | WARNING  | robot_0 collided with obstacle_4 at state [3.88, 7.53, 0.6]
Average Reward: 72.72093497700921
Average Collision rate: 0.2
Average Goal rate: 0.8
..............................................
2026-07-14 19:43 | WARNING  | robot_0 collided with obstacle_2 at state [2.73, 4.34, -1.26]
2026-07-14 19:44 | WARNING  | robot_0 collided with obstacle_2 at state [2.71, 2.04, 1.48]
2026-07-14 19:44 | WARNING  | robot_0 collided with obstacle_1 at state [3.05, 8.33, -0.9]
2026-07-14 19:44 | WARNING  | robot_0 collided with obstacle_4 at state [6.17, 7.84, -2.82]
2026-07-14 19:44 | WARNING  | robot_0 collided with obstacle_3 at state [4.87, 6.42, -0.62]
2026-07-14 19:44 | WARNING  | robot_0 collided with obstacle_3 at state [2.92, 5.07, 1.18]
2026-07-14 19:45 | WARNING  | robot_0 collided with obstacle_1 at state [5.3, 7.82, 2.58]
2026-07-14 19:45 | WARNING  | robot_0 collided with obstacle_4 at state [3.9, 6.26, -2.34]
2026-07-14 19:45 | WARNING  | robot_0 collided with obstacle_4 at state [5.2, 4.03, 0.14]
..............................................
Epoch 41. Evaluating scenarios
2026-07-14 19:45 | WARNING  | robot_0 collided with obstacle_2 at state [3.18, 1.07, -1.58]
Average Reward: 88.84175924724998
Average Collision rate: 0.1
Average Goal rate: 0.9
..............................................
2026-07-14 19:45 | WARNING  | robot_0 collided with obstacle_6 at state [4.91, 5.59, 2.72]
2026-07-14 19:45 | WARNING  | robot_0 collided with obstacle_2 at state [2.43, 2.38, -1.16]
2026-07-14 19:45 | WARNING  | robot_0 collided with obstacle_3 at state [3.58, 3.16, 0.0]
2026-07-14 19:45 | WARNING  | robot_0 collided with obstacle_1 at state [6.83, 3.14, -0.84]
2026-07-14 19:46 | WARNING  | robot_0 collided with obstacle_4 at state [5.75, 3.04, -1.1]
2026-07-14 19:46 | WARNING  | robot_0 collided with obstacle_3 at state [8.46, 4.58, 1.76]
2026-07-14 19:46 | WARNING  | robot_0 collided with obstacle_2 at state [3.0, 3.02, -1.12]
2026-07-14 19:46 | WARNING  | robot_0 collided with obstacle_3 at state [4.78, 1.58, -0.28]
..............................................
Epoch 42. Evaluating scenarios
2026-07-14 19:46 | WARNING  | robot_0 collided with obstacle_1 at state [4.94, 4.09, 0.88]
Average Reward: 92.66109741578099
Average Collision rate: 0.1
Average Goal rate: 0.9
..............................................
2026-07-14 19:46 | WARNING  | robot_0 collided with obstacle_7 at state [2.93, 4.48, -1.65]
2026-07-14 19:47 | WARNING  | robot_0 collided with obstacle_2 at state [6.36, 4.31, -0.94]
2026-07-14 19:47 | WARNING  | robot_0 collided with obstacle_4 at state [7.59, 8.46, 0.0]
2026-07-14 19:47 | WARNING  | robot_0 collided with obstacle_1 at state [4.18, 6.21, -0.2]
2026-07-14 19:47 | WARNING  | robot_0 collided with obstacle_2 at state [7.37, 2.08, 0.24]
2026-07-14 19:47 | WARNING  | robot_0 collided with obstacle_4 at state [7.62, 3.89, -0.75]
2026-07-14 19:47 | WARNING  | robot_0 collided with obstacle_4 at state [7.97, 7.67, -0.3]
2026-07-14 19:47 | WARNING  | robot_0 collided with obstacle_3 at state [6.36, 4.82, -0.03]
2026-07-14 19:47 | WARNING  | robot_0 collided with obstacle_2 at state [4.64, 6.22, -1.99]
2026-07-14 19:47 | WARNING  | robot_0 collided with obstacle_2 at state [7.5, 4.54, -1.27]
..............................................
Epoch 43. Evaluating scenarios
Average Reward: 121.1580541926015
Average Collision rate: 0.0
Average Goal rate: 1.0
..............................................
2026-07-14 19:48 | WARNING  | robot_0 collided with obstacle_2 at state [2.3, 8.39, 2.27]
2026-07-14 19:48 | WARNING  | robot_0 collided with obstacle_4 at state [2.92, 2.82, 1.0]
2026-07-14 19:48 | WARNING  | robot_0 collided with obstacle_2 at state [4.25, 5.51, -2.79]
2026-07-14 19:48 | WARNING  | robot_0 collided with obstacle_3 at state [2.21, 8.78, 0.81]
2026-07-14 19:49 | WARNING  | robot_0 collided with obstacle_4 at state [5.48, 4.77, -1.23]
..............................................
Epoch 44. Evaluating scenarios
Average Reward: 120.94168075671969
Average Collision rate: 0.0
Average Goal rate: 1.0
..............................................
2026-07-14 19:49 | WARNING  | robot_0 collided with obstacle_2 at state [3.4, 5.18, -2.8]
2026-07-14 19:49 | WARNING  | robot_0 collided with obstacle_4 at state [5.01, 3.27, 0.85]
2026-07-14 19:49 | WARNING  | robot_0 collided with obstacle_1 at state [3.72, 2.93, -0.75]
2026-07-14 19:49 | WARNING  | robot_0 collided with obstacle_3 at state [3.88, 3.6, 2.19]
2026-07-14 19:50 | WARNING  | robot_0 collided with obstacle_2 at state [3.05, 5.04, 0.57]
2026-07-14 19:50 | WARNING  | robot_0 collided with obstacle_2 at state [4.36, 2.85, 0.0]
2026-07-14 19:50 | WARNING  | robot_0 collided with obstacle_1 at state [1.64, 7.68, 0.17]
2026-07-14 19:50 | WARNING  | robot_0 collided with obstacle_4 at state [8.96, 4.81, 0.34]
2026-07-14 19:50 | WARNING  | robot_0 collided with obstacle_4 at state [5.81, 8.26, -0.99]
..............................................
Epoch 45. Evaluating scenarios
2026-07-14 19:50 | WARNING  | robot_0 collided with obstacle_3 at state [0.65, 8.28, 3.11]
Average Reward: 95.4327033997082
Average Collision rate: 0.1
Average Goal rate: 0.9
..............................................
2026-07-14 19:51 | WARNING  | robot_0 collided with obstacle_4 at state [5.52, 6.82, 1.7]
2026-07-14 19:51 | WARNING  | robot_0 collided with obstacle_2 at state [7.52, 3.22, 0.0]
2026-07-14 19:51 | WARNING  | robot_0 collided with obstacle_4 at state [8.13, 2.11, 0.71]
2026-07-14 19:51 | WARNING  | robot_0 collided with obstacle_4 at state [5.78, 3.72, -1.67]
2026-07-14 19:51 | WARNING  | robot_0 collided with obstacle_3 at state [6.49, 5.25, 0.8]
2026-07-14 19:51 | WARNING  | robot_0 collided with obstacle_2 at state [2.65, 4.45, -0.94]
2026-07-14 19:51 | WARNING  | robot_0 collided with obstacle_2 at state [7.41, 1.36, -2.81]
2026-07-14 19:51 | WARNING  | robot_0 collided with obstacle_4 at state [4.81, 4.51, 0.53]
2026-07-14 19:51 | WARNING  | robot_0 collided with obstacle_1 at state [1.43, 3.43, -0.03]
2026-07-14 19:52 | WARNING  | robot_0 collided with obstacle_2 at state [5.7, 2.05, -0.06]
2026-07-14 19:52 | WARNING  | robot_0 collided with obstacle_2 at state [7.57, 3.38, -2.83]
2026-07-14 19:52 | WARNING  | robot_0 collided with obstacle_4 at state [2.99, 4.96, -2.87]
..............................................
Epoch 46. Evaluating scenarios
2026-07-14 19:52 | WARNING  | robot_0 collided with obstacle_2 at state [4.4, 1.68, 3.14]
2026-07-14 19:52 | WARNING  | robot_0 collided with obstacle_3 at state [1.72, 1.82, 0.0]
Average Reward: 90.68912109821188
Average Collision rate: 0.1
Average Goal rate: 0.9
..............................................
2026-07-14 19:52 | WARNING  | robot_0 collided with obstacle_4 at state [8.51, 3.3, -2.16]
2026-07-14 19:53 | WARNING  | robot_0 collided with obstacle_2 at state [3.6, 3.02, 2.34]
2026-07-14 19:53 | WARNING  | robot_0 collided with obstacle_3 at state [5.71, 3.46, 1.26]
2026-07-14 19:53 | WARNING  | robot_0 collided with obstacle_4 at state [6.89, 5.7, -0.21]
2026-07-14 19:53 | WARNING  | robot_0 collided with obstacle_3 at state [2.58, 3.46, 0.0]
2026-07-14 19:53 | WARNING  | robot_0 collided with obstacle_4 at state [6.73, 3.85, 0.4]
..............................................
Epoch 47. Evaluating scenarios
2026-07-14 19:53 | WARNING  | robot_0 collided with obstacle_8 at state [6.41, 0.17, -2.83]
2026-07-14 19:53 | WARNING  | robot_0 collided with obstacle_2 at state [5.71, 6.25, -1.23]
2026-07-14 19:53 | WARNING  | robot_0 collided with obstacle_3 at state [1.25, 5.13, -2.47]
Average Reward: 57.766429997593015
Average Collision rate: 0.3
Average Goal rate: 0.7
..............................................
2026-07-14 19:53 | WARNING  | robot_0 collided with obstacle_6 at state [4.53, 8.57, 0.55]
2026-07-14 19:53 | WARNING  | robot_0 collided with obstacle_1 at state [7.65, 4.7, 0.42]
2026-07-14 19:54 | WARNING  | robot_0 collided with obstacle_1 at state [6.13, 5.96, 0.25]
2026-07-14 19:54 | WARNING  | robot_0 collided with obstacle_3 at state [1.93, 6.74, -1.35]
2026-07-14 19:54 | WARNING  | robot_0 collided with obstacle_4 at state [7.16, 4.53, 1.03]
2026-07-14 19:54 | WARNING  | robot_0 collided with obstacle_2 at state [7.25, 5.6, 0.06]
2026-07-14 19:54 | WARNING  | robot_0 collided with obstacle_4 at state [2.14, 5.67, 0.16]
..............................................
Epoch 48. Evaluating scenarios
2026-07-14 19:55 | WARNING  | robot_0 collided with obstacle_4 at state [2.75, 3.93, -1.19]
Average Reward: 96.10021268480011
Average Collision rate: 0.1
Average Goal rate: 0.9
..............................................
2026-07-14 19:55 | WARNING  | robot_0 collided with obstacle_4 at state [7.82, 1.45, 0.0]
2026-07-14 19:55 | WARNING  | robot_0 collided with obstacle_3 at state [9.26, 4.95, -0.08]
2026-07-14 19:55 | WARNING  | robot_0 collided with obstacle_3 at state [5.41, 8.49, 1.25]
2026-07-14 19:55 | WARNING  | robot_0 collided with obstacle_4 at state [6.67, 8.55, -1.07]
2026-07-14 19:55 | WARNING  | robot_0 collided with obstacle_2 at state [8.83, 3.01, 0.17]
2026-07-14 19:55 | WARNING  | robot_0 collided with obstacle_2 at state [4.7, 5.62, -0.48]
2026-07-14 19:55 | WARNING  | robot_0 collided with obstacle_8 at state [9.81, 6.83, -0.93]
2026-07-14 19:56 | WARNING  | robot_0 collided with obstacle_1 at state [7.29, 2.33, -0.03]
2026-07-14 19:56 | WARNING  | robot_0 collided with obstacle_3 at state [4.01, 5.87, -1.13]
..............................................
Epoch 49. Evaluating scenarios
2026-07-14 19:56 | WARNING  | robot_0 collided with obstacle_3 at state [3.92, 1.13, 2.9]
Average Reward: 98.62604356363525
Average Collision rate: 0.1
Average Goal rate: 0.9
..............................................
2026-07-14 19:56 | WARNING  | robot_0 collided with obstacle_3 at state [8.65, 4.89, -0.26]
2026-07-14 19:57 | WARNING  | robot_0 collided with obstacle_4 at state [6.02, 5.22, -0.39]
2026-07-14 19:57 | WARNING  | robot_0 collided with obstacle_7 at state [6.68, 3.55, 0.87]
2026-07-14 19:57 | WARNING  | robot_0 collided with obstacle_2 at state [9.2, 3.18, -2.15]
2026-07-14 19:57 | WARNING  | robot_0 collided with obstacle_2 at state [6.31, 4.06, -1.71]
2026-07-14 19:57 | WARNING  | robot_0 collided with obstacle_3 at state [2.24, 2.94, 1.32]
..............................................
Epoch 50. Evaluating scenarios
Average Reward: 131.69661719280788
Average Collision rate: 0.0
Average Goal rate: 1.0
..............................................
2026-07-14 19:58 | WARNING  | robot_0 collided with obstacle_6 at state [7.4, 3.67, 0.42]
2026-07-14 19:58 | WARNING  | robot_0 collided with obstacle_4 at state [5.68, 1.55, -1.44]
2026-07-14 19:58 | WARNING  | robot_0 collided with obstacle_4 at state [8.65, 4.92, 2.29]
2026-07-14 19:58 | WARNING  | robot_0 collided with obstacle_2 at state [4.28, 4.08, -0.23]
2026-07-14 19:58 | WARNING  | robot_0 collided with obstacle_1 at state [3.11, 2.39, 0.51]
2026-07-14 19:59 | WARNING  | robot_0 collided with obstacle_2 at state [8.74, 5.53, -1.51]
2026-07-14 19:59 | WARNING  | robot_0 collided with obstacle_4 at state [2.99, 1.26, -2.07]
2026-07-14 19:59 | WARNING  | robot_0 collided with obstacle_3 at state [4.68, 4.18, 0.44]
2026-07-14 19:59 | WARNING  | robot_0 collided with obstacle_2 at state [8.27, 2.26, -1.86]
..............................................
Epoch 51. Evaluating scenarios
Average Reward: 117.43007470134901
Average Collision rate: 0.0
Average Goal rate: 1.0
..............................................
2026-07-14 19:59 | WARNING  | robot_0 collided with obstacle_3 at state [2.42, 2.1, 1.25]
2026-07-14 20:00 | WARNING  | robot_0 collided with obstacle_3 at state [9.08, 8.3, 0.2]
2026-07-14 20:00 | WARNING  | robot_0 collided with obstacle_4 at state [3.46, 2.6, -2.06]
2026-07-14 20:00 | WARNING  | robot_0 collided with obstacle_3 at state [7.87, 5.2, -0.53]
2026-07-14 20:00 | WARNING  | robot_0 collided with obstacle_4 at state [6.19, 4.23, 0.3]
2026-07-14 20:00 | WARNING  | robot_0 collided with obstacle_3 at state [7.83, 3.41, -0.85]
..............................................
Epoch 52. Evaluating scenarios
Average Reward: 106.731152446111
Average Collision rate: 0.0
Average Goal rate: 1.0
..............................................
2026-07-14 20:01 | WARNING  | robot_0 collided with obstacle_6 at state [1.41, 1.82, -0.29]
2026-07-14 20:01 | WARNING  | robot_0 collided with obstacle_3 at state [6.87, 6.64, 2.47]
2026-07-14 20:01 | WARNING  | robot_0 collided with obstacle_4 at state [2.38, 2.88, 3.11]
2026-07-14 20:01 | WARNING  | robot_0 collided with obstacle_1 at state [9.15, 6.91, -1.79]
2026-07-14 20:01 | WARNING  | robot_0 collided with obstacle_7 at state [5.42, 7.75, 2.59]
2026-07-14 20:02 | WARNING  | robot_0 collided with obstacle_2 at state [3.71, 4.43, 0.62]
2026-07-14 20:02 | WARNING  | robot_0 collided with obstacle_1 at state [5.75, 2.74, 0.0]
2026-07-14 20:02 | WARNING  | robot_0 collided with obstacle_3 at state [4.84, 5.61, -2.3]
2026-07-14 20:02 | WARNING  | robot_0 collided with obstacle_4 at state [5.8, 5.22, -2.3]
2026-07-14 20:02 | WARNING  | robot_0 collided with obstacle_1 at state [3.02, 8.19, -0.21]
..............................................
Epoch 53. Evaluating scenarios
Average Reward: 114.23399884760275
Average Collision rate: 0.0
Average Goal rate: 1.0
..............................................
2026-07-14 20:02 | WARNING  | robot_0 collided with obstacle_4 at state [6.32, 3.94, -0.95]
2026-07-14 20:02 | WARNING  | robot_0 collided with obstacle_1 at state [2.02, 6.22, 1.11]
2026-07-14 20:03 | WARNING  | robot_0 collided with obstacle_3 at state [8.63, 8.15, 2.13]
..............................................
Epoch 54. Evaluating scenarios
2026-07-14 20:04 | WARNING  | robot_0 collided with obstacle_4 at state [9.12, 1.5, -1.51]
Average Reward: 48.15801608327298
Average Collision rate: 0.1
Average Goal rate: 0.8
..............................................
2026-07-14 20:04 | WARNING  | robot_0 collided with obstacle_4 at state [6.64, 6.61, 0.07]
2026-07-14 20:04 | WARNING  | robot_0 collided with obstacle_2 at state [3.22, 3.97, 0.37]
2026-07-14 20:04 | WARNING  | robot_0 collided with obstacle_2 at state [6.54, 9.03, 1.67]
2026-07-14 20:04 | WARNING  | robot_0 collided with obstacle_4 at state [2.55, 3.8, -1.44]
2026-07-14 20:04 | WARNING  | robot_0 collided with obstacle_4 at state [2.75, 7.41, -0.83]
2026-07-14 20:05 | WARNING  | robot_0 collided with obstacle_3 at state [7.77, 8.22, -0.48]
2026-07-14 20:05 | WARNING  | robot_0 collided with obstacle_4 at state [3.59, 8.92, 0.19]
2026-07-14 20:05 | WARNING  | robot_0 collided with obstacle_2 at state [8.0, 4.72, 2.34]
2026-07-14 20:05 | WARNING  | robot_0 collided with obstacle_4 at state [8.12, 1.64, -0.24]
2026-07-14 20:05 | WARNING  | robot_0 collided with obstacle_4 at state [7.45, 1.03, -2.58]
..............................................
Epoch 55. Evaluating scenarios
2026-07-14 20:05 | WARNING  | robot_0 collided with obstacle_5 at state [4.03, 8.25, 0.25]
Average Reward: 98.89610824870898
Average Collision rate: 0.1
Average Goal rate: 0.9
..............................................
2026-07-14 20:06 | WARNING  | robot_0 collided with obstacle_2 at state [8.58, 3.21, -0.33]
2026-07-14 20:06 | WARNING  | robot_0 collided with obstacle_3 at state [6.32, 7.3, 3.02]
2026-07-14 20:06 | WARNING  | robot_0 collided with obstacle_3 at state [2.73, 6.21, 2.53]
2026-07-14 20:06 | WARNING  | robot_0 collided with obstacle_2 at state [6.51, 3.98, 0.26]
2026-07-14 20:06 | WARNING  | robot_0 collided with obstacle_2 at state [4.49, 1.95, -1.63]
2026-07-14 20:06 | WARNING  | robot_0 collided with obstacle_1 at state [3.91, 7.79, 1.84]
2026-07-14 20:06 | WARNING  | robot_0 collided with obstacle_2 at state [2.95, 5.8, 2.94]
2026-07-14 20:06 | WARNING  | robot_0 collided with obstacle_2 at state [6.76, 7.95, 0.0]
2026-07-14 20:06 | WARNING  | robot_0 collided with obstacle_2 at state [7.57, 8.21, -0.48]
2026-07-14 20:06 | WARNING  | robot_0 collided with obstacle_1 at state [9.63, 8.37, -1.21]
2026-07-14 20:06 | WARNING  | robot_0 collided with obstacle_4 at state [5.5, 2.87, -1.78]
2026-07-14 20:06 | WARNING  | robot_0 collided with obstacle_5 at state [4.22, 4.96, 0.29]
..............................................
Epoch 56. Evaluating scenarios
Average Reward: 127.39081058449604
Average Collision rate: 0.0
Average Goal rate: 1.0
..............................................
2026-07-14 20:07 | WARNING  | robot_0 collided with obstacle_2 at state [5.55, 3.32, 0.93]
2026-07-14 20:07 | WARNING  | robot_0 collided with obstacle_3 at state [3.97, 4.28, -0.75]
2026-07-14 20:07 | WARNING  | robot_0 collided with obstacle_3 at state [7.56, 5.22, 0.53]
2026-07-14 20:07 | WARNING  | robot_0 collided with obstacle_4 at state [7.74, 5.89, 2.79]
2026-07-14 20:07 | WARNING  | robot_0 collided with obstacle_6 at state [6.15, 6.23, 0.21]
2026-07-14 20:07 | WARNING  | robot_0 collided with obstacle_4 at state [2.66, 7.14, 2.35]
2026-07-14 20:07 | WARNING  | robot_0 collided with obstacle_2 at state [7.85, 5.49, 0.27]
2026-07-14 20:07 | WARNING  | robot_0 collided with obstacle_4 at state [2.82, 6.45, 0.56]
2026-07-14 20:08 | WARNING  | robot_0 collided with obstacle_2 at state [1.44, 7.62, 2.78]
2026-07-14 20:08 | WARNING  | robot_0 collided with obstacle_6 at state [1.28, 6.89, 2.05]
2026-07-14 20:08 | WARNING  | robot_0 collided with obstacle_4 at state [5.66, 2.03, -2.17]
2026-07-14 20:08 | WARNING  | robot_0 collided with obstacle_2 at state [5.34, 6.27, -1.98]
..............................................
Epoch 57. Evaluating scenarios
2026-07-14 20:08 | WARNING  | robot_0 collided with obstacle_2 at state [4.6, 2.0, -2.7]
2026-07-14 20:08 | WARNING  | robot_0 collided with obstacle_4 at state [7.77, 1.43, -1.2]
Average Reward: 82.7564357564247
Average Collision rate: 0.2
Average Goal rate: 0.8
..............................................
2026-07-14 20:09 | WARNING  | robot_0 collided with obstacle_7 at state [6.38, 2.4, -2.15]
2026-07-14 20:09 | WARNING  | robot_0 collided with obstacle_4 at state [2.93, 4.04, -1.57]
2026-07-14 20:09 | WARNING  | robot_0 collided with obstacle_3 at state [3.32, 4.72, -0.28]
..............................................
Epoch 58. Evaluating scenarios
Average Reward: 102.23194738915257
Average Collision rate: 0.0
Average Goal rate: 1.0
..............................................
2026-07-14 20:10 | WARNING  | robot_0 collided with obstacle_4 at state [4.06, 6.97, -2.53]
2026-07-14 20:10 | WARNING  | robot_0 collided with obstacle_4 at state [7.54, 2.6, 0.02]
2026-07-14 20:10 | WARNING  | robot_0 collided with obstacle_4 at state [1.04, 2.36, 0.71]
2026-07-14 20:10 | WARNING  | robot_0 collided with obstacle_2 at state [5.58, 4.79, 0.03]
2026-07-14 20:11 | WARNING  | robot_0 collided with obstacle_2 at state [5.88, 7.84, -0.78]
2026-07-14 20:11 | WARNING  | robot_0 collided with obstacle_2 at state [4.1, 7.37, 1.82]
..............................................
Epoch 59. Evaluating scenarios
Average Reward: 115.34276402985816
Average Collision rate: 0.0
Average Goal rate: 1.0
..............................................
2026-07-14 20:11 | WARNING  | robot_0 collided with obstacle_2 at state [3.92, 6.4, -2.83]
2026-07-14 20:11 | WARNING  | robot_0 collided with obstacle_2 at state [4.59, 3.02, -1.97]
2026-07-14 20:12 | WARNING  | robot_0 collided with obstacle_2 at state [7.11, 3.6, 2.82]
2026-07-14 20:12 | WARNING  | robot_0 collided with obstacle_8 at state [9.8, 8.25, 1.47]
2026-07-14 20:12 | WARNING  | robot_0 collided with obstacle_4 at state [6.59, 2.64, -0.76]
2026-07-14 20:12 | WARNING  | robot_0 collided with obstacle_3 at state [6.54, 4.83, -0.46]
2026-07-14 20:12 | WARNING  | robot_0 collided with obstacle_6 at state [8.01, 1.52, 1.01]
2026-07-14 20:12 | WARNING  | robot_0 collided with obstacle_4 at state [6.4, 3.14, -1.12]
2026-07-14 20:12 | WARNING  | robot_0 collided with obstacle_4 at state [1.08, 3.47, 1.18]
2026-07-14 20:12 | WARNING  | robot_0 collided with obstacle_1 at state [3.77, 5.51, -2.9]
2026-07-14 20:12 | WARNING  | robot_0 collided with obstacle_4 at state [2.42, 3.42, -1.84]
2026-07-14 20:12 | WARNING  | robot_0 collided with obstacle_2 at state [8.09, 2.29, -0.08]
..............................................
Epoch 60. Evaluating scenarios
Average Reward: 116.70852743890865
Average Collision rate: 0.0
Average Goal rate: 1.0
..............................................
