Loaded weights from: robot_nav/models/SAC/checkpoint
Model: SAC on cuda

2026-07-15 16:36 | INFO     | Simulation environment 'circle_world' started. Step time 0.300 s.
2026-07-15 16:36 | WARNING  | Behavior not defined for robot_1. auto control will be static. Available behaviors: rvo, dash
2026-07-15 16:36 | WARNING  | Behavior not defined for robot_2. auto control will be static. Available behaviors: rvo, dash
2026-07-15 16:36 | WARNING  | Behavior not defined for robot_3. auto control will be static. Available behaviors: rvo, dash
2026-07-15 16:36 | WARNING  | Behavior not defined for robot_4. auto control will be static. Available behaviors: rvo, dash
2026-07-15 16:36 | WARNING  | Behavior not defined for robot_1. auto control will be static. Available behaviors: rvo, dash
2026-07-15 16:36 | WARNING  | Behavior not defined for robot_2. auto control will be static. Available behaviors: rvo, dash
2026-07-15 16:36 | WARNING  | Behavior not defined for robot_3. auto control will be static. Available behaviors: rvo, dash
2026-07-15 16:36 | WARNING  | Behavior not defined for robot_4. auto control will be static. Available behaviors: rvo, dash
2026-07-15 16:36 | WARNING  | Behavior not defined for robot_1. auto control will be static. Available behaviors: rvo, dash
2026-07-15 16:36 | WARNING  | Behavior not defined for robot_2. auto control will be static. Available behaviors: rvo, dash
2026-07-15 16:36 | WARNING  | Behavior not defined for robot_3. auto control will be static. Available behaviors: rvo, dash
2026-07-15 16:36 | WARNING  | Behavior not defined for robot_4. auto control will be static. Available behaviors: rvo, dash
2026-07-15 16:36 | WARNING  | Behavior not defined for robot_1. auto control will be static. Available behaviors: rvo, dash
2026-07-15 16:36 | WARNING  | Behavior not defined for robot_2. auto control will be static. Available behaviors: rvo, dash
2026-07-15 16:36 | WARNING  | Behavior not defined for robot_3. auto control will be static. Available behaviors: rvo, dash
2026-07-15 16:36 | WARNING  | Behavior not defined for robot_4. auto control will be static. Available behaviors: rvo, dash
2026-07-15 16:36 | WARNING  | Behavior not defined for robot_1. auto control will be static. Available behaviors: rvo, dash
2026-07-15 16:36 | WARNING  | Behavior not defined for robot_2. auto control will be static. Available behaviors: rvo, dash
2026-07-15 16:36 | WARNING  | Behavior not defined for robot_3. auto control will be static. Available behaviors: rvo, dash
2026-07-15 16:36 | WARNING  | Behavior not defined for robot_4. auto control will be static. Available behaviors: rvo, dash
2026-07-15 16:36 | WARNING  | Behavior not defined for robot_1. auto control will be static. Available behaviors: rvo, dash
2026-07-15 16:36 | WARNING  | Behavior not defined for robot_2. auto control will be static. Available behaviors: rvo, dash
2026-07-15 16:36 | WARNING  | Behavior not defined for robot_3. auto control will be static. Available behaviors: rvo, dash
2026-07-15 16:36 | WARNING  | Behavior not defined for robot_4. auto control will be static. Available behaviors: rvo, dash
2026-07-15 16:36 | WARNING  | Behavior not defined for robot_1. auto control will be static. Available behaviors: rvo, dash
2026-07-15 16:36 | WARNING  | Behavior not defined for robot_2. auto control will be static. Available behaviors: rvo, dash
2026-07-15 16:36 | WARNING  | Behavior not defined for robot_3. auto control will be static. Available behaviors: rvo, dash
2026-07-15 16:36 | WARNING  | Behavior not defined for robot_4. auto control will be static. Available behaviors: rvo, dash
2026-07-15 16:36 | WARNING  | Behavior not defined for robot_1. auto control will be static. Available behaviors: rvo, dash
2026-07-15 16:36 | WARNING  | Behavior not defined for robot_2. auto control will be static. Available behaviors: rvo, dash
2026-07-15 16:36 | WARNING  | Behavior not defined for robot_3. auto control will be static. Available behaviors: rvo, dash
2026-07-15 16:36 | WARNING  | Behavior not defined for robot_4. auto control will be static. Available behaviors: rvo, dash
2026-07-15 16:36 | WARNING  | Behavior not defined for robot_1. auto control will be static. Available behaviors: rvo, dash
2026-07-15 16:36 | WARNING  | Behavior not defined for robot_2. auto control will be static. Available behaviors: rvo, dash
2026-07-15 16:36 | WARNING  | Behavior not defined for robot_3. auto control will be static. Available behaviors: rvo, dash
2026-07-15 16:36 | WARNING  | Behavior not defined for robot_4. auto control will be static. Available behaviors: rvo, dash
2026-07-15 16:36 | WARNING  | Behavior not defined for robot_1. auto control will be static. Available behaviors: rvo, dash
2026-07-15 16:36 | WARNING  | Behavior not defined for robot_2. auto control will be static. Available behaviors: rvo, dash
2026-07-15 16:36 | WARNING  | Behavior not defined for robot_3. auto control will be static. Available behaviors: rvo, dash
2026-07-15 16:36 | WARNING  | Behavior not defined for robot_4. auto control will be static. Available behaviors: rvo, dash
2026-07-15 16:36 | WARNING  | Behavior not defined for robot_1. auto control will be static. Available behaviors: rvo, dash
2026-07-15 16:36 | WARNING  | Behavior not defined for robot_2. auto control will be static. Available behaviors: rvo, dash
2026-07-15 16:36 | WARNING  | Behavior not defined for robot_3. auto control will be static. Available behaviors: rvo, dash
2026-07-15 16:36 | WARNING  | Behavior not defined for robot_4. auto control will be static. Available behaviors: rvo, dash
2026-07-15 16:36 | WARNING  | Behavior not defined for robot_1. auto control will be static. Available behaviors: rvo, dash
2026-07-15 16:36 | WARNING  | Behavior not defined for robot_2. auto control will be static. Available behaviors: rvo, dash
2026-07-15 16:36 | WARNING  | Behavior not defined for robot_3. auto control will be static. Available behaviors: rvo, dash
2026-07-15 16:36 | WARNING  | Behavior not defined for robot_4. auto control will be static. Available behaviors: rvo, dash
2026-07-15 16:36 | WARNING  | Behavior not defined for robot_1. auto control will be static. Available behaviors: rvo, dash
2026-07-15 16:36 | WARNING  | Behavior not defined for robot_2. auto control will be static. Available behaviors: rvo, dash
2026-07-15 16:36 | WARNING  | Behavior not defined for robot_3. auto control will be static. Available behaviors: rvo, dash
2026-07-15 16:36 | WARNING  | Behavior not defined for robot_4. auto control will be static. Available behaviors: rvo, dash
2026-07-15 16:36 | WARNING  | Behavior not defined for robot_1. auto control will be static. Available behaviors: rvo, dash
2026-07-15 16:36 | WARNING  | Behavior not defined for robot_2. auto control will be static. Available behaviors: rvo, dash
2026-07-15 16:36 | WARNING  | Behavior not defined for robot_3. auto control will be static. Available behaviors: rvo, dash
2026-07-15 16:36 | WARNING  | Behavior not defined for robot_4. auto control will be static. Available behaviors: rvo, dash
2026-07-15 16:36 | WARNING  | Behavior not defined for robot_1. auto control will be static. Available behaviors: rvo, dash
2026-07-15 16:36 | WARNING  | Behavior not defined for robot_2. auto control will be static. Available behaviors: rvo, dash
2026-07-15 16:36 | WARNING  | Behavior not defined for robot_3. auto control will be static. Available behaviors: rvo, dash
2026-07-15 16:36 | WARNING  | Behavior not defined for robot_4. auto control will be static. Available behaviors: rvo, dash
2026-07-15 16:36 | WARNING  | Behavior not defined for robot_1. auto control will be static. Available behaviors: rvo, dash
2026-07-15 16:36 | WARNING  | Behavior not defined for robot_2. auto control will be static. Available behaviors: rvo, dash
2026-07-15 16:36 | WARNING  | Behavior not defined for robot_3. auto control will be static. Available behaviors: rvo, dash
2026-07-15 16:36 | WARNING  | Behavior not defined for robot_4. auto control will be static. Available behaviors: rvo, dash
2026-07-15 16:36 | WARNING  | Behavior not defined for robot_1. auto control will be static. Available behaviors: rvo, dash
2026-07-15 16:36 | WARNING  | Behavior not defined for robot_2. auto control will be static. Available behaviors: rvo, dash
2026-07-15 16:36 | WARNING  | Behavior not defined for robot_3. auto control will be static. Available behaviors: rvo, dash
2026-07-15 16:36 | WARNING  | Behavior not defined for robot_4. auto control will be static. Available behaviors: rvo, dash
2026-07-15 16:36 | WARNING  | Behavior not defined for robot_1. auto control will be static. Available behaviors: rvo, dash
2026-07-15 16:36 | WARNING  | Behavior not defined for robot_2. auto control will be static. Available behaviors: rvo, dash
2026-07-15 16:36 | WARNING  | Behavior not defined for robot_3. auto control will be static. Available behaviors: rvo, dash
2026-07-15 16:36 | WARNING  | Behavior not defined for robot_4. auto control will be static. Available behaviors: rvo, dash
2026-07-15 16:36 | WARNING  | Behavior not defined for robot_1. auto control will be static. Available behaviors: rvo, dash
2026-07-15 16:36 | WARNING  | Behavior not defined for robot_2. auto control will be static. Available behaviors: rvo, dash
2026-07-15 16:36 | WARNING  | Behavior not defined for robot_3. auto control will be static. Available behaviors: rvo, dash
2026-07-15 16:36 | WARNING  | Behavior not defined for robot_4. auto control will be static. Available behaviors: rvo, dash
2026-07-15 16:36 | WARNING  | Behavior not defined for robot_1. auto control will be static. Available behaviors: rvo, dash
2026-07-15 16:36 | WARNING  | Behavior not defined for robot_2. auto control will be static. Available behaviors: rvo, dash
2026-07-15 16:36 | WARNING  | Behavior not defined for robot_3. auto control will be static. Available behaviors: rvo, dash
2026-07-15 16:36 | WARNING  | Behavior not defined for robot_4. auto control will be static. Available behaviors: rvo, dash
2026-07-15 16:36 | WARNING  | Behavior not defined for robot_1. auto control will be static. Available behaviors: rvo, dash
2026-07-15 16:36 | WARNING  | Behavior not defined for robot_2. auto control will be static. Available behaviors: rvo, dash
2026-07-15 16:36 | WARNING  | Behavior not defined for robot_3. auto control will be static. Available behaviors: rvo, dash
2026-07-15 16:36 | WARNING  | Behavior not defined for robot_4. auto control will be static. Available behaviors: rvo, dash
2026-07-15 16:36 | WARNING  | Behavior not defined for robot_1. auto control will be static. Available behaviors: rvo, dash
2026-07-15 16:36 | WARNING  | Behavior not defined for robot_2. auto control will be static. Available behaviors: rvo, dash
2026-07-15 16:36 | WARNING  | Behavior not defined for robot_3. auto control will be static. Available behaviors: rvo, dash
2026-07-15 16:36 | WARNING  | Behavior not defined for robot_4. auto control will be static. Available behaviors: rvo, dash
2026-07-15 16:36 | WARNING  | Behavior not defined for robot_1. auto control will be static. Available behaviors: rvo, dash
2026-07-15 16:36 | WARNING  | Behavior not defined for robot_2. auto control will be static. Available behaviors: rvo, dash
2026-07-15 16:36 | WARNING  | Behavior not defined for robot_3. auto control will be static. Available behaviors: rvo, dash
2026-07-15 16:36 | WARNING  | Behavior not defined for robot_4. auto control will be static. Available behaviors: rvo, dash
2026-07-15 16:36 | WARNING  | Behavior not defined for robot_1. auto control will be static. Available behaviors: rvo, dash
2026-07-15 16:36 | WARNING  | Behavior not defined for robot_2. auto control will be static. Available behaviors: rvo, dash
2026-07-15 16:36 | WARNING  | Behavior not defined for robot_3. auto control will be static. Available behaviors: rvo, dash
2026-07-15 16:36 | WARNING  | Behavior not defined for robot_4. auto control will be static. Available behaviors: rvo, dash
2026-07-15 16:36 | WARNING  | Behavior not defined for robot_1. auto control will be static. Available behaviors: rvo, dash
2026-07-15 16:36 | WARNING  | Behavior not defined for robot_2. auto control will be static. Available behaviors: rvo, dash
2026-07-15 16:36 | WARNING  | Behavior not defined for robot_3. auto control will be static. Available behaviors: rvo, dash
2026-07-15 16:36 | WARNING  | Behavior not defined for robot_4. auto control will be static. Available behaviors: rvo, dash
2026-07-15 16:36 | WARNING  | Behavior not defined for robot_1. auto control will be static. Available behaviors: rvo, dash
2026-07-15 16:36 | WARNING  | Behavior not defined for robot_2. auto control will be static. Available behaviors: rvo, dash
2026-07-15 16:36 | WARNING  | Behavior not defined for robot_3. auto control will be static. Available behaviors: rvo, dash
2026-07-15 16:36 | WARNING  | Behavior not defined for robot_4. auto control will be static. Available behaviors: rvo, dash
  circle_world.yaml             Goal: 10/10  Collision: 0/10  Avg Reward: 110.7
2026-07-15 16:36 | INFO     | Simulation environment 'cross_world' started. Step time 0.300 s.
2026-07-15 16:36 | WARNING  | Behavior not defined for robot_1. auto control will be static. Available behaviors: rvo, dash
2026-07-15 16:36 | WARNING  | Behavior not defined for robot_2. auto control will be static. Available behaviors: rvo, dash
2026-07-15 16:36 | WARNING  | Behavior not defined for robot_3. auto control will be static. Available behaviors: rvo, dash
2026-07-15 16:36 | WARNING  | Behavior not defined for robot_4. auto control will be static. Available behaviors: rvo, dash
2026-07-15 16:36 | WARNING  | Behavior not defined for robot_1. auto control will be static. Available behaviors: rvo, dash
2026-07-15 16:36 | WARNING  | Behavior not defined for robot_2. auto control will be static. Available behaviors: rvo, dash
2026-07-15 16:36 | WARNING  | Behavior not defined for robot_3. auto control will be static. Available behaviors: rvo, dash
2026-07-15 16:36 | WARNING  | Behavior not defined for robot_4. auto control will be static. Available behaviors: rvo, dash
2026-07-15 16:36 | WARNING  | Behavior not defined for robot_1. auto control will be static. Available behaviors: rvo, dash
2026-07-15 16:36 | WARNING  | Behavior not defined for robot_2. auto control will be static. Available behaviors: rvo, dash
2026-07-15 16:36 | WARNING  | Behavior not defined for robot_3. auto control will be static. Available behaviors: rvo, dash
2026-07-15 16:36 | WARNING  | Behavior not defined for robot_4. auto control will be static. Available behaviors: rvo, dash
2026-07-15 16:36 | WARNING  | Behavior not defined for robot_1. auto control will be static. Available behaviors: rvo, dash
2026-07-15 16:36 | WARNING  | Behavior not defined for robot_2. auto control will be static. Available behaviors: rvo, dash
2026-07-15 16:36 | WARNING  | Behavior not defined for robot_3. auto control will be static. Available behaviors: rvo, dash
2026-07-15 16:36 | WARNING  | Behavior not defined for robot_4. auto control will be static. Available behaviors: rvo, dash
2026-07-15 16:36 | WARNING  | Behavior not defined for robot_1. auto control will be static. Available behaviors: rvo, dash
2026-07-15 16:36 | WARNING  | Behavior not defined for robot_2. auto control will be static. Available behaviors: rvo, dash
2026-07-15 16:36 | WARNING  | Behavior not defined for robot_3. auto control will be static. Available behaviors: rvo, dash
2026-07-15 16:36 | WARNING  | Behavior not defined for robot_4. auto control will be static. Available behaviors: rvo, dash
2026-07-15 16:36 | WARNING  | Behavior not defined for robot_1. auto control will be static. Available behaviors: rvo, dash
2026-07-15 16:36 | WARNING  | Behavior not defined for robot_2. auto control will be static. Available behaviors: rvo, dash
2026-07-15 16:36 | WARNING  | Behavior not defined for robot_3. auto control will be static. Available behaviors: rvo, dash
2026-07-15 16:36 | WARNING  | Behavior not defined for robot_4. auto control will be static. Available behaviors: rvo, dash
2026-07-15 16:36 | WARNING  | Behavior not defined for robot_1. auto control will be static. Available behaviors: rvo, dash
2026-07-15 16:36 | WARNING  | Behavior not defined for robot_2. auto control will be static. Available behaviors: rvo, dash
2026-07-15 16:36 | WARNING  | Behavior not defined for robot_3. auto control will be static. Available behaviors: rvo, dash
2026-07-15 16:36 | WARNING  | Behavior not defined for robot_4. auto control will be static. Available behaviors: rvo, dash
2026-07-15 16:36 | WARNING  | Behavior not defined for robot_1. auto control will be static. Available behaviors: rvo, dash
2026-07-15 16:36 | WARNING  | Behavior not defined for robot_2. auto control will be static. Available behaviors: rvo, dash
2026-07-15 16:36 | WARNING  | Behavior not defined for robot_3. auto control will be static. Available behaviors: rvo, dash
2026-07-15 16:36 | WARNING  | Behavior not defined for robot_4. auto control will be static. Available behaviors: rvo, dash
2026-07-15 16:36 | WARNING  | Behavior not defined for robot_1. auto control will be static. Available behaviors: rvo, dash
2026-07-15 16:36 | WARNING  | Behavior not defined for robot_2. auto control will be static. Available behaviors: rvo, dash
2026-07-15 16:36 | WARNING  | Behavior not defined for robot_3. auto control will be static. Available behaviors: rvo, dash
2026-07-15 16:36 | WARNING  | Behavior not defined for robot_4. auto control will be static. Available behaviors: rvo, dash
2026-07-15 16:36 | WARNING  | Behavior not defined for robot_1. auto control will be static. Available behaviors: rvo, dash
2026-07-15 16:36 | WARNING  | Behavior not defined for robot_2. auto control will be static. Available behaviors: rvo, dash
2026-07-15 16:36 | WARNING  | Behavior not defined for robot_3. auto control will be static. Available behaviors: rvo, dash
2026-07-15 16:36 | WARNING  | Behavior not defined for robot_4. auto control will be static. Available behaviors: rvo, dash
2026-07-15 16:36 | WARNING  | Behavior not defined for robot_1. auto control will be static. Available behaviors: rvo, dash
2026-07-15 16:36 | WARNING  | Behavior not defined for robot_2. auto control will be static. Available behaviors: rvo, dash
2026-07-15 16:36 | WARNING  | Behavior not defined for robot_3. auto control will be static. Available behaviors: rvo, dash
2026-07-15 16:36 | WARNING  | Behavior not defined for robot_4. auto control will be static. Available behaviors: rvo, dash
2026-07-15 16:36 | WARNING  | Behavior not defined for robot_1. auto control will be static. Available behaviors: rvo, dash
2026-07-15 16:36 | WARNING  | Behavior not defined for robot_2. auto control will be static. Available behaviors: rvo, dash
2026-07-15 16:36 | WARNING  | Behavior not defined for robot_3. auto control will be static. Available behaviors: rvo, dash
2026-07-15 16:36 | WARNING  | Behavior not defined for robot_4. auto control will be static. Available behaviors: rvo, dash
2026-07-15 16:36 | WARNING  | Behavior not defined for robot_1. auto control will be static. Available behaviors: rvo, dash
2026-07-15 16:36 | WARNING  | Behavior not defined for robot_2. auto control will be static. Available behaviors: rvo, dash
2026-07-15 16:36 | WARNING  | Behavior not defined for robot_3. auto control will be static. Available behaviors: rvo, dash
2026-07-15 16:36 | WARNING  | Behavior not defined for robot_4. auto control will be static. Available behaviors: rvo, dash
2026-07-15 16:36 | WARNING  | Behavior not defined for robot_1. auto control will be static. Available behaviors: rvo, dash
2026-07-15 16:36 | WARNING  | Behavior not defined for robot_2. auto control will be static. Available behaviors: rvo, dash
2026-07-15 16:36 | WARNING  | Behavior not defined for robot_3. auto control will be static. Available behaviors: rvo, dash
2026-07-15 16:36 | WARNING  | Behavior not defined for robot_4. auto control will be static. Available behaviors: rvo, dash
2026-07-15 16:36 | WARNING  | Behavior not defined for robot_1. auto control will be static. Available behaviors: rvo, dash
2026-07-15 16:36 | WARNING  | Behavior not defined for robot_2. auto control will be static. Available behaviors: rvo, dash
2026-07-15 16:36 | WARNING  | Behavior not defined for robot_3. auto control will be static. Available behaviors: rvo, dash
2026-07-15 16:36 | WARNING  | Behavior not defined for robot_4. auto control will be static. Available behaviors: rvo, dash
2026-07-15 16:36 | WARNING  | Behavior not defined for robot_1. auto control will be static. Available behaviors: rvo, dash
2026-07-15 16:36 | WARNING  | Behavior not defined for robot_2. auto control will be static. Available behaviors: rvo, dash
2026-07-15 16:36 | WARNING  | Behavior not defined for robot_3. auto control will be static. Available behaviors: rvo, dash
2026-07-15 16:36 | WARNING  | Behavior not defined for robot_4. auto control will be static. Available behaviors: rvo, dash
2026-07-15 16:36 | WARNING  | Behavior not defined for robot_1. auto control will be static. Available behaviors: rvo, dash
2026-07-15 16:36 | WARNING  | Behavior not defined for robot_2. auto control will be static. Available behaviors: rvo, dash
2026-07-15 16:36 | WARNING  | Behavior not defined for robot_3. auto control will be static. Available behaviors: rvo, dash
2026-07-15 16:36 | WARNING  | Behavior not defined for robot_4. auto control will be static. Available behaviors: rvo, dash
2026-07-15 16:36 | WARNING  | Behavior not defined for robot_1. auto control will be static. Available behaviors: rvo, dash
2026-07-15 16:36 | WARNING  | Behavior not defined for robot_2. auto control will be static. Available behaviors: rvo, dash
2026-07-15 16:36 | WARNING  | Behavior not defined for robot_3. auto control will be static. Available behaviors: rvo, dash
2026-07-15 16:36 | WARNING  | Behavior not defined for robot_4. auto control will be static. Available behaviors: rvo, dash
2026-07-15 16:36 | WARNING  | Behavior not defined for robot_1. auto control will be static. Available behaviors: rvo, dash
2026-07-15 16:36 | WARNING  | Behavior not defined for robot_2. auto control will be static. Available behaviors: rvo, dash
2026-07-15 16:36 | WARNING  | Behavior not defined for robot_3. auto control will be static. Available behaviors: rvo, dash
2026-07-15 16:36 | WARNING  | Behavior not defined for robot_4. auto control will be static. Available behaviors: rvo, dash
2026-07-15 16:36 | WARNING  | Behavior not defined for robot_1. auto control will be static. Available behaviors: rvo, dash
2026-07-15 16:36 | WARNING  | Behavior not defined for robot_2. auto control will be static. Available behaviors: rvo, dash
2026-07-15 16:36 | WARNING  | Behavior not defined for robot_3. auto control will be static. Available behaviors: rvo, dash
2026-07-15 16:36 | WARNING  | Behavior not defined for robot_4. auto control will be static. Available behaviors: rvo, dash
2026-07-15 16:36 | WARNING  | Behavior not defined for robot_1. auto control will be static. Available behaviors: rvo, dash
2026-07-15 16:36 | WARNING  | Behavior not defined for robot_2. auto control will be static. Available behaviors: rvo, dash
2026-07-15 16:36 | WARNING  | Behavior not defined for robot_3. auto control will be static. Available behaviors: rvo, dash
2026-07-15 16:36 | WARNING  | Behavior not defined for robot_4. auto control will be static. Available behaviors: rvo, dash
2026-07-15 16:36 | WARNING  | Behavior not defined for robot_1. auto control will be static. Available behaviors: rvo, dash
2026-07-15 16:36 | WARNING  | Behavior not defined for robot_2. auto control will be static. Available behaviors: rvo, dash
2026-07-15 16:36 | WARNING  | Behavior not defined for robot_3. auto control will be static. Available behaviors: rvo, dash
2026-07-15 16:36 | WARNING  | Behavior not defined for robot_4. auto control will be static. Available behaviors: rvo, dash
2026-07-15 16:36 | WARNING  | Behavior not defined for robot_1. auto control will be static. Available behaviors: rvo, dash
2026-07-15 16:36 | WARNING  | Behavior not defined for robot_2. auto control will be static. Available behaviors: rvo, dash
2026-07-15 16:36 | WARNING  | Behavior not defined for robot_3. auto control will be static. Available behaviors: rvo, dash
2026-07-15 16:36 | WARNING  | Behavior not defined for robot_4. auto control will be static. Available behaviors: rvo, dash
2026-07-15 16:36 | WARNING  | Behavior not defined for robot_1. auto control will be static. Available behaviors: rvo, dash
2026-07-15 16:36 | WARNING  | Behavior not defined for robot_2. auto control will be static. Available behaviors: rvo, dash
2026-07-15 16:36 | WARNING  | Behavior not defined for robot_3. auto control will be static. Available behaviors: rvo, dash
2026-07-15 16:36 | WARNING  | Behavior not defined for robot_4. auto control will be static. Available behaviors: rvo, dash
2026-07-15 16:36 | WARNING  | Behavior not defined for robot_1. auto control will be static. Available behaviors: rvo, dash
2026-07-15 16:36 | WARNING  | Behavior not defined for robot_2. auto control will be static. Available behaviors: rvo, dash
2026-07-15 16:36 | WARNING  | Behavior not defined for robot_3. auto control will be static. Available behaviors: rvo, dash
2026-07-15 16:36 | WARNING  | Behavior not defined for robot_4. auto control will be static. Available behaviors: rvo, dash
  cross_world.yaml              Goal: 10/10  Collision: 0/10  Avg Reward: 104.3
2026-07-15 16:36 | WARNING  | The state dimension 4 of r0 is larger than the desired dimension 3, the state dimension is truncated
2026-07-15 16:36 | INFO     | Simulation environment 'eval_world' started. Step time 0.300 s.
  eval_world.yaml               Goal: 6/10  Collision: 0/10  Avg Reward: 37.5

SAC generalization done.
