Training with SAC on cuda for 60 epochs, reward=harsh
2026-07-14 20:51 | WARNING  | The state dimension 4 of r0 is larger than the desired dimension 3, the state dimension is truncated
2026-07-14 20:51 | INFO     | Simulation environment 'robot_world' started. Step time 0.300 s.
2026-07-14 20:51 | WARNING  | robot_0 collided with obstacle_8 at state [0.17, 1.77, -2.04]
2026-07-14 20:51 | WARNING  | robot_0 collided with obstacle_8 at state [5.11, 9.82, 2.19]
2026-07-14 20:51 | WARNING  | robot_0 collided with obstacle_3 at state [4.53, 5.0, -0.59]
2026-07-14 20:51 | WARNING  | robot_0 collided with obstacle_4 at state [7.07, 3.37, 2.49]
2026-07-14 20:51 | WARNING  | robot_0 collided with obstacle_7 at state [4.89, 6.65, 1.4]
2026-07-14 20:51 | WARNING  | robot_0 collided with obstacle_8 at state [0.2, 1.27, 1.67]
2026-07-14 20:51 | WARNING  | robot_0 collided with obstacle_8 at state [7.61, 0.17, -1.87]
2026-07-14 20:51 | WARNING  | robot_0 collided with obstacle_8 at state [9.84, 3.51, -0.07]
2026-07-14 20:51 | WARNING  | robot_0 collided with obstacle_1 at state [6.36, 7.34, -1.43]
2026-07-14 20:51 | WARNING  | robot_0 collided with obstacle_8 at state [4.49, 9.81, 1.44]
2026-07-14 20:52 | WARNING  | robot_0 collided with obstacle_2 at state [4.99, 6.93, -0.88]
2026-07-14 20:52 | WARNING  | robot_0 collided with obstacle_8 at state [5.35, 0.19, -2.03]
2026-07-14 20:52 | WARNING  | robot_0 collided with obstacle_8 at state [9.82, 4.23, -0.42]
2026-07-14 20:52 | WARNING  | robot_0 collided with obstacle_4 at state [5.55, 1.62, 0.25]
2026-07-14 20:52 | WARNING  | robot_0 collided with obstacle_8 at state [9.07, 9.82, 0.96]
2026-07-14 20:52 | WARNING  | robot_0 collided with obstacle_8 at state [4.94, 0.17, -1.53]
2026-07-14 20:52 | WARNING  | robot_0 collided with obstacle_8 at state [1.86, 9.84, 1.69]
2026-07-14 20:52 | WARNING  | robot_0 collided with obstacle_1 at state [7.6, 4.24, 1.27]
2026-07-14 20:52 | WARNING  | robot_0 collided with obstacle_4 at state [2.87, 6.51, 1.48]
2026-07-14 20:52 | WARNING  | robot_0 collided with obstacle_8 at state [3.82, 0.19, -1.46]
2026-07-14 20:52 | WARNING  | robot_0 collided with obstacle_8 at state [7.06, 9.8, 1.85]
2026-07-14 20:52 | WARNING  | robot_0 collided with obstacle_5 at state [4.53, 5.2, -2.33]
2026-07-14 20:52 | WARNING  | robot_0 collided with obstacle_8 at state [0.19, 4.7, -2.86]
2026-07-14 20:52 | WARNING  | robot_0 collided with obstacle_2 at state [7.75, 8.19, 1.87]
2026-07-14 20:52 | WARNING  | robot_0 collided with obstacle_6 at state [4.08, 4.14, -0.3]
2026-07-14 20:52 | WARNING  | robot_0 collided with obstacle_8 at state [0.2, 7.98, -2.44]
2026-07-14 20:52 | WARNING  | robot_0 collided with obstacle_5 at state [5.14, 5.03, -1.19]
2026-07-14 20:52 | WARNING  | robot_0 collided with obstacle_8 at state [6.16, 0.17, -1.3]
2026-07-14 20:52 | WARNING  | robot_0 collided with obstacle_5 at state [7.85, 2.96, -0.37]
2026-07-14 20:52 | WARNING  | robot_0 collided with obstacle_3 at state [3.45, 7.84, -0.03]
2026-07-14 20:52 | WARNING  | robot_0 collided with obstacle_3 at state [2.42, 4.97, -1.41]
2026-07-14 20:52 | WARNING  | robot_0 collided with obstacle_1 at state [4.55, 7.81, 1.37]
2026-07-14 20:52 | WARNING  | robot_0 collided with obstacle_8 at state [3.39, 0.18, -1.55]
2026-07-14 20:52 | WARNING  | robot_0 collided with obstacle_6 at state [7.83, 4.86, -1.86]
2026-07-14 20:52 | WARNING  | robot_0 collided with obstacle_7 at state [5.12, 3.31, -0.18]
2026-07-14 20:52 | WARNING  | robot_0 collided with obstacle_2 at state [4.34, 6.11, -0.75]
2026-07-14 20:52 | WARNING  | robot_0 collided with obstacle_3 at state [7.12, 2.45, -2.41]
2026-07-14 20:52 | WARNING  | robot_0 collided with obstacle_6 at state [5.19, 8.79, -2.91]
2026-07-14 20:52 | WARNING  | robot_0 collided with obstacle_8 at state [0.19, 1.13, -2.9]
2026-07-14 20:53 | WARNING  | robot_0 collided with obstacle_1 at state [7.21, 2.64, -0.3]
2026-07-14 20:53 | WARNING  | robot_0 collided with obstacle_1 at state [2.36, 5.56, 0.38]
2026-07-14 20:53 | WARNING  | robot_0 collided with obstacle_8 at state [8.42, 0.19, -1.35]
2026-07-14 20:53 | WARNING  | robot_0 collided with obstacle_1 at state [7.69, 4.1, -0.84]
2026-07-14 20:53 | WARNING  | robot_0 collided with obstacle_7 at state [0.53, 1.61, 2.27]
2026-07-14 20:53 | WARNING  | robot_0 collided with obstacle_2 at state [5.91, 3.24, -2.73]
2026-07-14 20:53 | WARNING  | robot_0 collided with obstacle_8 at state [9.82, 5.42, 0.2]
2026-07-14 20:53 | WARNING  | robot_0 collided with obstacle_4 at state [5.11, 7.81, -2.93]
2026-07-14 20:53 | WARNING  | robot_0 collided with obstacle_7 at state [7.81, 1.07, -2.39]
2026-07-14 20:53 | WARNING  | robot_0 collided with obstacle_8 at state [3.92, 9.82, 1.64]
2026-07-14 20:53 | WARNING  | robot_0 collided with obstacle_7 at state [8.44, 6.94, 0.49]
2026-07-14 20:53 | WARNING  | robot_0 collided with obstacle_8 at state [9.82, 8.6, 0.31]
2026-07-14 20:53 | WARNING  | robot_0 collided with obstacle_1 at state [3.21, 6.8, 0.06]
2026-07-14 20:53 | WARNING  | robot_0 collided with obstacle_5 at state [7.79, 2.29, -0.67]
2026-07-14 20:54 | WARNING  | robot_0 collided with obstacle_8 at state [9.82, 4.14, 0.16]
2026-07-14 20:54 | WARNING  | robot_0 collided with obstacle_8 at state [9.81, 6.97, 0.09]
2026-07-14 20:54 | WARNING  | robot_0 collided with obstacle_4 at state [8.33, 7.5, -0.38]
2026-07-14 20:54 | WARNING  | robot_0 collided with obstacle_8 at state [9.8, 8.04, -0.13]
2026-07-14 20:54 | WARNING  | robot_0 collided with obstacle_4 at state [1.22, 5.86, 0.3]
2026-07-14 20:54 | WARNING  | robot_0 collided with obstacle_5 at state [2.53, 3.86, 1.32]
..............................................
Epoch 1. Evaluating scenarios
2026-07-14 20:54 | WARNING  | robot_0 collided with obstacle_8 at state [6.21, 9.8, 1.17]
2026-07-14 20:54 | WARNING  | robot_0 collided with obstacle_2 at state [3.43, 2.85, -2.4]
2026-07-14 20:55 | WARNING  | robot_0 collided with obstacle_2 at state [5.27, 4.02, -2.83]
2026-07-14 20:55 | WARNING  | robot_0 collided with obstacle_1 at state [4.44, 4.87, -0.9]
Average Reward: -174.19264617760874
Average Collision rate: 0.4
Average Goal rate: 0.1
..............................................
2026-07-14 20:55 | WARNING  | robot_0 collided with obstacle_7 at state [3.4, 2.43, -1.85]
2026-07-14 20:55 | WARNING  | robot_0 collided with obstacle_5 at state [3.89, 1.97, 3.14]
2026-07-14 20:55 | WARNING  | robot_0 collided with obstacle_5 at state [8.39, 8.51, -0.75]
2026-07-14 20:55 | WARNING  | robot_0 collided with obstacle_5 at state [6.23, 3.23, -1.15]
2026-07-14 20:55 | WARNING  | robot_0 collided with obstacle_6 at state [3.06, 1.71, -2.36]
2026-07-14 20:55 | WARNING  | robot_0 collided with obstacle_1 at state [7.02, 7.81, 0.0]
2026-07-14 20:55 | WARNING  | robot_0 collided with obstacle_4 at state [2.24, 4.82, 0.62]
2026-07-14 20:56 | WARNING  | robot_0 collided with obstacle_4 at state [8.77, 3.46, -1.94]
2026-07-14 20:56 | WARNING  | robot_0 collided with obstacle_4 at state [7.16, 8.18, 1.41]
2026-07-14 20:56 | WARNING  | robot_0 collided with obstacle_1 at state [6.16, 2.41, -1.38]
2026-07-14 20:56 | WARNING  | robot_0 collided with obstacle_2 at state [8.51, 5.02, 1.4]
2026-07-14 20:57 | WARNING  | robot_0 collided with obstacle_4 at state [7.54, 5.93, 0.47]
2026-07-14 20:57 | WARNING  | robot_0 collided with obstacle_1 at state [4.17, 6.14, 0.18]
2026-07-14 20:57 | WARNING  | robot_0 collided with obstacle_4 at state [5.22, 8.51, -1.97]
2026-07-14 20:57 | WARNING  | robot_0 collided with obstacle_1 at state [3.14, 3.3, 1.06]
2026-07-14 20:58 | WARNING  | robot_0 collided with obstacle_3 at state [7.77, 4.28, -1.57]
2026-07-14 20:58 | WARNING  | robot_0 collided with obstacle_4 at state [3.72, 3.15, -1.06]
2026-07-14 20:59 | WARNING  | robot_0 collided with obstacle_4 at state [7.35, 5.45, -0.36]
2026-07-14 20:59 | WARNING  | robot_0 collided with obstacle_7 at state [3.52, 4.93, 0.88]
2026-07-14 20:59 | WARNING  | robot_0 collided with obstacle_3 at state [2.62, 1.72, -1.93]
..............................................
Epoch 2. Evaluating scenarios
2026-07-14 21:00 | WARNING  | robot_0 collided with obstacle_4 at state [4.39, 8.94, -0.02]
2026-07-14 21:00 | WARNING  | robot_0 collided with obstacle_3 at state [3.24, 6.39, -1.82]
2026-07-14 21:00 | WARNING  | robot_0 collided with obstacle_1 at state [4.6, 7.58, 0.22]
2026-07-14 21:00 | WARNING  | robot_0 collided with obstacle_4 at state [5.09, 7.68, -0.78]
2026-07-14 21:00 | WARNING  | robot_0 collided with obstacle_3 at state [6.33, 4.21, 0.17]
Average Reward: -184.14692012261597
Average Collision rate: 0.5
Average Goal rate: 0.0
..............................................
2026-07-14 21:00 | WARNING  | robot_0 collided with obstacle_2 at state [5.7, 4.02, -0.46]
2026-07-14 21:00 | WARNING  | robot_0 collided with obstacle_2 at state [7.14, 5.45, 1.11]
2026-07-14 21:01 | WARNING  | robot_0 collided with obstacle_4 at state [1.71, 6.63, -0.1]
2026-07-14 21:01 | WARNING  | robot_0 collided with obstacle_2 at state [5.16, 1.71, -1.23]
2026-07-14 21:01 | WARNING  | robot_0 collided with obstacle_2 at state [7.75, 6.77, -2.02]
2026-07-14 21:01 | WARNING  | robot_0 collided with obstacle_3 at state [7.6, 5.62, 1.41]
2026-07-14 21:02 | WARNING  | robot_0 collided with obstacle_3 at state [1.07, 5.52, -1.35]
2026-07-14 21:02 | WARNING  | robot_0 collided with obstacle_4 at state [5.78, 8.88, -0.28]
2026-07-14 21:02 | WARNING  | robot_0 collided with obstacle_8 at state [9.63, 9.8, 0.07]
2026-07-14 21:02 | WARNING  | robot_0 collided with obstacle_8 at state [5.6, 0.19, -2.89]
2026-07-14 21:02 | WARNING  | robot_0 collided with obstacle_4 at state [7.34, 2.74, 1.0]
2026-07-14 21:02 | WARNING  | robot_0 collided with obstacle_3 at state [7.25, 7.69, 1.23]
2026-07-14 21:02 | WARNING  | robot_0 collided with obstacle_5 at state [1.64, 6.97, -2.37]
2026-07-14 21:02 | WARNING  | robot_0 collided with obstacle_6 at state [8.9, 7.4, 0.96]
2026-07-14 21:02 | WARNING  | robot_0 collided with obstacle_7 at state [6.85, 8.14, 2.25]
2026-07-14 21:02 | WARNING  | robot_0 collided with obstacle_3 at state [5.84, 7.72, -1.25]
2026-07-14 21:03 | WARNING  | robot_0 collided with obstacle_3 at state [5.76, 6.45, 1.09]
2026-07-14 21:03 | WARNING  | robot_0 collided with obstacle_1 at state [3.09, 7.36, -0.23]
2026-07-14 21:03 | WARNING  | robot_0 collided with obstacle_2 at state [6.05, 6.07, 1.01]
2026-07-14 21:03 | WARNING  | robot_0 collided with obstacle_3 at state [1.94, 8.66, -0.65]
2026-07-14 21:03 | WARNING  | robot_0 collided with obstacle_2 at state [7.04, 4.31, 0.59]
2026-07-14 21:03 | WARNING  | robot_0 collided with obstacle_4 at state [4.83, 4.79, -1.39]
2026-07-14 21:03 | WARNING  | robot_0 collided with obstacle_7 at state [6.6, 6.4, -1.34]
2026-07-14 21:03 | WARNING  | robot_0 collided with obstacle_4 at state [1.89, 5.41, -0.29]
2026-07-14 21:04 | WARNING  | robot_0 collided with obstacle_3 at state [8.87, 2.09, -2.98]
2026-07-14 21:04 | WARNING  | robot_0 collided with obstacle_3 at state [6.8, 8.09, -0.54]
2026-07-14 21:04 | WARNING  | robot_0 collided with obstacle_4 at state [7.41, 8.29, 0.3]
2026-07-14 21:04 | WARNING  | robot_0 collided with obstacle_5 at state [3.46, 7.74, 0.01]
..............................................
Epoch 3. Evaluating scenarios
2026-07-14 21:04 | WARNING  | robot_0 collided with obstacle_5 at state [4.92, 4.94, -1.66]
2026-07-14 21:05 | WARNING  | robot_0 collided with obstacle_2 at state [7.78, 6.88, -1.27]
2026-07-14 21:05 | WARNING  | robot_0 collided with obstacle_5 at state [5.52, 4.74, -2.82]
2026-07-14 21:05 | WARNING  | robot_0 collided with obstacle_3 at state [2.13, 4.2, -2.33]
Average Reward: -268.99587534494657
Average Collision rate: 0.4
Average Goal rate: 0.0
..............................................
2026-07-14 21:06 | WARNING  | robot_0 collided with obstacle_7 at state [8.04, 6.07, 2.48]
2026-07-14 21:06 | WARNING  | robot_0 collided with obstacle_1 at state [1.48, 6.26, -2.56]
2026-07-14 21:06 | WARNING  | robot_0 collided with obstacle_3 at state [7.2, 8.02, 1.71]
2026-07-14 21:06 | WARNING  | robot_0 collided with obstacle_5 at state [6.6, 5.62, 2.88]
2026-07-14 21:06 | WARNING  | robot_0 collided with obstacle_2 at state [5.1, 2.57, 1.7]
2026-07-14 21:06 | WARNING  | robot_0 collided with obstacle_1 at state [3.25, 2.12, -1.59]
2026-07-14 21:06 | WARNING  | robot_0 collided with obstacle_4 at state [6.66, 3.45, -2.79]
2026-07-14 21:06 | WARNING  | robot_0 collided with obstacle_7 at state [4.26, 8.58, -0.3]
2026-07-14 21:06 | WARNING  | robot_0 collided with obstacle_1 at state [4.68, 5.42, -3.07]
2026-07-14 21:06 | WARNING  | robot_0 collided with obstacle_1 at state [8.51, 8.5, 0.9]
2026-07-14 21:06 | WARNING  | robot_0 collided with obstacle_4 at state [6.57, 3.7, 2.68]
2026-07-14 21:07 | WARNING  | robot_0 collided with obstacle_3 at state [6.24, 3.37, -1.79]
2026-07-14 21:07 | WARNING  | robot_0 collided with obstacle_6 at state [3.52, 4.86, 0.56]
2026-07-14 21:07 | WARNING  | robot_0 collided with obstacle_1 at state [1.53, 3.58, -0.38]
2026-07-14 21:08 | WARNING  | robot_0 collided with obstacle_5 at state [8.94, 4.07, -2.9]
2026-07-14 21:08 | WARNING  | robot_0 collided with obstacle_2 at state [7.81, 6.96, 0.47]
2026-07-14 21:08 | WARNING  | robot_0 collided with obstacle_8 at state [9.8, 0.62, -1.55]
2026-07-14 21:08 | WARNING  | robot_0 collided with obstacle_6 at state [7.39, 8.24, -0.54]
2026-07-14 21:08 | WARNING  | robot_0 collided with obstacle_6 at state [4.87, 4.4, -2.32]
2026-07-14 21:08 | WARNING  | robot_0 collided with obstacle_4 at state [5.89, 6.86, -1.63]
2026-07-14 21:08 | WARNING  | robot_0 collided with obstacle_7 at state [2.98, 1.05, -1.26]
2026-07-14 21:08 | WARNING  | robot_0 collided with obstacle_2 at state [5.16, 5.75, -1.96]
2026-07-14 21:08 | WARNING  | robot_0 collided with obstacle_4 at state [1.69, 7.8, -2.77]
2026-07-14 21:08 | WARNING  | robot_0 collided with obstacle_7 at state [8.54, 3.81, 0.63]
2026-07-14 21:08 | WARNING  | robot_0 collided with obstacle_1 at state [7.42, 8.34, -1.03]
2026-07-14 21:08 | WARNING  | robot_0 collided with obstacle_4 at state [2.96, 6.98, -0.6]
2026-07-14 21:08 | WARNING  | robot_0 collided with obstacle_1 at state [1.12, 4.52, -1.22]
2026-07-14 21:09 | WARNING  | robot_0 collided with obstacle_4 at state [6.83, 3.05, -2.62]
2026-07-14 21:09 | WARNING  | robot_0 collided with obstacle_1 at state [9.24, 1.26, -0.78]
2026-07-14 21:09 | WARNING  | robot_0 collided with obstacle_3 at state [8.77, 0.64, 3.03]
2026-07-14 21:09 | WARNING  | robot_0 collided with obstacle_4 at state [5.52, 3.23, -1.76]
2026-07-14 21:09 | WARNING  | robot_0 collided with obstacle_4 at state [8.62, 5.16, -2.12]
2026-07-14 21:09 | WARNING  | robot_0 collided with obstacle_6 at state [8.52, 1.31, -0.83]
..............................................
Epoch 4. Evaluating scenarios
2026-07-14 21:10 | WARNING  | robot_0 collided with obstacle_5 at state [5.59, 5.07, 1.76]
2026-07-14 21:10 | WARNING  | robot_0 collided with obstacle_4 at state [1.32, 4.54, 0.26]
2026-07-14 21:10 | WARNING  | robot_0 collided with obstacle_1 at state [2.37, 2.93, -0.81]
2026-07-14 21:10 | WARNING  | robot_0 collided with obstacle_7 at state [6.96, 4.75, -2.97]
Average Reward: -249.33608454792116
Average Collision rate: 0.4
Average Goal rate: 0.1
..............................................
2026-07-14 21:10 | WARNING  | robot_0 collided with obstacle_3 at state [5.87, 5.34, -0.12]
2026-07-14 21:10 | WARNING  | robot_0 collided with obstacle_6 at state [0.92, 6.9, -2.65]
2026-07-14 21:11 | WARNING  | robot_0 collided with obstacle_6 at state [9.14, 6.98, 0.67]
2026-07-14 21:11 | WARNING  | robot_0 collided with obstacle_2 at state [6.86, 1.53, -0.04]
2026-07-14 21:11 | WARNING  | robot_0 collided with obstacle_4 at state [7.59, 6.19, 0.36]
2026-07-14 21:11 | WARNING  | robot_0 collided with obstacle_1 at state [5.29, 8.27, -1.45]
2026-07-14 21:11 | WARNING  | robot_0 collided with obstacle_4 at state [6.24, 6.68, -1.74]
2026-07-14 21:11 | WARNING  | robot_0 collided with obstacle_1 at state [6.72, 6.68, 0.65]
2026-07-14 21:11 | WARNING  | robot_0 collided with obstacle_5 at state [9.59, 3.46, -2.32]
2026-07-14 21:11 | WARNING  | robot_0 collided with obstacle_4 at state [8.76, 5.29, 0.46]
2026-07-14 21:11 | WARNING  | robot_0 collided with obstacle_6 at state [1.83, 3.51, -2.04]
2026-07-14 21:11 | WARNING  | robot_0 collided with obstacle_7 at state [7.04, 1.97, 0.75]
2026-07-14 21:11 | WARNING  | robot_0 collided with obstacle_2 at state [7.02, 7.14, -0.08]
2026-07-14 21:12 | WARNING  | robot_0 collided with obstacle_6 at state [8.43, 1.12, -2.42]
2026-07-14 21:12 | WARNING  | robot_0 collided with obstacle_5 at state [1.87, 6.07, -1.46]
2026-07-14 21:12 | WARNING  | robot_0 collided with obstacle_3 at state [5.45, 7.66, 1.1]
2026-07-14 21:13 | WARNING  | robot_0 collided with obstacle_6 at state [1.61, 1.99, 3.05]
2026-07-14 21:13 | WARNING  | robot_0 collided with obstacle_3 at state [5.92, 4.04, -2.25]
2026-07-14 21:13 | WARNING  | robot_0 collided with obstacle_4 at state [2.37, 4.79, 2.18]
2026-07-14 21:13 | WARNING  | robot_0 collided with obstacle_1 at state [3.69, 3.92, -1.06]
2026-07-14 21:13 | WARNING  | robot_0 collided with obstacle_7 at state [7.87, 4.52, 2.67]
2026-07-14 21:13 | WARNING  | robot_0 collided with obstacle_1 at state [4.14, 6.36, 1.6]
2026-07-14 21:13 | WARNING  | robot_0 collided with obstacle_1 at state [2.66, 8.41, -2.19]
2026-07-14 21:13 | WARNING  | robot_0 collided with obstacle_5 at state [6.58, 7.87, -1.34]
2026-07-14 21:13 | WARNING  | robot_0 collided with obstacle_1 at state [8.77, 6.71, 0.71]
2026-07-14 21:13 | WARNING  | robot_0 collided with obstacle_7 at state [8.19, 2.95, 1.47]
2026-07-14 21:13 | WARNING  | robot_0 collided with obstacle_6 at state [4.87, 5.77, 1.41]
2026-07-14 21:14 | WARNING  | robot_0 collided with obstacle_7 at state [6.41, 2.51, -1.61]
2026-07-14 21:14 | WARNING  | robot_0 collided with obstacle_3 at state [6.03, 2.62, -1.32]
2026-07-14 21:14 | WARNING  | robot_0 collided with obstacle_7 at state [3.41, 1.44, 0.17]
..............................................
Epoch 5. Evaluating scenarios
2026-07-14 21:15 | WARNING  | robot_0 collided with obstacle_3 at state [3.14, 5.13, -1.2]
Average Reward: -194.0025823450373
Average Collision rate: 0.1
Average Goal rate: 0.0
..............................................
2026-07-14 21:15 | WARNING  | robot_0 collided with obstacle_6 at state [4.63, 6.47, -0.42]
2026-07-14 21:16 | WARNING  | robot_0 collided with obstacle_7 at state [5.63, 3.55, 1.91]
2026-07-14 21:16 | WARNING  | robot_0 collided with obstacle_6 at state [7.96, 1.7, -2.3]
2026-07-14 21:16 | WARNING  | robot_0 collided with obstacle_2 at state [8.84, 4.97, -0.01]
2026-07-14 21:17 | WARNING  | robot_0 collided with obstacle_4 at state [8.09, 8.01, -2.86]
2026-07-14 21:17 | WARNING  | robot_0 collided with obstacle_3 at state [6.7, 0.95, 2.43]
2026-07-14 21:17 | WARNING  | robot_0 collided with obstacle_3 at state [4.42, 2.18, 2.62]
2026-07-14 21:17 | WARNING  | robot_0 collided with obstacle_3 at state [9.01, 3.61, 0.07]
2026-07-14 21:17 | WARNING  | robot_0 collided with obstacle_4 at state [4.59, 4.27, -1.85]
2026-07-14 21:17 | WARNING  | robot_0 collided with obstacle_3 at state [6.4, 2.8, 0.0]
2026-07-14 21:17 | WARNING  | robot_0 collided with obstacle_2 at state [3.74, 5.76, 0.53]
2026-07-14 21:18 | WARNING  | robot_0 collided with obstacle_6 at state [5.03, 5.01, -1.49]
2026-07-14 21:18 | WARNING  | robot_0 collided with obstacle_1 at state [8.47, 8.26, -2.87]
2026-07-14 21:18 | WARNING  | robot_0 collided with obstacle_3 at state [0.72, 3.16, 0.3]
2026-07-14 21:18 | WARNING  | robot_0 collided with obstacle_3 at state [7.49, 1.12, -0.1]
2026-07-14 21:18 | WARNING  | robot_0 collided with obstacle_1 at state [1.49, 5.87, -2.48]
2026-07-14 21:19 | WARNING  | robot_0 collided with obstacle_6 at state [2.24, 1.75, -2.5]
2026-07-14 21:19 | WARNING  | robot_0 collided with obstacle_2 at state [3.72, 1.46, -0.71]
2026-07-14 21:19 | WARNING  | robot_0 collided with obstacle_4 at state [3.87, 1.95, -2.76]
2026-07-14 21:20 | WARNING  | robot_0 collided with obstacle_2 at state [4.63, 1.0, -1.3]
..............................................
Epoch 6. Evaluating scenarios
2026-07-14 21:20 | WARNING  | robot_0 collided with obstacle_7 at state [5.4, 1.41, -1.37]
2026-07-14 21:20 | WARNING  | robot_0 collided with obstacle_2 at state [4.97, 6.43, 2.89]
2026-07-14 21:20 | WARNING  | robot_0 collided with obstacle_2 at state [9.18, 1.34, 0.06]
Average Reward: -190.8896043526405
Average Collision rate: 0.3
Average Goal rate: 0.1
..............................................
2026-07-14 21:21 | WARNING  | robot_0 collided with obstacle_2 at state [3.4, 4.62, -1.84]
2026-07-14 21:21 | WARNING  | robot_0 collided with obstacle_1 at state [8.59, 2.26, -1.62]
2026-07-14 21:22 | WARNING  | robot_0 collided with obstacle_3 at state [9.18, 5.51, 1.76]
2026-07-14 21:22 | WARNING  | robot_0 collided with obstacle_2 at state [4.86, 5.65, 2.14]
2026-07-14 21:23 | WARNING  | robot_0 collided with obstacle_2 at state [5.32, 5.53, 0.81]
2026-07-14 21:23 | WARNING  | robot_0 collided with obstacle_3 at state [5.69, 5.64, -0.39]
2026-07-14 21:23 | WARNING  | robot_0 collided with obstacle_1 at state [1.73, 2.18, -1.48]
2026-07-14 21:23 | WARNING  | robot_0 collided with obstacle_3 at state [3.44, 1.22, -0.99]
2026-07-14 21:23 | WARNING  | robot_0 collided with obstacle_3 at state [1.38, 4.35, -2.5]
2026-07-14 21:23 | WARNING  | robot_0 collided with obstacle_2 at state [4.04, 0.85, -2.46]
2026-07-14 21:23 | WARNING  | robot_0 collided with obstacle_7 at state [5.3, 7.97, -1.44]
2026-07-14 21:23 | WARNING  | robot_0 collided with obstacle_3 at state [5.0, 8.37, 2.36]
2026-07-14 21:24 | WARNING  | robot_0 collided with obstacle_2 at state [5.3, 6.4, 1.38]
2026-07-14 21:24 | WARNING  | robot_0 collided with obstacle_2 at state [3.92, 1.43, -1.21]
2026-07-14 21:24 | WARNING  | robot_0 collided with obstacle_3 at state [2.55, 1.14, -1.23]
2026-07-14 21:24 | WARNING  | robot_0 collided with obstacle_2 at state [8.17, 3.47, -0.04]
2026-07-14 21:24 | WARNING  | robot_0 collided with obstacle_4 at state [7.3, 9.44, -1.22]
